Archive member included to satisfy reference by file (symbol)

c:/program files (x86)/atmel/studio/7.0/toolchain/avr8/avr8-gnu-toolchain/bin/../lib/gcc/avr/5.4.0/../../../../avr/lib/avrxmega6\libm.a(divsf3.o)
                              4_icdriver/acs37800.o (__divsf3)
c:/program files (x86)/atmel/studio/7.0/toolchain/avr8/avr8-gnu-toolchain/bin/../lib/gcc/avr/5.4.0/../../../../avr/lib/avrxmega6\libm.a(divsf3x.o)
                              c:/program files (x86)/atmel/studio/7.0/toolchain/avr8/avr8-gnu-toolchain/bin/../lib/gcc/avr/5.4.0/../../../../avr/lib/avrxmega6\libm.a(divsf3.o) (__divsf3x)
c:/program files (x86)/atmel/studio/7.0/toolchain/avr8/avr8-gnu-toolchain/bin/../lib/gcc/avr/5.4.0/../../../../avr/lib/avrxmega6\libm.a(fixunssfsi.o)
                              1_highlevel/card_acsb.o (__fixunssfsi)
c:/program files (x86)/atmel/studio/7.0/toolchain/avr8/avr8-gnu-toolchain/bin/../lib/gcc/avr/5.4.0/../../../../avr/lib/avrxmega6\libm.a(floatsisf.o)
                              1_highlevel/card_psu.o (__floatunsisf)
c:/program files (x86)/atmel/studio/7.0/toolchain/avr8/avr8-gnu-toolchain/bin/../lib/gcc/avr/5.4.0/../../../../avr/lib/avrxmega6\libm.a(fp_inf.o)
                              c:/program files (x86)/atmel/studio/7.0/toolchain/avr8/avr8-gnu-toolchain/bin/../lib/gcc/avr/5.4.0/../../../../avr/lib/avrxmega6\libm.a(divsf3x.o) (__fp_inf)
c:/program files (x86)/atmel/studio/7.0/toolchain/avr8/avr8-gnu-toolchain/bin/../lib/gcc/avr/5.4.0/../../../../avr/lib/avrxmega6\libm.a(fp_nan.o)
                              c:/program files (x86)/atmel/studio/7.0/toolchain/avr8/avr8-gnu-toolchain/bin/../lib/gcc/avr/5.4.0/../../../../avr/lib/avrxmega6\libm.a(divsf3x.o) (__fp_nan)
c:/program files (x86)/atmel/studio/7.0/toolchain/avr8/avr8-gnu-toolchain/bin/../lib/gcc/avr/5.4.0/../../../../avr/lib/avrxmega6\libm.a(fp_pscA.o)
                              c:/program files (x86)/atmel/studio/7.0/toolchain/avr8/avr8-gnu-toolchain/bin/../lib/gcc/avr/5.4.0/../../../../avr/lib/avrxmega6\libm.a(divsf3x.o) (__fp_pscA)
c:/program files (x86)/atmel/studio/7.0/toolchain/avr8/avr8-gnu-toolchain/bin/../lib/gcc/avr/5.4.0/../../../../avr/lib/avrxmega6\libm.a(fp_pscB.o)
                              c:/program files (x86)/atmel/studio/7.0/toolchain/avr8/avr8-gnu-toolchain/bin/../lib/gcc/avr/5.4.0/../../../../avr/lib/avrxmega6\libm.a(divsf3x.o) (__fp_pscB)
c:/program files (x86)/atmel/studio/7.0/toolchain/avr8/avr8-gnu-toolchain/bin/../lib/gcc/avr/5.4.0/../../../../avr/lib/avrxmega6\libm.a(fp_round.o)
                              c:/program files (x86)/atmel/studio/7.0/toolchain/avr8/avr8-gnu-toolchain/bin/../lib/gcc/avr/5.4.0/../../../../avr/lib/avrxmega6\libm.a(divsf3.o) (__fp_round)
c:/program files (x86)/atmel/studio/7.0/toolchain/avr8/avr8-gnu-toolchain/bin/../lib/gcc/avr/5.4.0/../../../../avr/lib/avrxmega6\libm.a(fp_split3.o)
                              c:/program files (x86)/atmel/studio/7.0/toolchain/avr8/avr8-gnu-toolchain/bin/../lib/gcc/avr/5.4.0/../../../../avr/lib/avrxmega6\libm.a(divsf3x.o) (__fp_split3)
c:/program files (x86)/atmel/studio/7.0/toolchain/avr8/avr8-gnu-toolchain/bin/../lib/gcc/avr/5.4.0/../../../../avr/lib/avrxmega6\libm.a(fp_zero.o)
                              c:/program files (x86)/atmel/studio/7.0/toolchain/avr8/avr8-gnu-toolchain/bin/../lib/gcc/avr/5.4.0/../../../../avr/lib/avrxmega6\libm.a(fixunssfsi.o) (__fp_zero)
c:/program files (x86)/atmel/studio/7.0/toolchain/avr8/avr8-gnu-toolchain/bin/../lib/gcc/avr/5.4.0/../../../../avr/lib/avrxmega6\libm.a(mulsf3.o)
                              1_highlevel/card_acsb.o (__mulsf3)
c:/program files (x86)/atmel/studio/7.0/toolchain/avr8/avr8-gnu-toolchain/bin/../lib/gcc/avr/5.4.0/../../../../avr/lib/avrxmega6\libm.a(mulsf3x.o)
                              c:/program files (x86)/atmel/studio/7.0/toolchain/avr8/avr8-gnu-toolchain/bin/../lib/gcc/avr/5.4.0/../../../../avr/lib/avrxmega6\libm.a(mulsf3.o) (__mulsf3x)
c:/program files (x86)/atmel/studio/7.0/toolchain/avr8/avr8-gnu-toolchain/bin/../lib/gcc/avr/5.4.0/../../../../avr/lib/avrxmega6\libm.a(round.o)
                              1_highlevel/card_acsb.o (round)
c:/program files (x86)/atmel/studio/7.0/toolchain/avr8/avr8-gnu-toolchain/bin/../lib/gcc/avr/5.4.0/../../../../avr/lib/avrxmega6\libm.a(fp_mintl.o)
                              c:/program files (x86)/atmel/studio/7.0/toolchain/avr8/avr8-gnu-toolchain/bin/../lib/gcc/avr/5.4.0/../../../../avr/lib/avrxmega6\libm.a(round.o) (__fp_mintl)
c:/program files (x86)/atmel/studio/7.0/toolchain/avr8/avr8-gnu-toolchain/bin/../lib/gcc/avr/5.4.0/../../../../avr/lib/avrxmega6\libm.a(fp_mpack.o)
                              c:/program files (x86)/atmel/studio/7.0/toolchain/avr8/avr8-gnu-toolchain/bin/../lib/gcc/avr/5.4.0/../../../../avr/lib/avrxmega6\libm.a(round.o) (__fp_mpack)
c:/program files (x86)/atmel/studio/7.0/toolchain/avr8/avr8-gnu-toolchain/bin/../lib/gcc/avr/5.4.0/avrxmega6\libgcc.a(_mulsi3.o)
[...]
Memory Configuration

Name             Origin             Length             Attributes
text             0x00000000         0x00062000         xr
data             0x00802000         0x00008000         rw !x
eeprom           0x00810000         0x00001000         rw !x
fuse             0x00820000         0x00000006         rw !x
lock             0x00830000         0x00000400         rw !x
signature        0x00840000         0x00000400         rw !x
user_signatures  0x00850000         0x00000400         rw !x
*default*        0x00000000         0xffffffff

Linker script and memory map

LOAD C:/Program Files (x86)/Atmel/Studio/7.0/Packs/Atmel/XMEGAC_DFP/1.2.112/gcc/dev/atxmega384c3/avrxmega6/crtatxmega384c3.o
LOAD 1_highlevel/bus.o
LOAD 1_highlevel/card_acsb.o
LOAD 1_highlevel/card_anin.o
LOAD 1_highlevel/card_mcu.o
LOAD 1_highlevel/card_pmux.o
LOAD 1_highlevel/card_proto.o
LOAD 1_highlevel/card_psu.o
LOAD 1_highlevel/setup.o
LOAD 1_highlevel/shell_cmd.o
LOAD 2_midlevel/bootcmd.o
LOAD 2_midlevel/ff.o
LOAD 2_midlevel/file_modem.o
LOAD 2_midlevel/flashcache.o
LOAD 2_midlevel/gshell.o
LOAD 2_midlevel/mem-check.o
LOAD 2_midlevel/qdec.o
LOAD 2_midlevel/RA8876Helper.o
LOAD 3_lowlevel/gesiFramework.o
LOAD 3_lowlevel/hwSPI.o
LOAD 3_lowlevel/twi_master_driver.o
LOAD 3_lowlevel/uart.o
LOAD 3_lowlevel/uartSPI.o
LOAD 4_icdriver/acs37800.o
LOAD 4_icdriver/adg725.o
LOAD 4_icdriver/ads1018.o
LOAD 4_icdriver/max14915.o
LOAD 4_icdriver/max22190.o
LOAD 4_icdriver/mcp23.o
LOAD 4_icdriver/mcp48.o
LOAD 4_icdriver/powershift.o
LOAD 4_icdriver/RA8876.o
LOAD 4_icdriver/RA8876_cursors.o
LOAD 4_icdriver/rtc_rv3028.o
LOAD 4_icdriver/spiflash.o
LOAD 4_icdriver/touch.o
LOAD 5_ugui/ugui.o
LOAD 5_ugui/ugui_button.o
LOAD 5_ugui/ugui_checkbox.o
LOAD 5_ugui/ugui_fatfsImage.o
LOAD 5_ugui/ugui_image.o
LOAD 5_ugui/ugui_listbox.o
LOAD 5_ugui/ugui_progress.o
LOAD 5_ugui/ugui_textbox.o
LOAD gui.o
LOAD main.o
START GROUP
LOAD c:/program files (x86)/atmel/studio/7.0/toolchain/avr8/avr8-gnu-toolchain/bin/../lib/gcc/avr/5.4.0/../../../../avr/lib/avrxmega6\libm.a
END GROUP
START GROUP
LOAD c:/program files (x86)/atmel/studio/7.0/toolchain/avr8/avr8-gnu-toolchain/bin/../lib/gcc/avr/5.4.0/avrxmega6\libgcc.a
LOAD c:/program files (x86)/atmel/studio/7.0/toolchain/avr8/avr8-gnu-toolchain/bin/../lib/gcc/avr/5.4.0/../../../../avr/lib/avrxmega6\libm.a
LOAD c:/program files (x86)/atmel/studio/7.0/toolchain/avr8/avr8-gnu-toolchain/bin/../lib/gcc/avr/5.4.0/../../../../avr/lib/avrxmega6\libc.a
LOAD C:/Program Files (x86)/Atmel/Studio/7.0/Packs/Atmel/XMEGAC_DFP/1.2.112/gcc/dev/atxmega384c3/avrxmega6\libatxmega384c3.a
END GROUP
                [0x00000000]                __TEXT_REGION_ORIGIN__ = DEFINED (__TEXT_REGION_ORIGIN__)?__TEXT_REGION_ORIGIN__:0x0
                [0x00802000]                __DATA_REGION_ORIGIN__ = DEFINED (__DATA_REGION_ORIGIN__)?__DATA_REGION_ORIGIN__:0x802000
                [0x00062000]                __TEXT_REGION_LENGTH__ = DEFINED (__TEXT_REGION_LENGTH__)?__TEXT_REGION_LENGTH__:0x100000
                [0x00008000]                __DATA_REGION_LENGTH__ = DEFINED (__DATA_REGION_LENGTH__)?__DATA_REGION_LENGTH__:0xffa0
                [0x00001000]                __EEPROM_REGION_LENGTH__ = DEFINED (__EEPROM_REGION_LENGTH__)?__EEPROM_REGION_LENGTH__:0x10000
                [0x00000006]                __FUSE_REGION_LENGTH__ = DEFINED (__FUSE_REGION_LENGTH__)?__FUSE_REGION_LENGTH__:0x400
                0x00000400                __LOCK_REGION_LENGTH__ = DEFINED (__LOCK_REGION_LENGTH__)?__LOCK_REGION_LENGTH__:0x400
                0x00000400                __SIGNATURE_REGION_LENGTH__ = DEFINED (__SIGNATURE_REGION_LENGTH__)?__SIGNATURE_REGION_LENGTH__:0x400
                0x00000400                __USER_SIGNATURE_REGION_LENGTH__ = DEFINED (__USER_SIGNATURE_REGION_LENGTH__)?__USER_SIGNATURE_REGION_LENGTH__:0x400

.hash
 *(.hash)

.dynsym
 *(.dynsym)

.dynstr
 *(.dynstr)

.gnu.version
 *(.gnu.version)

.gnu.version_d
 *(.gnu.version_d)

.gnu.version_r
 *(.gnu.version_r)

.rel.init
 *(.rel.init)

.rela.init
 *(.rela.init)

.rel.text
 *(.rel.text)
 *(.rel.text.*)
 *(.rel.gnu.linkonce.t*)

.rela.text
 *(.rela.text)
 *(.rela.text.*)
 *(.rela.gnu.linkonce.t*)

.rel.fini
 *(.rel.fini)

.rela.fini
 *(.rela.fini)

.rel.rodata
 *(.rel.rodata)
 *(.rel.rodata.*)
 *(.rel.gnu.linkonce.r*)

.rela.rodata
 *(.rela.rodata)
 *(.rela.rodata.*)
 *(.rela.gnu.linkonce.r*)

.rel.data
 *(.rel.data)
 *(.rel.data.*)
 *(.rel.gnu.linkonce.d*)

.rela.data
 *(.rela.data)
 *(.rela.data.*)
 *(.rela.gnu.linkonce.d*)

.rel.ctors
 *(.rel.ctors)

.rela.ctors
 *(.rela.ctors)

.rel.dtors
 *(.rel.dtors)

.rela.dtors
 *(.rela.dtors)

.rel.got
 *(.rel.got)

.rela.got
 *(.rela.got)

.rel.bss
 *(.rel.bss)

.rela.bss
 *(.rela.bss)

.rel.plt
 *(.rel.plt)

.rela.plt
 *(.rela.plt)

.text           0x00000000    0x30e4c
 *(.vectors)
 .vectors       0x00000000      0x1fc C:/Program Files (x86)/Atmel/Studio/7.0/Packs/Atmel/XMEGAC_DFP/1.2.112/gcc/dev/atxmega384c3/avrxmega6/crtatxmega384c3.o
                0x00000000                __vector_default
                0x00000000                __vectors
 *(.vectors)
 *(.progmem.gcc*)
 .progmem.gcc_sw_table.cli_cmd_fatfs
                0x000001fc       0x2e 1_highlevel/shell_cmd.o
 .progmem.gcc_sw_table._UG_PutChar
                0x0000022a       0x9a 5_ugui/ugui.o
 .progmem.gcc_sw_table.gui_process
                0x000002c4       0x10 gui.o
 .progmem.gcc_sw_table._conTestStateMachine
                0x000002d4       0x10 main.o
 .progmem.gcc_sw_table.stateMachine_contacts
                0x000002e4       0x16 main.o
 .progmem.gcc_sw_table.stateMachine
                0x000002fa       0x82 main.o
                0x0000037c                . = ALIGN (0x2)
                0x0000037c                __trampolines_start = .
 *(.trampolines)
 .trampolines   0x0000037c      0x1c8 linker stubs
 *(.trampolines*)
                0x00000544                __trampolines_end = .
 *libprintf_flt.a:*(.progmem.data)
 *libc.a:*(.progmem.data)
 .progmem.data  0x00000544       0xfa c:/program files (x86)/atmel/studio/7.0/toolchain/avr8/avr8-gnu-toolchain/bin/../lib/gcc/avr/5.4.0/../../../../avr/lib/avrxmega6\libc.a(ftoa_engine.o)
 *(.progmem*)
 .progmemx.data.__fc.7264
                0x0000063e       0x27 1_highlevel/card_mcu.o
 .progmemx.data.__c.7262
                0x00000665       0x27 1_highlevel/card_mcu.o
 .progmemx.data.__fc.7260
                0x0000068c       0x2b 1_highlevel/card_mcu.o
 .progmemx.data.__c.7258
                0x000006b7       0x2b 1_highlevel/card_mcu.o
 .progmemx.data.__fc.7256
                0x000006e2       0x2f 1_highlevel/card_mcu.o
 .progmemx.data.__c.7254
                0x00000711       0x2f 1_highlevel/card_mcu.o
 .progmemx.data.__fc.7252
                0x00000740       0x26 1_highlevel/card_mcu.o
 .progmemx.data.__c.7250
                0x00000766       0x26 1_highlevel/card_mcu.o
 .progmemx.data.__fc.7332
                0x0000078c       0x21 1_highlevel/card_mcu.o
 .progmemx.data.__c.7330
                0x000007ad       0x21 1_highlevel/card_mcu.o
 .progmemx.data.__fc.7328
                0x000007ce       0x22 1_highlevel/card_mcu.o
 .progmemx.data.__c.7326
                0x000007f0       0x22 1_highlevel/card_mcu.o
 .progmemx.data.__fc.7324
                0x00000812       0x2d 1_highlevel/card_mcu.o
 .progmemx.data.__c.7322
                0x0000083f       0x2d 1_highlevel/card_mcu.o
 .progmemx.data.__fc.7319
                0x0000086c       0x25 1_highlevel/card_mcu.o
 .progmemx.data.__c.7317
                0x00000891       0x25 1_highlevel/card_mcu.o
 .progmemx.data.__fc.7315
                0x000008b6       0x2b 1_highlevel/card_mcu.o
 .progmemx.data.__c.7313
                0x000008e1       0x2b 1_highlevel/card_mcu.o
 .progmemx.data.__fc.7311
                0x0000090c       0x2f 1_highlevel/card_mcu.o
 .progmemx.data.__c.7309
                0x0000093b       0x2f 1_highlevel/card_mcu.o
 .progmemx.data.__fc.7306
                0x0000096a       0x25 1_highlevel/card_mcu.o
 .progmemx.data.__c.7304
                0x0000098f       0x25 1_highlevel/card_mcu.o
 .progmemx.data.__fc.7302
                0x000009b4       0x2b 1_highlevel/card_mcu.o
 .progmemx.data.__c.7300
                0x000009df       0x2b 1_highlevel/card_mcu.o
 .progmemx.data.__fc.7297
                0x00000a0a       0x1d 1_highlevel/card_mcu.o
 .progmemx.data.__c.7295
                0x00000a27       0x1d 1_highlevel/card_mcu.o
 .progmemx.data.__fc.7293
                0x00000a44       0x18 1_highlevel/card_mcu.o
 .progmemx.data.__c.7291
                0x00000a5c       0x18 1_highlevel/card_mcu.o
 .progmemx.data.__fc.7288
                0x00000a74       0x25 1_highlevel/card_mcu.o
 .progmemx.data.__c.7286
                0x00000a99       0x25 1_highlevel/card_mcu.o
 .progmemx.data.__fc.7284
                0x00000abe       0x2b 1_highlevel/card_mcu.o
 .progmemx.data.__c.7282
                0x00000ae9       0x2b 1_highlevel/card_mcu.o
 .progmemx.data.__fc.7280
                0x00000b14       0x2f 1_highlevel/card_mcu.o
 .progmemx.data.__c.7278
                0x00000b43       0x2f 1_highlevel/card_mcu.o
 .progmemx.data.__fc.7276
                0x00000b72       0x1e 1_highlevel/card_mcu.o
 .progmemx.data.__c.7274
                0x00000b90       0x1e 1_highlevel/card_mcu.o
 .progmemx.data.__fc.7168
                0x00000bae       0x26 1_highlevel/card_mcu.o
 .progmemx.data.__c.7166
                0x00000bd4       0x26 1_highlevel/card_mcu.o
 .progmemx.data.__fc.7163
                0x00000bfa       0x23 1_highlevel/card_mcu.o
 .progmemx.data.__c.7161
                0x00000c1d       0x23 1_highlevel/card_mcu.o
 .progmemx.data.__fc.7159
                0x00000c40       0x2b 1_highlevel/card_mcu.o
 .progmemx.data.__c.7157
                0x00000c6b       0x2b 1_highlevel/card_mcu.o
 .progmemx.data.__fc.7155
                0x00000c96       0x39 1_highlevel/card_mcu.o
 .progmemx.data.__c.7153
                0x00000ccf       0x39 1_highlevel/card_mcu.o
 .progmemx.data.__fc.7151
                0x00000d08       0x2d 1_highlevel/card_mcu.o
 .progmemx.data.__c.7149
                0x00000d35       0x2d 1_highlevel/card_mcu.o
 .progmemx.data.__fc.7215
                0x00000d62       0x42 1_highlevel/card_mcu.o
 .progmemx.data.__c.7213
                0x00000da4       0x42 1_highlevel/card_mcu.o
 .progmemx.data.__fc.7211
                0x00000de6       0x26 1_highlevel/card_mcu.o
 .progmemx.data.__c.7209
                0x00000e0c       0x26 1_highlevel/card_mcu.o
 .progmemx.data.__fc.7207
                0x00000e32       0x2d 1_highlevel/card_mcu.o
 .progmemx.data.__c.7205
                0x00000e5f       0x2d 1_highlevel/card_mcu.o
 .progmemx.data.__fc.7203
                0x00000e8c       0x23 1_highlevel/card_mcu.o
 .progmemx.data.__c.7201
                0x00000eaf       0x23 1_highlevel/card_mcu.o
 .progmemx.data.__fc.7199
                0x00000ed2       0x1a 1_highlevel/card_mcu.o
 .progmemx.data.__c.7197
                0x00000eec       0x1a 1_highlevel/card_mcu.o
 .progmemx.data.__fc.7195
                0x00000f06       0x45 1_highlevel/card_mcu.o
 .progmemx.data.__c.7193
                0x00000f4b       0x45 1_highlevel/card_mcu.o
 .progmemx.data.__fc.7191
                0x00000f90       0x42 1_highlevel/card_mcu.o
 .progmemx.data.__c.7189
                0x00000fd2       0x42 1_highlevel/card_mcu.o
 .progmemx.data.__fc.7187
                0x00001014       0x31 1_highlevel/card_mcu.o
 .progmemx.data.__c.7185
                0x00001045       0x31 1_highlevel/card_mcu.o
 .progmemx.data.__fc.7183
                0x00001076       0x21 1_highlevel/card_mcu.o
 .progmemx.data.__c.7181
                0x00001097       0x21 1_highlevel/card_mcu.o
 .progmemx.data.__fc.7239
                0x000010b8       0x34 1_highlevel/card_mcu.o
 .progmemx.data.__c.7237
                0x000010ec       0x34 1_highlevel/card_mcu.o
 .progmemx.data.__fc.7234
                0x00001120       0x32 1_highlevel/card_mcu.o
 .progmemx.data.__c.7232
                0x00001152       0x32 1_highlevel/card_mcu.o
 .progmemx.data.__fc.7230
                0x00001184       0x2b 1_highlevel/card_mcu.o
 .progmemx.data.__c.7228
                0x000011af       0x2b 1_highlevel/card_mcu.o
 .progmemx.data.__fc.7226
                0x000011da       0x49 1_highlevel/card_mcu.o
 .progmemx.data.__c.7224
                0x00001223       0x49 1_highlevel/card_mcu.o
 .progmemx.data.__fc.7222
                0x0000126c       0x3b 1_highlevel/card_mcu.o
 .progmemx.data.__c.7220
                0x000012a7       0x3b 1_highlevel/card_mcu.o
 .progmemx.data.__fc.7378
                0x000012e2       0x33 1_highlevel/card_mcu.o
 .progmemx.data.__c.7376
                0x00001315       0x33 1_highlevel/card_mcu.o
 .progmemx.data.__c.7374
                0x00001348       0x15 1_highlevel/card_mcu.o
 .progmemx.data.__c.7372
                0x0000135d       0x23 1_highlevel/card_mcu.o
 .progmemx.data.__fc.7370
                0x00001380       0x2d 1_highlevel/card_mcu.o
 .progmemx.data.__c.7368
                0x000013ad       0x2d 1_highlevel/card_mcu.o
 .progmemx.data.__fc.7366
                0x000013da       0x23 1_highlevel/card_mcu.o
 .progmemx.data.__c.7364
                0x000013fd       0x23 1_highlevel/card_mcu.o
 .progmemx.data.__fc.7362
                0x00001420       0x1c 1_highlevel/card_mcu.o
 .progmemx.data.__c.7360
                0x0000143c       0x1c 1_highlevel/card_mcu.o
 .progmemx.data.__c.7358
                0x00001458       0x1d 1_highlevel/card_mcu.o
 .progmemx.data.__fc.7412
                0x00001475       0x2e 1_highlevel/card_proto.o
 .progmemx.data.__c.7410
                0x000014a3       0x2e 1_highlevel/card_proto.o
 .progmemx.data.__fc.7407
                0x000014d1       0x28 1_highlevel/card_proto.o
 .progmemx.data.__c.7405
                0x000014f9       0x28 1_highlevel/card_proto.o
 .progmemx.data.__fc.7403
                0x00001521       0x2b 1_highlevel/card_proto.o
 .progmemx.data.__c.7401
                0x0000154c       0x2b 1_highlevel/card_proto.o
 .progmemx.data.__fc.7399
                0x00001577       0x33 1_highlevel/card_proto.o
 .progmemx.data.__c.7397
                0x000015aa       0x33 1_highlevel/card_proto.o
 .progmemx.data.__fc.7395
                0x000015dd       0x28 1_highlevel/card_proto.o
 .progmemx.data.__c.7393
                0x00001605       0x28 1_highlevel/card_proto.o
 .progmemx.data.__fc.7388
                0x0000162d       0x32 1_highlevel/card_proto.o
 .progmemx.data.__c.7386
                0x0000165f       0x32 1_highlevel/card_proto.o
 .progmemx.data.__fc.7383
                0x00001691       0x2c 1_highlevel/card_proto.o
 .progmemx.data.__c.7381
                0x000016bd       0x2c 1_highlevel/card_proto.o
 .progmemx.data.__fc.7379
                0x000016e9       0x2b 1_highlevel/card_proto.o
 .progmemx.data.__c.7377
                0x00001714       0x2b 1_highlevel/card_proto.o
 .progmemx.data.__fc.7375
                0x0000173f       0x25 1_highlevel/card_proto.o
 .progmemx.data.__c.7373
                0x00001764       0x25 1_highlevel/card_proto.o
 .progmemx.data.__fc.7371
                0x00001789       0x2c 1_highlevel/card_proto.o
 .progmemx.data.__c.7369
                0x000017b5       0x2c 1_highlevel/card_proto.o
 .progmemx.data.__fc.7364
                0x000017e1       0x28 1_highlevel/card_proto.o
 .progmemx.data.__c.7362
                0x00001809       0x28 1_highlevel/card_proto.o
 .progmemx.data.__fc.7357
                0x00001831       0x32 1_highlevel/card_proto.o
 .progmemx.data.__c.7355
                0x00001863       0x32 1_highlevel/card_proto.o
 .progmemx.data.__fc.7352
                0x00001895       0x29 1_highlevel/card_proto.o
 .progmemx.data.__c.7350
                0x000018be       0x29 1_highlevel/card_proto.o
 .progmemx.data.__fc.7348
                0x000018e7       0x2b 1_highlevel/card_proto.o
 .progmemx.data.__c.7346
                0x00001912       0x2b 1_highlevel/card_proto.o
 .progmemx.data.__fc.7344
                0x0000193d       0x25 1_highlevel/card_proto.o
 .progmemx.data.__c.7342
                0x00001962       0x25 1_highlevel/card_proto.o
 .progmemx.data.__fc.7340
                0x00001987       0x2c 1_highlevel/card_proto.o
 .progmemx.data.__c.7338
                0x000019b3       0x2c 1_highlevel/card_proto.o
 .progmemx.data.__fc.7333
                0x000019df       0x1f 1_highlevel/card_proto.o
 .progmemx.data.__c.7331
                0x000019fe       0x1f 1_highlevel/card_proto.o
 .progmemx.data.__fc.7328
                0x00001a1d       0x29 1_highlevel/card_proto.o
 .progmemx.data.__c.7326
                0x00001a46       0x29 1_highlevel/card_proto.o
 .progmemx.data.__fc.7324
                0x00001a6f       0x2b 1_highlevel/card_proto.o
 .progmemx.data.__c.7322
                0x00001a9a       0x2b 1_highlevel/card_proto.o
 .progmemx.data.__fc.7320
                0x00001ac5       0x30 1_highlevel/card_proto.o
 .progmemx.data.__c.7318
                0x00001af5       0x30 1_highlevel/card_proto.o
 .progmemx.data.__fc.7316
                0x00001b25       0x25 1_highlevel/card_proto.o
 .progmemx.data.__c.7314
                0x00001b4a       0x25 1_highlevel/card_proto.o
 .progmemx.data.__fc.7156
                0x00001b6f        0xa 1_highlevel/card_proto.o
 .progmemx.data.__fc.7154
                0x00001b79       0x10 1_highlevel/card_proto.o
 .progmemx.data.__fc.7192
                0x00001b89        0xe 1_highlevel/card_proto.o
 .progmemx.data.__fc.7190
                0x00001b97        0x6 1_highlevel/card_proto.o
 .progmemx.data.__fc.7188
                0x00001b9d        0xe 1_highlevel/card_proto.o
 .progmemx.data.__fc.7186
                0x00001bab        0x6 1_highlevel/card_proto.o
 .progmemx.data.__fc.7184
                0x00001bb1        0x5 1_highlevel/card_proto.o
 .progmemx.data.__fc.7182
                0x00001bb6       0x2c 1_highlevel/card_proto.o
 .progmemx.data.__fc.7180
                0x00001be2       0x2b 1_highlevel/card_proto.o
 .progmemx.data.__fc.7178
                0x00001c0d       0x33 1_highlevel/card_proto.o
 .progmemx.data.__fc.7176
                0x00001c40       0x2f 1_highlevel/card_proto.o
 .progmemx.data.__fc.7174
                0x00001c6f        0xb 1_highlevel/card_proto.o
 .progmemx.data.__fc.7172
                0x00001c7a       0x26 1_highlevel/card_proto.o
 .progmemx.data.__fc.7170
                0x00001ca0       0x22 1_highlevel/card_proto.o
 .progmemx.data.__fc.7305
                0x00001cc2       0x42 1_highlevel/card_proto.o
 .progmemx.data.__fc.7303
                0x00001d04       0x2f 1_highlevel/card_proto.o
 .progmemx.data.__fc.7301
                0x00001d33       0x42 1_highlevel/card_proto.o
 .progmemx.data.__fc.7299
                0x00001d75       0x2f 1_highlevel/card_proto.o
 .progmemx.data.__fc.7297
                0x00001da4       0x14 1_highlevel/card_proto.o
 .progmemx.data.__fc.7295
                0x00001db8       0x16 1_highlevel/card_proto.o
 .progmemx.data.__fc.7293
                0x00001dce       0x12 1_highlevel/card_proto.o
 .progmemx.data.__fc.7291
                0x00001de0       0x10 1_highlevel/card_proto.o
 .progmemx.data.__fc.7289
                0x00001df0       0x11 1_highlevel/card_proto.o
 .progmemx.data.__fc.7283
                0x00001e01       0x56 1_highlevel/card_proto.o
 .progmemx.data.__fc.7281
                0x00001e57       0x24 1_highlevel/card_proto.o
 .progmemx.data.__fc.7279
                0x00001e7b       0x56 1_highlevel/card_proto.o
 .progmemx.data.__fc.7277
                0x00001ed1       0x14 1_highlevel/card_proto.o
 .progmemx.data.__fc.7275
                0x00001ee5       0x27 1_highlevel/card_proto.o
 .progmemx.data.__fc.7273
                0x00001f0c       0x5a 1_highlevel/card_proto.o
 .progmemx.data.__c.7271
                0x00001f66        0x5 1_highlevel/card_proto.o
 .progmemx.data.__fc.7269
                0x00001f6b       0x56 1_highlevel/card_proto.o
 .progmemx.data.__fc.7267
                0x00001fc1       0x14 1_highlevel/card_proto.o
 .progmemx.data.__fc.7265
                0x00001fd5       0x24 1_highlevel/card_proto.o
 .progmemx.data.__c.7263
                0x00001ff9        0x5 1_highlevel/card_proto.o
 .progmemx.data.__c.7261
                0x00001ffe        0x4 1_highlevel/card_proto.o
 .progmemx.data.__fc.7256
                0x00002002       0x2c 1_highlevel/card_proto.o
 .progmemx.data.__fc.7252
                0x0000202e       0x24 1_highlevel/card_proto.o
 .progmemx.data.__c.7250
                0x00002052        0x7 1_highlevel/card_proto.o
 .progmemx.data.__fc.7248
                0x00002059       0x21 1_highlevel/card_proto.o
 .progmemx.data.__fc.7246
                0x0000207a       0x2d 1_highlevel/card_proto.o
 .progmemx.data.__fc.7244
                0x000020a7       0x30 1_highlevel/card_proto.o
 .progmemx.data.__fc.7242
                0x000020d7       0x39 1_highlevel/card_proto.o
 .progmemx.data.__fc.7239
                0x00002110       0x31 1_highlevel/card_proto.o
 .progmemx.data.__fc.7237
                0x00002141       0x27 1_highlevel/card_proto.o
 .progmemx.data.__c.7235
                0x00002168        0x6 1_highlevel/card_proto.o
 .progmemx.data.__fc.7233
                0x0000216e       0x30 1_highlevel/card_proto.o
 .progmemx.data.__fc.7231
                0x0000219e       0x31 1_highlevel/card_proto.o
 .progmemx.data.__c.7229
                0x000021cf        0x9 1_highlevel/card_proto.o
 .progmemx.data.__fc.7227
                0x000021d8       0x2f 1_highlevel/card_proto.o
 .progmemx.data.__c.7225
                0x00002207        0x6 1_highlevel/card_proto.o
 .progmemx.data.__fc.7223
                0x0000220d       0x42 1_highlevel/card_proto.o
 .progmemx.data.__c.7221
                0x0000224f        0x5 1_highlevel/card_proto.o
 .progmemx.data.__fc.7219
                0x00002254       0x3c 1_highlevel/card_proto.o
 .progmemx.data.__fc.7217
                0x00002290       0x17 1_highlevel/card_proto.o
 .progmemx.data.__fc.7215
                0x000022a7       0x32 1_highlevel/card_proto.o
 .progmemx.data.__c.7213
                0x000022d9        0x5 1_highlevel/card_proto.o
 .progmemx.data.__fc.7211
                0x000022de      0x535 1_highlevel/card_proto.o
 .progmemx.data.__c.7209
                0x00002813        0x2 1_highlevel/card_proto.o
 .progmemx.data.__c.7207
                0x00002815        0x5 1_highlevel/card_proto.o
 .progmemx.data.__fc.7433
                0x0000281a       0x2e 1_highlevel/card_proto.o
 .progmemx.data.__c.7431
                0x00002848       0x2e 1_highlevel/card_proto.o
 .progmemx.data.__fc.7429
                0x00002876       0x16 1_highlevel/card_proto.o
 .progmemx.data.__c.7427
                0x0000288c       0x16 1_highlevel/card_proto.o
 .progmemx.data.__fc.7425
                0x000028a2       0x28 1_highlevel/card_proto.o
 .progmemx.data.__c.7423
                0x000028ca       0x28 1_highlevel/card_proto.o
 .progmemx.data.__c.7421
                0x000028f2        0x3 1_highlevel/card_proto.o
 .progmemx.data.a16_adcFSRtable
                0x000028f5        0xc 1_highlevel/card_proto.o
                0x000028f5                a16_adcFSRtable
 .progmemx.data.__compound_literal.1
                0x00002901       0x27 1_highlevel/card_proto.o
 .progmemx.data.__compound_literal.0
                0x00002928        0x6 1_highlevel/card_proto.o
 .progmemx.data.u_calcTable
                0x0000292e       0x18 1_highlevel/card_proto.o
                0x0000292e                u_calcTable
 .progmemx.data.__fc.7252
                0x00002946       0x32 1_highlevel/card_psu.o
 .progmemx.data.__c.7250
                0x00002978       0x32 1_highlevel/card_psu.o
 .progmemx.data.__fc.7247
                0x000029aa       0x24 1_highlevel/card_psu.o
 .progmemx.data.__c.7245
                0x000029ce       0x24 1_highlevel/card_psu.o
 .progmemx.data.__fc.7243
                0x000029f2       0x2b 1_highlevel/card_psu.o
 .progmemx.data.__c.7241
                0x00002a1d       0x2b 1_highlevel/card_psu.o
 .progmemx.data.__fc.7239
                0x00002a48       0x25 1_highlevel/card_psu.o
 .progmemx.data.__c.7237
                0x00002a6d       0x25 1_highlevel/card_psu.o
 .progmemx.data.__fc.7235
                0x00002a92       0x2c 1_highlevel/card_psu.o
 .progmemx.data.__c.7233
                0x00002abe       0x2c 1_highlevel/card_psu.o
 .progmemx.data.__fc.7228
                0x00002aea       0x30 1_highlevel/card_psu.o
 .progmemx.data.__c.7226
                0x00002b1a       0x30 1_highlevel/card_psu.o
 .progmemx.data.__fc.7224
                0x00002b4a       0x1e 1_highlevel/card_psu.o
 .progmemx.data.__c.7222
                0x00002b68       0x1e 1_highlevel/card_psu.o
 .progmemx.data.__fc.7220
                0x00002b86       0x21 1_highlevel/card_psu.o
 .progmemx.data.__c.7218
                0x00002ba7       0x21 1_highlevel/card_psu.o
 .progmemx.data.__fc.7216
                0x00002bc8       0x2c 1_highlevel/card_psu.o
 .progmemx.data.__c.7214
                0x00002bf4       0x2c 1_highlevel/card_psu.o
 .progmemx.data.__fc.7211
                0x00002c20       0x28 1_highlevel/card_psu.o
 .progmemx.data.__c.7209
                0x00002c48       0x28 1_highlevel/card_psu.o
 .progmemx.data.__fc.7207
                0x00002c70       0x2b 1_highlevel/card_psu.o
 .progmemx.data.__c.7205
                0x00002c9b       0x2b 1_highlevel/card_psu.o
 .progmemx.data.__fc.7203
                0x00002cc6       0x2d 1_highlevel/card_psu.o
 .progmemx.data.__c.7201
                0x00002cf3       0x2d 1_highlevel/card_psu.o
 .progmemx.data.__fc.7199
                0x00002d20       0x2b 1_highlevel/card_psu.o
 .progmemx.data.__c.7197
                0x00002d4b       0x2b 1_highlevel/card_psu.o
 .progmemx.data.__fc.7195
                0x00002d76       0x14 1_highlevel/card_psu.o
 .progmemx.data.__c.7193
                0x00002d8a       0x14 1_highlevel/card_psu.o
 .progmemx.data.__fc.7191
                0x00002d9e       0x2b 1_highlevel/card_psu.o
 .progmemx.data.__c.7189
                0x00002dc9       0x2b 1_highlevel/card_psu.o
 .progmemx.data.__fc.7187
                0x00002df4       0x2c 1_highlevel/card_psu.o
 .progmemx.data.__c.7185
                0x00002e20       0x2c 1_highlevel/card_psu.o
 .progmemx.data.__fc.7182
                0x00002e4c       0x28 1_highlevel/card_psu.o
 .progmemx.data.__c.7180
                0x00002e74       0x28 1_highlevel/card_psu.o
 .progmemx.data.__fc.7178
                0x00002e9c       0x2b 1_highlevel/card_psu.o
 .progmemx.data.__c.7176
                0x00002ec7       0x2b 1_highlevel/card_psu.o
 .progmemx.data.__fc.7174
                0x00002ef2       0x2d 1_highlevel/card_psu.o
 .progmemx.data.__c.7172
                0x00002f1f       0x2d 1_highlevel/card_psu.o
 .progmemx.data.__fc.7170
                0x00002f4c       0x2b 1_highlevel/card_psu.o
 .progmemx.data.__c.7168
                0x00002f77       0x2b 1_highlevel/card_psu.o
 .progmemx.data.__fc.7160
                0x00002fa2       0x1f 1_highlevel/card_psu.o
 .progmemx.data.__c.7158
                0x00002fc1       0x1f 1_highlevel/card_psu.o
 .progmemx.data.__fc.7155
                0x00002fe0       0x28 1_highlevel/card_psu.o
 .progmemx.data.__c.7153
                0x00003008       0x28 1_highlevel/card_psu.o
 .progmemx.data.__fc.7151
                0x00003030       0x2b 1_highlevel/card_psu.o
 .progmemx.data.__c.7149
                0x0000305b       0x2b 1_highlevel/card_psu.o
 .progmemx.data.__fc.7147
                0x00003086       0x30 1_highlevel/card_psu.o
 .progmemx.data.__c.7145
                0x000030b6       0x30 1_highlevel/card_psu.o
 .progmemx.data.__fc.7143
                0x000030e6       0x25 1_highlevel/card_psu.o
 .progmemx.data.__c.7141
                0x0000310b       0x25 1_highlevel/card_psu.o
 .progmemx.data.__fc.7369
                0x00003130       0x37 1_highlevel/card_psu.o
 .progmemx.data.__fc.7367
                0x00003167       0x16 1_highlevel/card_psu.o
 .progmemx.data.__c.7365
                0x0000317d        0x4 1_highlevel/card_psu.o
 .progmemx.data.__fc.7363
                0x00003181       0x15 1_highlevel/card_psu.o
 .progmemx.data.__c.7361
                0x00003196        0x3 1_highlevel/card_psu.o
 .progmemx.data.__fc.7359
                0x00003199       0x29 1_highlevel/card_psu.o
 .progmemx.data.__fc.7357
                0x000031c2       0x36 1_highlevel/card_psu.o
 .progmemx.data.__c.7355
                0x000031f8        0x7 1_highlevel/card_psu.o
 .progmemx.data.__c.7353
                0x000031ff        0x6 1_highlevel/card_psu.o
 .progmemx.data.__fc.7351
                0x00003205       0x29 1_highlevel/card_psu.o
 .progmemx.data.__fc.7349
                0x0000322e       0x1a 1_highlevel/card_psu.o
 .progmemx.data.__c.7347
                0x00003248        0x7 1_highlevel/card_psu.o
 .progmemx.data.__c.7345
                0x0000324f        0x6 1_highlevel/card_psu.o
 .progmemx.data.__fc.7343
                0x00003255       0x16 1_highlevel/card_psu.o
 .progmemx.data.__c.7341
                0x0000326b        0x4 1_highlevel/card_psu.o
 .progmemx.data.__fc.7339
                0x0000326f       0x15 1_highlevel/card_psu.o
 .progmemx.data.__c.7337
                0x00003284        0x3 1_highlevel/card_psu.o
 .progmemx.data.__fc.7335
                0x00003287       0x29 1_highlevel/card_psu.o
 .progmemx.data.__fc.7333
                0x000032b0       0x26 1_highlevel/card_psu.o
 .progmemx.data.__c.7331
                0x000032d6        0x7 1_highlevel/card_psu.o
 .progmemx.data.__c.7329
                0x000032dd        0x6 1_highlevel/card_psu.o
 .progmemx.data.__fc.7327
                0x000032e3        0x5 1_highlevel/card_psu.o
 .progmemx.data.__fc.7325
                0x000032e8       0x28 1_highlevel/card_psu.o
 .progmemx.data.__fc.7323
                0x00003310       0x28 1_highlevel/card_psu.o
 .progmemx.data.__c.7321
                0x00003338        0x6 1_highlevel/card_psu.o
 .progmemx.data.__fc.7319
                0x0000333e        0x5 1_highlevel/card_psu.o
 .progmemx.data.__fc.7317
                0x00003343       0x28 1_highlevel/card_psu.o
 .progmemx.data.__fc.7315
                0x0000336b       0x28 1_highlevel/card_psu.o
 .progmemx.data.__c.7313
                0x00003393        0x6 1_highlevel/card_psu.o
 .progmemx.data.__fc.7311
                0x00003399       0x3d 1_highlevel/card_psu.o
 .progmemx.data.__fc.7309
                0x000033d6       0x26 1_highlevel/card_psu.o
 .progmemx.data.__c.7307
                0x000033fc        0x6 1_highlevel/card_psu.o
 .progmemx.data.__fc.7305
                0x00003402       0x3c 1_highlevel/card_psu.o
 .progmemx.data.__fc.7303
                0x0000343e       0x26 1_highlevel/card_psu.o
 .progmemx.data.__c.7301
                0x00003464        0x6 1_highlevel/card_psu.o
 .progmemx.data.__fc.7299
                0x0000346a       0x2b 1_highlevel/card_psu.o
 .progmemx.data.__c.7297
                0x00003495        0x5 1_highlevel/card_psu.o
 .progmemx.data.__fc.7295
                0x0000349a       0x1b 1_highlevel/card_psu.o
 .progmemx.data.__fc.7293
                0x000034b5       0x28 1_highlevel/card_psu.o
 .progmemx.data.__c.7291
                0x000034dd        0x6 1_highlevel/card_psu.o
 .progmemx.data.__fc.7289
                0x000034e3       0x1a 1_highlevel/card_psu.o
 .progmemx.data.__fc.7287
                0x000034fd       0x28 1_highlevel/card_psu.o
 .progmemx.data.__c.7285
                0x00003525        0x4 1_highlevel/card_psu.o
 .progmemx.data.__fc.7283
                0x00003529       0x16 1_highlevel/card_psu.o
 .progmemx.data.__fc.7281
                0x0000353f       0x4b 1_highlevel/card_psu.o
 .progmemx.data.__fc.7279
                0x0000358a       0x3e 1_highlevel/card_psu.o
 .progmemx.data.__fc.7277
                0x000035c8       0x40 1_highlevel/card_psu.o
 .progmemx.data.__c.7275
                0x00003608        0x7 1_highlevel/card_psu.o
 .progmemx.data.__fc.7273
                0x0000360f       0x2a 1_highlevel/card_psu.o
 .progmemx.data.__c.7271
                0x00003639        0x4 1_highlevel/card_psu.o
 .progmemx.data.__c.7269
                0x0000363d        0x3 1_highlevel/card_psu.o
 .progmemx.data.__fc.7267
                0x00003640      0x51f 1_highlevel/card_psu.o
 .progmemx.data.__c.7265
                0x00003b5f        0x2 1_highlevel/card_psu.o
 .progmemx.data.__c.7263
                0x00003b61        0x5 1_highlevel/card_psu.o
 .progmemx.data.__fc.7390
                0x00003b66       0x38 1_highlevel/card_psu.o
 .progmemx.data.__c.7388
                0x00003b9e       0x38 1_highlevel/card_psu.o
 .progmemx.data.__fc.7386
                0x00003bd6       0x16 1_highlevel/card_psu.o
 .progmemx.data.__c.7384
                0x00003bec       0x16 1_highlevel/card_psu.o
 .progmemx.data.__fc.7382
                0x00003c02       0x32 1_highlevel/card_psu.o
 .progmemx.data.__c.7380
                0x00003c34       0x32 1_highlevel/card_psu.o
 .progmemx.data.__c.7378
                0x00003c66        0x3 1_highlevel/card_psu.o
 .progmemx.data.__compound_literal.1
                0x00003c69       0x29 1_highlevel/card_psu.o
 .progmemx.data.__compound_literal.0
                0x00003c92        0x4 1_highlevel/card_psu.o
 .progmemx.data.__fc.7439
                0x00003c96       0x22 1_highlevel/shell_cmd.o
 .progmemx.data.__fc.7466
                0x00003cb8       0x77 1_highlevel/shell_cmd.o
 .progmemx.data.__fc.7464
                0x00003d2f       0x13 1_highlevel/shell_cmd.o
 .progmemx.data.__fc.7462
                0x00003d42       0x3d 1_highlevel/shell_cmd.o
 .progmemx.data.__fc.7457
                0x00003d7f       0x28 1_highlevel/shell_cmd.o
 .progmemx.data.__fc.7452
                0x00003da7       0x22 1_highlevel/shell_cmd.o
 .progmemx.data.__fc.7482
                0x00003dc9       0x65 1_highlevel/shell_cmd.o
 .progmemx.data.__fc.7480
                0x00003e2e       0x24 1_highlevel/shell_cmd.o
 .progmemx.data.__fc.7478
                0x00003e52       0x19 1_highlevel/shell_cmd.o
 .progmemx.data.__c.7510
                0x00003e6b        0x5 1_highlevel/shell_cmd.o
 .progmemx.data.__fc.7508
                0x00003e70        0xa 1_highlevel/shell_cmd.o
 .progmemx.data.__fc.7503
                0x00003e7a       0x10 1_highlevel/shell_cmd.o
 .progmemx.data.__c.7501
                0x00003e8a        0x6 1_highlevel/shell_cmd.o
 .progmemx.data.__c.7499
                0x00003e90        0x5 1_highlevel/shell_cmd.o
 .progmemx.data.__fc.7497
                0x00003e95       0x25 1_highlevel/shell_cmd.o
 .progmemx.data.__c.7495
                0x00003eba        0x6 1_highlevel/shell_cmd.o
 .progmemx.data.__fc.7519
                0x00003ec0       0x1e 1_highlevel/shell_cmd.o
 .progmemx.data.__fc.7433
                0x00003ede       0xa0 1_highlevel/shell_cmd.o
 .progmemx.data.__fc.7431
                0x00003f7e        0x3 1_highlevel/shell_cmd.o
 .progmemx.data.__c.7429
                0x00003f81        0x4 1_highlevel/shell_cmd.o
 .progmemx.data.__c.7427
                0x00003f85        0x4 1_highlevel/shell_cmd.o
 .progmemx.data.__fc.7257
                0x00003f89        0x7 1_highlevel/shell_cmd.o
 .progmemx.data.__fc.7252
                0x00003f90        0x4 1_highlevel/shell_cmd.o
 .progmemx.data.__fc.7247
                0x00003f94        0x6 1_highlevel/shell_cmd.o
 .progmemx.data.__fc.7245
                0x00003f9a        0x6 1_highlevel/shell_cmd.o
 .progmemx.data.__fc.7417
                0x00003fa0       0x38 1_highlevel/shell_cmd.o
 .progmemx.data.__fc.7414
                0x00003fd8      0x5db 1_highlevel/shell_cmd.o
 .progmemx.data.__fc.7409
                0x000045b3       0x22 1_highlevel/shell_cmd.o
 .progmemx.data.__fc.7403
                0x000045d5       0x25 1_highlevel/shell_cmd.o
 .progmemx.data.__fc.7399
                0x000045fa        0xd 1_highlevel/shell_cmd.o
 .progmemx.data.__fc.7397
                0x00004607       0x10 1_highlevel/shell_cmd.o
 .progmemx.data.__fc.7395
                0x00004617        0xf 1_highlevel/shell_cmd.o
 .progmemx.data.__fc.7388
                0x00004626       0x31 1_highlevel/shell_cmd.o
 .progmemx.data.__fc.7386
                0x00004657       0x12 1_highlevel/shell_cmd.o
 .progmemx.data.__fc.7383
                0x00004669       0x2e 1_highlevel/shell_cmd.o
 .progmemx.data.__fc.7381
                0x00004697       0x12 1_highlevel/shell_cmd.o
 .progmemx.data.__fc.7370
                0x000046a9       0x13 1_highlevel/shell_cmd.o
 .progmemx.data.__fc.7368
                0x000046bc       0x16 1_highlevel/shell_cmd.o
 .progmemx.data.__fc.7363
                0x000046d2       0x10 1_highlevel/shell_cmd.o
 .progmemx.data.__fc.7361
                0x000046e2       0x27 1_highlevel/shell_cmd.o
 .progmemx.data.__fc.7358
                0x00004709       0x2d 1_highlevel/shell_cmd.o
 .progmemx.data.__fc.7354
                0x00004736       0x30 1_highlevel/shell_cmd.o
 .progmemx.data.__fc.7352
                0x00004766       0x24 1_highlevel/shell_cmd.o
 .progmemx.data.__fc.7350
                0x0000478a        0x4 1_highlevel/shell_cmd.o
 .progmemx.data.__fc.7348
                0x0000478e       0x1a 1_highlevel/shell_cmd.o
 .progmemx.data.__fc.7346
                0x000047a8       0x12 1_highlevel/shell_cmd.o
 .progmemx.data.__fc.7344
                0x000047ba       0x14 1_highlevel/shell_cmd.o
 .progmemx.data.__fc.7342
                0x000047ce       0x50 1_highlevel/shell_cmd.o
 .progmemx.data.__fc.7340
                0x0000481e       0x48 1_highlevel/shell_cmd.o
 .progmemx.data.__fc.7338
                0x00004866       0x44 1_highlevel/shell_cmd.o
 .progmemx.data.__fc.7336
                0x000048aa        0xc 1_highlevel/shell_cmd.o
 .progmemx.data.__fc.7329
                0x000048b6        0x8 1_highlevel/shell_cmd.o
 .progmemx.data.__fc.7326
                0x000048be        0x8 1_highlevel/shell_cmd.o
 .progmemx.data.__fc.7312
                0x000048c6        0x8 1_highlevel/shell_cmd.o
 .progmemx.data.__fc.7309
                0x000048ce       0x1b 1_highlevel/shell_cmd.o
 .progmemx.data.__fc.7307
                0x000048e9       0x1a 1_highlevel/shell_cmd.o
 .progmemx.data.__fc.7300
                0x00004903        0xe 1_highlevel/shell_cmd.o
 .progmemx.data.__fc.7298
                0x00004911        0x8 1_highlevel/shell_cmd.o
 .progmemx.data.__fc.7294
                0x00004919       0x26 1_highlevel/shell_cmd.o
 .progmemx.data.__fc.7207
                0x0000493f       0x42 1_highlevel/shell_cmd.o
 .progmemx.data.__fc.7205
                0x00004981       0x23 1_highlevel/shell_cmd.o
 .progmemx.data.__fc.7203
                0x000049a4       0x25 1_highlevel/shell_cmd.o
 .progmemx.data.__compound_literal.40
                0x000049c9       0x1d 1_highlevel/shell_cmd.o
 .progmemx.data.__compound_literal.39
                0x000049e6        0x6 1_highlevel/shell_cmd.o
 .progmemx.data.__compound_literal.38
                0x000049ec       0x34 1_highlevel/shell_cmd.o
 .progmemx.data.__compound_literal.37
                0x00004a20        0x8 1_highlevel/shell_cmd.o
 .progmemx.data.__compound_literal.36
                0x00004a28       0x20 1_highlevel/shell_cmd.o
 .progmemx.data.__compound_literal.35
                0x00004a48        0x4 1_highlevel/shell_cmd.o
 .progmemx.data.__compound_literal.34
                0x00004a4c       0x23 1_highlevel/shell_cmd.o
 .progmemx.data.__compound_literal.33
                0x00004a6f        0x3 1_highlevel/shell_cmd.o
 .progmemx.data.__compound_literal.32
                0x00004a72       0x15 1_highlevel/shell_cmd.o
 .progmemx.data.__compound_literal.31
                0x00004a87        0x4 1_highlevel/shell_cmd.o
 .progmemx.data.__compound_literal.30
                0x00004a8b       0x13 1_highlevel/shell_cmd.o
 .progmemx.data.__compound_literal.29
                0x00004a9e        0x4 1_highlevel/shell_cmd.o
 .progmemx.data.__compound_literal.28
                0x00004aa2       0x1a 1_highlevel/shell_cmd.o
 .progmemx.data.__compound_literal.27
                0x00004abc        0x6 1_highlevel/shell_cmd.o
 .progmemx.data.__compound_literal.26
                0x00004ac2       0x1e 1_highlevel/shell_cmd.o
 .progmemx.data.__compound_literal.25
                0x00004ae0        0x5 1_highlevel/shell_cmd.o
 .progmemx.data.fatfs_type
                0x00004ae5        0xf 1_highlevel/shell_cmd.o
 .progmemx.data.__compound_literal.24
                0x00004af4        0x6 1_highlevel/shell_cmd.o
 .progmemx.data.__compound_literal.23
                0x00004afa        0x6 1_highlevel/shell_cmd.o
 .progmemx.data.__compound_literal.22
                0x00004b00        0x6 1_highlevel/shell_cmd.o
 .progmemx.data.__compound_literal.21
                0x00004b06        0x6 1_highlevel/shell_cmd.o
 .progmemx.data.__compound_literal.20
                0x00004b0c        0x1 1_highlevel/shell_cmd.o
 .progmemx.data.fatfs_rc_str
                0x00004b0d       0x3c 1_highlevel/shell_cmd.o
 .progmemx.data.__compound_literal.19
                0x00004b49       0x12 1_highlevel/shell_cmd.o
 .progmemx.data.__compound_literal.18
                0x00004b5b       0x14 1_highlevel/shell_cmd.o
 .progmemx.data.__compound_literal.17
                0x00004b6f       0x10 1_highlevel/shell_cmd.o
 .progmemx.data.__compound_literal.16
                0x00004b7f        0x7 1_highlevel/shell_cmd.o
 .progmemx.data.__compound_literal.15
                0x00004b86        0x8 1_highlevel/shell_cmd.o
 .progmemx.data.__compound_literal.14
                0x00004b8e        0xd 1_highlevel/shell_cmd.o
 .progmemx.data.__compound_literal.13
                0x00004b9b        0xe 1_highlevel/shell_cmd.o
 .progmemx.data.__compound_literal.12
                0x00004ba9        0xc 1_highlevel/shell_cmd.o
 .progmemx.data.__compound_literal.11
                0x00004bb5        0xe 1_highlevel/shell_cmd.o
 .progmemx.data.__compound_literal.10
                0x00004bc3       0x10 1_highlevel/shell_cmd.o
 .progmemx.data.__compound_literal.9
                0x00004bd3        0xf 1_highlevel/shell_cmd.o
 .progmemx.data.__compound_literal.8
                0x00004be2        0x6 1_highlevel/shell_cmd.o
 .progmemx.data.__compound_literal.7
                0x00004be8        0x7 1_highlevel/shell_cmd.o
 .progmemx.data.__compound_literal.6
                0x00004bef        0xd 1_highlevel/shell_cmd.o
 .progmemx.data.__compound_literal.5
                0x00004bfc        0x8 1_highlevel/shell_cmd.o
 .progmemx.data.__compound_literal.4
                0x00004c04        0x8 1_highlevel/shell_cmd.o
 .progmemx.data.__compound_literal.3
                0x00004c0c        0xa 1_highlevel/shell_cmd.o
 .progmemx.data.__compound_literal.2
                0x00004c16        0x8 1_highlevel/shell_cmd.o
 .progmemx.data.__compound_literal.1
                0x00004c1e        0x9 1_highlevel/shell_cmd.o
 .progmemx.data.__compound_literal.0
                0x00004c27        0x3 1_highlevel/shell_cmd.o
 .progmemx.data.bc_colors
                0x00004c2a        0xc 2_midlevel/bootcmd.o
 .progmemx.data.console_levels
                0x00004c36       0x12 2_midlevel/bootcmd.o
 .progmemx.data.__compound_literal.5
                0x00004c48        0x7 2_midlevel/bootcmd.o
 .progmemx.data.__compound_literal.4
                0x00004c4f        0x7 2_midlevel/bootcmd.o
 .progmemx.data.__compound_literal.3
                0x00004c56        0x7 2_midlevel/bootcmd.o
 .progmemx.data.__compound_literal.2
                0x00004c5d        0x7 2_midlevel/bootcmd.o
 .progmemx.data.__compound_literal.1
                0x00004c64        0x7 2_midlevel/bootcmd.o
 .progmemx.data.__compound_literal.0
                0x00004c6b        0x7 2_midlevel/bootcmd.o
 .progmemx.data.__fc.4103
                0x00004c72        0x3 2_midlevel/gshell.o
 .progmemx.data.__fc.4098
                0x00004c75       0x13 2_midlevel/gshell.o
 .progmemx.data.__fc.4096
                0x00004c88        0x9 2_midlevel/gshell.o
 .progmemx.data.__fc.4061
                0x00004c91        0x8 2_midlevel/gshell.o
 .progmemx.data.__fc.4059
                0x00004c99        0x6 2_midlevel/gshell.o
 .progmemx.data.__fc.4053
                0x00004c9f        0x3 2_midlevel/gshell.o
 .progmemx.data.__fc.4051
                0x00004ca2        0xd 2_midlevel/gshell.o
 .progmemx.data.__fc.4049
                0x00004caf        0x6 2_midlevel/gshell.o
 .progmemx.data.__fc.4044
                0x00004cb5        0x8 2_midlevel/gshell.o
 .progmemx.data.__fc.4042
                0x00004cbd        0x6 2_midlevel/gshell.o
 .progmemx.data.__fc.4036
                0x00004cc3        0x3 2_midlevel/gshell.o
 .progmemx.data.__fc.4034
                0x00004cc6        0xd 2_midlevel/gshell.o
 .progmemx.data.__fc.4032
                0x00004cd3        0x6 2_midlevel/gshell.o
 .progmemx.data.__fc.4012
                0x00004cd9       0x13 2_midlevel/gshell.o
 .progmemx.data.__fc.4001
                0x00004cec        0x4 2_midlevel/gshell.o
 .progmemx.data.__fc.3993
                0x00004cf0       0x13 2_midlevel/gshell.o
 .progmemx.data.__fc.3991
                0x00004d03       0x2f 2_midlevel/gshell.o
 .progmemx.data.__fc.3989
                0x00004d32       0x2f 2_midlevel/gshell.o
 .progmemx.data.__fc.3987
                0x00004d61       0x12 2_midlevel/gshell.o
 .progmemx.data.console_levels
                0x00004d73       0x12 2_midlevel/gshell.o
 .progmemx.data.__compound_literal.7
                0x00004d85       0x1f 2_midlevel/gshell.o
 .progmemx.data.__compound_literal.6
                0x00004da4       0x1b 2_midlevel/gshell.o
 .progmemx.data.__compound_literal.5
                0x00004dbf       0x1b 2_midlevel/gshell.o
 .progmemx.data.__compound_literal.4
                0x00004dda       0x1b 2_midlevel/gshell.o
 .progmemx.data.__compound_literal.3
                0x00004df5       0x12 2_midlevel/gshell.o
 .progmemx.data.__compound_literal.2
                0x00004e07        0xa 2_midlevel/gshell.o
 .progmemx.data.__compound_literal.1
                0x00004e11       0x1d 2_midlevel/gshell.o
 .progmemx.data.__compound_literal.0
                0x00004e2e        0x5 2_midlevel/gshell.o
 .progmemx.data.__fc.5119
                0x00004e33       0x20 2_midlevel/RA8876Helper.o
 .progmemx.data.__fc.5114
                0x00004e53       0x12 2_midlevel/RA8876Helper.o
 .progmemx.data.__fc.5106
                0x00004e65       0x20 2_midlevel/RA8876Helper.o
 .progmemx.data.__c.5096
                0x00004e85       0x11 2_midlevel/RA8876Helper.o
 .progmemx.data.__fc.5094
                0x00004e96       0x30 2_midlevel/RA8876Helper.o
 .progmemx.data.__fc.5092
                0x00004ec6        0xe 2_midlevel/RA8876Helper.o
 .progmemx.data.__fc.5076
                0x00004ed4       0x1d 2_midlevel/RA8876Helper.o
 .progmemx.data.__fc.5074
                0x00004ef1       0x24 2_midlevel/RA8876Helper.o
 .progmemx.data.__fc.5072
                0x00004f15       0x16 2_midlevel/RA8876Helper.o
 .progmemx.data.__fc.5070
                0x00004f2b       0x26 2_midlevel/RA8876Helper.o
 .progmemx.data.__fc.5068
                0x00004f51        0xd 2_midlevel/RA8876Helper.o
 .progmemx.data.RA8876_gImage_pen_il
                0x00004f5e      0x100 4_icdriver/RA8876_cursors.o
                0x00004f5e                RA8876_gImage_pen_il
 .progmemx.data.RA8876_gImage_arrow_il
                0x0000505e      0x100 4_icdriver/RA8876_cursors.o
                0x0000505e                RA8876_gImage_arrow_il
 .progmemx.data.RA8876_gImage_no_im
                0x0000515e      0x100 4_icdriver/RA8876_cursors.o
                0x0000515e                RA8876_gImage_no_im
 .progmemx.data.RA8876_gImage_busy_im
                0x0000525e      0x100 4_icdriver/RA8876_cursors.o
                0x0000525e                RA8876_gImage_busy_im
 .progmemx.data.GTP_CFG_DATA
                0x0000535e       0xbc 4_icdriver/touch.o
                0x0000535e                GTP_CFG_DATA
 .progmemx.data._font_24x40
                0x0000541a     0x7800 5_ugui/ugui.o
                0x0000541a                _font_24x40
 .progmemx.data._font_16x26
                0x0000cc1a     0x3400 5_ugui/ugui.o
                0x0000cc1a                _font_16x26
 .progmemx.data._font_12x20
                0x0001001a     0x2800 5_ugui/ugui.o
                0x0001001a                _font_12x20
 .progmemx.data._font_12x16
                0x0001281a     0x2000 5_ugui/ugui.o
                0x0001281a                _font_12x16
 .progmemx.data.__fc.7640
                0x0001481a       0x1a gui.o
 .progmemx.data.__fc.7638
                0x00014834       0x2c gui.o
 .progmemx.data.__fc.7635
                0x00014860       0x28 gui.o
 .progmemx.data.__fc.7632
                0x00014888       0x2a gui.o
 .progmemx.data.__fc.7629
                0x000148b2       0x29 gui.o
 .progmemx.data.__fc.7626
                0x000148db       0x27 gui.o
 .progmemx.data.__fc.7623
                0x00014902       0x27 gui.o
 .progmemx.data.__fc.7620
                0x00014929       0x26 gui.o
 .progmemx.data.__fc.7616
                0x0001494f       0x26 gui.o
 .progmemx.data.__fc.7999
                0x00014975       0x3f main.o
 .progmemx.data.__fc.7997
                0x000149b4       0x2d main.o
 .progmemx.data.__fc.7993
                0x000149e1       0x32 main.o
 .progmemx.data.__fc.7990
                0x00014a13       0x32 main.o
 .progmemx.data.__fc.7987
                0x00014a45       0x32 main.o
 .progmemx.data.__fc.7878
                0x00014a77       0x2b main.o
 .progmemx.data.__fc.7867
                0x00014aa2       0x32 main.o
 .progmemx.data.__fc.7969
                0x00014ad4       0x3f main.o
 .progmemx.data.__fc.7967
                0x00014b13       0x2e main.o
 .progmemx.data.__c.7961
                0x00014b41       0x20 main.o
 .progmemx.data.__c.7963
                0x00014b61       0x4c main.o
 .progmemx.data.__fc.7954
                0x00014bad       0x48 main.o
 .progmemx.data.__fc.7952
                0x00014bf5       0x4e main.o
 .progmemx.data.__fc.7950
                0x00014c43       0x48 main.o
 .progmemx.data.__c.7944
                0x00014c8b       0x1f main.o
 .progmemx.data.__c.7946
                0x00014caa       0x4b main.o
 .progmemx.data.__fc.7937
                0x00014cf5       0x28 main.o
 .progmemx.data.__fc.7935
                0x00014d1d       0x24 main.o
 .progmemx.data.__fc.7933
                0x00014d41       0x3d main.o
 .progmemx.data.__c.7927
                0x00014d7e       0x1f main.o
 .progmemx.data.__c.7929
                0x00014d9d       0x4b main.o
 .progmemx.data.__fc.7920
                0x00014de8       0x4a main.o
 .progmemx.data.__fc.7918
                0x00014e32       0x4a main.o
 .progmemx.data.__fc.7915
                0x00014e7c       0x22 main.o
 .progmemx.data.__fc.7840
                0x00014e9e       0x2f main.o
 .progmemx.data.__fc.7838
                0x00014ecd       0x2e main.o
 .progmemx.data.__fc.7836
                0x00014efb       0x3f main.o
 .progmemx.data.__fc.7834
                0x00014f3a       0x28 main.o
 .progmemx.data.__fc.7831
                0x00014f62       0x38 main.o
 .progmemx.data.__fc.7829
                0x00014f9a       0x49 main.o
 .progmemx.data.__fc.7827
                0x00014fe3       0x3c main.o
 .progmemx.data.__fc.7825
                0x0001501f       0x3e main.o
 .progmemx.data.__fc.7823
                0x0001505d       0x26 main.o
 .progmemx.data.__fc.7820
                0x00015083       0x33 main.o
 .progmemx.data.__fc.7818
                0x000150b6       0x44 main.o
 .progmemx.data.__fc.7816
                0x000150fa       0x2b main.o
 .progmemx.data.__fc.7813
                0x00015125       0x33 main.o
 .progmemx.data.__fc.7811
                0x00015158       0x38 main.o
 .progmemx.data.__fc.7809
                0x00015190       0x2b main.o
 .progmemx.data.__fc.7806
                0x000151bb       0x33 main.o
 .progmemx.data.__fc.7804
                0x000151ee       0x2c main.o
 .progmemx.data.__fc.7802
                0x0001521a       0x2b main.o
 .progmemx.data.__fc.7798
                0x00015245       0x31 main.o
 .progmemx.data.__fc.7796
                0x00015276       0x39 main.o
 .progmemx.data.__fc.7780
                0x000152af       0x3f main.o
 .progmemx.data.__fc.7778
                0x000152ee       0x32 main.o
 .progmemx.data.__fc.7775
                0x00015320       0x3e main.o
 .progmemx.data.__fc.7772
                0x0001535e       0x41 main.o
 .progmemx.data.__c.7768
                0x0001539f       0x1f main.o
 .progmemx.data.__c.7770
                0x000153be       0x5f main.o
 .progmemx.data.__fc.7764
                0x0001541d       0x3b main.o
 .progmemx.data.__fc.7758
                0x00015458       0x3e main.o
 .progmemx.data.__fc.7756
                0x00015496       0x38 main.o
 .progmemx.data.__c.7750
                0x000154ce       0x13 main.o
 .progmemx.data.__c.7752
                0x000154e1       0xd5 main.o
 .progmemx.data.__c.7745
                0x000155b6       0x13 main.o
 .progmemx.data.__c.7747
                0x000155c9       0xae main.o
 .progmemx.data.__c.7740
                0x00015677       0x13 main.o
 .progmemx.data.__c.7742
                0x0001568a       0xe2 main.o
 .progmemx.data.__c.7735
                0x0001576c       0x13 main.o
 .progmemx.data.__c.7737
                0x0001577f       0xe3 main.o
 .progmemx.data.__c.7730
                0x00015862       0x13 main.o
 .progmemx.data.__c.7732
                0x00015875       0xe5 main.o
 .progmemx.data.__c.7725
                0x0001595a       0x13 main.o
 .progmemx.data.__c.7727
                0x0001596d       0xe5 main.o
 .progmemx.data.__c.7719
                0x00015a52       0x13 main.o
 .progmemx.data.__c.7721
                0x00015a65       0xe9 main.o
 .progmemx.data.__fc.7716
                0x00015b4e       0x3e main.o
 .progmemx.data
                0x00015b8c       0x3b c:/program files (x86)/atmel/studio/7.0/toolchain/avr8/avr8-gnu-toolchain/bin/../lib/gcc/avr/5.4.0/../../../../avr/lib/avrxmega6\libc.a(asctime_r.o)
                0x00015b8c                ascdays
                0x00015ba2                ascmonths
                0x00015bc8                . = ALIGN (0x2)
 *fill*         0x00015bc7        0x1 
 *(.jumptables)
 *(.jumptables*)
 *(.lowtext)
 *(.lowtext*)
                0x00015bc8                __ctors_start = .
 *(.ctors)
                0x00015bc8                __ctors_end = .
                0x00015bc8                __dtors_start = .
 *(.dtors)
                0x00015bc8                __dtors_end = .
 SORT(*)(.ctors)
 SORT(*)(.dtors)
 *(.init0)
 .init0         0x00015bc8        0x0 C:/Program Files (x86)/Atmel/Studio/7.0/Packs/Atmel/XMEGAC_DFP/1.2.112/gcc/dev/atxmega384c3/avrxmega6/crtatxmega384c3.o
                0x00015bc8                __init
 *(.init0)
 *(.init1)
 *(.init1)
 *(.init2)
 .init2         0x00015bc8       0x10 C:/Program Files (x86)/Atmel/Studio/7.0/Packs/Atmel/XMEGAC_DFP/1.2.112/gcc/dev/atxmega384c3/avrxmega6/crtatxmega384c3.o
 *(.init2)
 *(.init3)
 .init3         0x00015bd8       0x10 2_midlevel/mem-check.o
 *(.init3)
 *(.init4)
 .init4         0x00015be8       0x1a c:/program files (x86)/atmel/studio/7.0/toolchain/avr8/avr8-gnu-toolchain/bin/../lib/gcc/avr/5.4.0/avrxmega6\libgcc.a(_copy_data.o)
                0x00015be8                __do_copy_data
 .init4         0x00015c02       0x10 c:/program files (x86)/atmel/studio/7.0/toolchain/avr8/avr8-gnu-toolchain/bin/../lib/gcc/avr/5.4.0/avrxmega6\libgcc.a(_clear_bss.o)
                0x00015c02                __do_clear_bss
 *(.init4)
 *(.init5)
 *(.init5)
 *(.init6)
 *(.init6)
 *(.init7)
 *(.init7)
 *(.init8)
 *(.init8)
 *(.init9)
 .init9         0x00015c12        0x8 C:/Program Files (x86)/Atmel/Studio/7.0/Packs/Atmel/XMEGAC_DFP/1.2.112/gcc/dev/atxmega384c3/avrxmega6/crtatxmega384c3.o
 *(.init9)
 *(.text)
 .text          0x00015c1a        0x4 C:/Program Files (x86)/Atmel/Studio/7.0/Packs/Atmel/XMEGAC_DFP/1.2.112/gcc/dev/atxmega384c3/avrxmega6/crtatxmega384c3.o
                0x00015c1a                __vector_38
                0x00015c1a                __vector_104
                0x00015c1a                __vector_22
                0x00015c1a                __vector_63
                0x00015c1a                __vector_28
                0x00015c1a                __vector_67
                0x00015c1a                __vector_1
                0x00015c1a                __vector_119
                0x00015c1a                __vector_32
                0x00015c1a                __vector_75
                0x00015c1a                __vector_71
                0x00015c1a                __vector_91
                0x00015c1a                __vector_34
                0x00015c1a                __vector_62
                0x00015c1a                __vector_77
                0x00015c1a                __vector_102
                0x00015c1a                __vector_24
                0x00015c1a                __vector_12
                0x00015c1a                __vector_55
                0x00015c1a                __vector_69
                0x00015c1a                __vector_81
                0x00015c1a                __vector_90
                0x00015c1a                __bad_interrupt
                0x00015c1a                __vector_122
                0x00015c1a                __vector_72
                0x00015c1a                __vector_114
                0x00015c1a                __vector_6
                0x00015c1a                __vector_110
                0x00015c1a                __vector_31
                0x00015c1a                __vector_92
                0x00015c1a                __vector_35
                0x00015c1a                __vector_78
                0x00015c1a                __vector_74
                0x00015c1a                __vector_117
                0x00015c1a                __vector_39
                0x00015c1a                __vector_107
                0x00015c1a                __vector_3
                0x00015c1a                __vector_105
                0x00015c1a                __vector_98
                0x00015c1a                __vector_23
                0x00015c1a                __vector_68
                0x00015c1a                __vector_30
                0x00015c1a                __vector_73
                0x00015c1a                __vector_45
                0x00015c1a                __vector_25
                0x00015c1a                __vector_93
                0x00015c1a                __vector_61
                0x00015c1a                __vector_11
                0x00015c1a                __vector_54
                0x00015c1a                __vector_99
                0x00015c1a                __vector_13
                0x00015c1a                __vector_17
                0x00015c1a                __vector_19
                0x00015c1a                __vector_56
                0x00015c1a                __vector_7
                0x00015c1a                __vector_125
                0x00015c1a                __vector_49
                0x00015c1a                __vector_123
                0x00015c1a                __vector_41
                0x00015c1a                __vector_86
                0x00015c1a                __vector_100
                0x00015c1a                __vector_101
                0x00015c1a                __vector_64
                0x00015c1a                __vector_88
                0x00015c1a                __vector_109
                0x00015c1a                __vector_27
                0x00015c1a                __vector_5
                0x00015c1a                __vector_113
                0x00015c1a                __vector_33
                0x00015c1a                __vector_76
                0x00015c1a                __vector_115
                0x00015c1a                __vector_52
                0x00015c1a                __vector_37
                0x00015c1a                __vector_95
                0x00015c1a                __vector_103
                0x00015c1a                __vector_96
                0x00015c1a                __vector_89
                0x00015c1a                __vector_108
                0x00015c1a                __vector_4
                0x00015c1a                __vector_44
                0x00015c1a                __vector_82
                0x00015c1a                __vector_106
                0x00015c1a                __vector_118
                0x00015c1a                __vector_51
                0x00015c1a                __vector_9
                0x00015c1a                __vector_2
                0x00015c1a                __vector_21
                0x00015c1a                __vector_15
                0x00015c1a                __vector_66
                0x00015c1a                __vector_36
                0x00015c1a                __vector_79
                0x00015c1a                __vector_70
                0x00015c1a                __vector_83
                0x00015c1a                __vector_29
                0x00015c1a                __vector_60
                0x00015c1a                __vector_121
                0x00015c1a                __vector_40
                0x00015c1a                __vector_85
                0x00015c1a                __vector_94
                0x00015c1a                __vector_126
                0x00015c1a                __vector_8
                0x00015c1a                __vector_26
                0x00015c1a                __vector_48
                0x00015c1a                __vector_124
                0x00015c1a                __vector_116
                0x00015c1a                __vector_112
                0x00015c1a                __vector_111
                0x00015c1a                __vector_80
                0x00015c1a                __vector_14
                0x00015c1a                __vector_84
                0x00015c1a                __vector_57
                0x00015c1a                __vector_53
                0x00015c1a                __vector_10
                0x00015c1a                __vector_50
                0x00015c1a                __vector_16
                0x00015c1a                __vector_18
                0x00015c1a                __vector_97
                0x00015c1a                __vector_20
                0x00015c1a                __vector_42
                0x00015c1a                __vector_87
                0x00015c1a                __vector_65
                0x00015c1a                __vector_120
 .text          0x00015c1e       0x16 c:/program files (x86)/atmel/studio/7.0/toolchain/avr8/avr8-gnu-toolchain/bin/../lib/gcc/avr/5.4.0/../../../../avr/lib/avrxmega6\libc.a(strcmp_PF.o)
                0x00015c1e                strcmp_PF
 .text          0x00015c34       0x10 c:/program files (x86)/atmel/studio/7.0/toolchain/avr8/avr8-gnu-toolchain/bin/../lib/gcc/avr/5.4.0/../../../../avr/lib/avrxmega6\libc.a(strcpy_PF.o)
                0x00015c34                strcpy_PF
 .text          0x00015c44       0x1e c:/program files (x86)/atmel/studio/7.0/toolchain/avr8/avr8-gnu-toolchain/bin/../lib/gcc/avr/5.4.0/../../../../avr/lib/avrxmega6\libc.a(strncmp_PF.o)
                0x00015c44                strncmp_PF
 .text          0x00015c62       0x20 c:/program files (x86)/atmel/studio/7.0/toolchain/avr8/avr8-gnu-toolchain/bin/../lib/gcc/avr/5.4.0/../../../../avr/lib/avrxmega6\libc.a(strncpy_PF.o)
                0x00015c62                strncpy_PF
 .text          0x00015c82       0x1a c:/program files (x86)/atmel/studio/7.0/toolchain/avr8/avr8-gnu-toolchain/bin/../lib/gcc/avr/5.4.0/../../../../avr/lib/avrxmega6\libc.a(strnlen_PF.o)
                0x00015c82                strnlen_PF
 .text          0x00015c9c       0x3c c:/program files (x86)/atmel/studio/7.0/toolchain/avr8/avr8-gnu-toolchain/bin/../lib/gcc/avr/5.4.0/../../../../avr/lib/avrxmega6\libc.a(ctime.o)
                0x00015c9c                ctime
 .text          0x00015cd8        0xe c:/program files (x86)/atmel/studio/7.0/toolchain/avr8/avr8-gnu-toolchain/bin/../lib/gcc/avr/5.4.0/../../../../avr/lib/avrxmega6\libc.a(localtime.o)
                0x00015cd8                localtime
 .text          0x00015ce6       0xa0 c:/program files (x86)/atmel/studio/7.0/toolchain/avr8/avr8-gnu-toolchain/bin/../lib/gcc/avr/5.4.0/../../../../avr/lib/avrxmega6\libc.a(localtime_r.o)
                0x00015ce6                localtime_r
 .text          0x00015d86       0xce c:/program files (x86)/atmel/studio/7.0/toolchain/avr8/avr8-gnu-toolchain/bin/../lib/gcc/avr/5.4.0/../../../../avr/lib/avrxmega6\libc.a(mktime.o)
                0x00015d86                mktime
 .text          0x00015e54        0xa c:/program files (x86)/atmel/studio/7.0/toolchain/avr8/avr8-gnu-toolchain/bin/../lib/gcc/avr/5.4.0/../../../../avr/lib/avrxmega6\libc.a(set_dst.o)
                0x00015e54                set_dst
 .text          0x00015e5e       0x18 c:/program files (x86)/atmel/studio/7.0/toolchain/avr8/avr8-gnu-toolchain/bin/../lib/gcc/avr/5.4.0/../../../../avr/lib/avrxmega6\libc.a(set_system_time.o)
                0x00015e5e                set_system_time
 .text          0x00015e76       0x12 c:/program files (x86)/atmel/studio/7.0/toolchain/avr8/avr8-gnu-toolchain/bin/../lib/gcc/avr/5.4.0/../../../../avr/lib/avrxmega6\libc.a(set_zone.o)
                0x00015e76                set_zone
 .text          0x00015e88       0x26 c:/program files (x86)/atmel/studio/7.0/toolchain/avr8/avr8-gnu-toolchain/bin/../lib/gcc/avr/5.4.0/../../../../avr/lib/avrxmega6\libc.a(time.o)
                0x00015e88                time
 .text          0x00015eae       0x38 c:/program files (x86)/atmel/studio/7.0/toolchain/avr8/avr8-gnu-toolchain/bin/../lib/gcc/avr/5.4.0/../../../../avr/lib/avrxmega6\libc.a(system_tick.o)
                0x00015eae                system_tick
 .text          0x00015ee6      0x106 c:/program files (x86)/atmel/studio/7.0/toolchain/avr8/avr8-gnu-toolchain/bin/../lib/gcc/avr/5.4.0/../../../../avr/lib/avrxmega6\libc.a(asctime_r.o)
                0x00015ee6                asctime_r
 .text          0x00015fec      0x1ac c:/program files (x86)/atmel/studio/7.0/toolchain/avr8/avr8-gnu-toolchain/bin/../lib/gcc/avr/5.4.0/../../../../avr/lib/avrxmega6\libc.a(gmtime_r.o)
                0x00015fec                gmtime_r
 .text          0x00016198      0x172 c:/program files (x86)/atmel/studio/7.0/toolchain/avr8/avr8-gnu-toolchain/bin/../lib/gcc/avr/5.4.0/../../../../avr/lib/avrxmega6\libc.a(mk_gmtime.o)
                0x00016198                mk_gmtime
 .text          0x0001630a       0x24 c:/program files (x86)/atmel/studio/7.0/toolchain/avr8/avr8-gnu-toolchain/bin/../lib/gcc/avr/5.4.0/../../../../avr/lib/avrxmega6\libc.a(print_lz.o)
                0x0001630a                __print_lz
 .text          0x0001632e       0x28 c:/program files (x86)/atmel/studio/7.0/toolchain/avr8/avr8-gnu-toolchain/bin/../lib/gcc/avr/5.4.0/../../../../avr/lib/avrxmega6\libc.a(isLeap.o)
                0x0001632e                is_leap_year
                0x00016356                . = ALIGN (0x2)
 *(.text.*)
 .text.bus_AddressSet
                0x00016356       0x16 1_highlevel/bus.o
                0x00016356                bus_AddressSet
 .text.bus_enableMasterSignal
                0x0001636c       0x14 1_highlevel/bus.o
                0x0001636c                bus_enableMasterSignal
 .text.bus_disableMasterSignal
                0x00016380        0x8 1_highlevel/bus.o
                0x00016380                bus_disableMasterSignal
 .text.bus_AddressClear
                0x00016388        0x8 1_highlevel/bus.o
                0x00016388                bus_AddressClear
 .text.bus_clearReset
                0x00016390       0x16 1_highlevel/bus.o
                0x00016390                bus_clearReset
 .text.bus_setReset
                0x000163a6       0x16 1_highlevel/bus.o
                0x000163a6                bus_setReset
 .text._eu_dst  0x000163bc       0x84 1_highlevel/card_mcu.o
 .text.gsh_putc
                0x00016440       0x16 1_highlevel/card_mcu.o
 .text.fm_sendByte
                0x00016456       0x16 1_highlevel/card_mcu.o
 .text.fm_flushRx
                0x0001646c       0x26 1_highlevel/card_mcu.o
 .text.fm_recByte
                0x00016492       0x8c 1_highlevel/card_mcu.o
 .text._dispInit
                0x0001651e       0xca 1_highlevel/card_mcu.o
 .text.mcu_processShell
                0x000165e8       0x1e 1_highlevel/card_mcu.o
                0x000165e8                mcu_processShell
 .text.__vector_58
                0x00016606       0x5c 1_highlevel/card_mcu.o
                0x00016606                __vector_58
 .text.__vector_59
                0x00016662       0x5c 1_highlevel/card_mcu.o
                0x00016662                __vector_59
 .text.__vector_46
                0x000166be       0x5a 1_highlevel/card_mcu.o
                0x000166be                __vector_46
 .text.__vector_43
                0x00016718       0x56 1_highlevel/card_mcu.o
                0x00016718                __vector_43
 .text.get_fattime
                0x0001676e       0xf4 1_highlevel/card_mcu.o
                0x0001676e                get_fattime
 .text.mcuboard_init
                0x00016862      0xe3e 1_highlevel/card_mcu.o
                0x00016862                mcuboard_init
 .text._getProtoMiso
                0x000176a0        0xc 1_highlevel/card_proto.o
 .text._voltageFormat
                0x000176ac       0xe0 1_highlevel/card_proto.o
 .text.protoboard_init
                0x0001778c      0x708 1_highlevel/card_proto.o
                0x0001778c                protoboard_init
 .text.pman_enablePower
                0x00017e94       0x44 1_highlevel/card_proto.o
                0x00017e94                pman_enablePower
 .text.pman_disablePower
                0x00017ed8       0x44 1_highlevel/card_proto.o
                0x00017ed8                pman_disablePower
 .text.pman_setChannel
                0x00017f1c       0xc0 1_highlevel/card_proto.o
                0x00017f1c                pman_setChannel
 .text.pman_clearChannel
                0x00017fdc       0x76 1_highlevel/card_proto.o
                0x00017fdc                pman_clearChannel
 .text._pman_autorange
                0x00018052       0xa2 1_highlevel/card_proto.o
                0x00018052                _pman_autorange
 .text.pman_getVoltages
                0x000180f4       0xc4 1_highlevel/card_proto.o
                0x000180f4                pman_getVoltages
 .text._protoLoopSample
                0x000181b8      0x4e4 1_highlevel/card_proto.o
 .text.cli_cmd_proto
                0x0001869c     0x11dc 1_highlevel/card_proto.o
 .text.pman_acs_init
                0x00019878       0x74 1_highlevel/card_proto.o
                0x00019878                pman_acs_init
 .text.pman_acs_getACSensor
                0x000198ec       0xa2 1_highlevel/card_proto.o
                0x000198ec                pman_acs_getACSensor
 .text.pman_setPowMux
                0x0001998e       0x94 1_highlevel/card_proto.o
                0x0001998e                pman_setPowMux
 .text.pman_setDifMux
                0x00019a22       0x38 1_highlevel/card_proto.o
                0x00019a22                pman_setDifMux
 .text.pman_setADMux
                0x00019a5a       0x3a 1_highlevel/card_proto.o
                0x00019a5a                pman_setADMux
 .text.pman_curSample
                0x00019a94      0x1ac 1_highlevel/card_proto.o
                0x00019a94                pman_curSample
 .text.pman_adcSample
                0x00019c40      0x190 1_highlevel/card_proto.o
                0x00019c40                pman_adcSample
 .text._getPSU_Miso
                0x00019dd0        0xc 1_highlevel/card_psu.o
 .text.psuboard_init
                0x00019ddc      0xcb6 1_highlevel/card_psu.o
                0x00019ddc                psuboard_init
 .text.psu_getExtIOFault
                0x0001aa92       0x68 1_highlevel/card_psu.o
                0x0001aa92                psu_getExtIOFault
 .text.psu_check36VSupply
                0x0001aafa       0x4c 1_highlevel/card_psu.o
                0x0001aafa                psu_check36VSupply
 .text.psu_read36VInput
                0x0001ab46       0x50 1_highlevel/card_psu.o
                0x0001ab46                psu_read36VInput
 .text.psu_read36VOutput
                0x0001ab96       0x46 1_highlevel/card_psu.o
                0x0001ab96                psu_read36VOutput
 .text.psu_set36VOutPin
                0x0001abdc      0x100 1_highlevel/card_psu.o
                0x0001abdc                psu_set36VOutPin
 .text.psu_getFuseInfo
                0x0001acdc      0x1b0 1_highlevel/card_psu.o
                0x0001acdc                psu_getFuseInfo
 .text.psu_controlFuse
                0x0001ae8c       0x7e 1_highlevel/card_psu.o
                0x0001ae8c                psu_controlFuse
 .text.cli_cmd_psu
                0x0001af0a      0xe20 1_highlevel/card_psu.o
 .text.runConsole
                0x0001bd2a       0x1e 1_highlevel/setup.o
                0x0001bd2a                runConsole
 .text.cli_cmd_info
                0x0001bd48       0x20 1_highlevel/shell_cmd.o
                0x0001bd48                cli_cmd_info
 .text.ret_fatfs_result
                0x0001bd68       0x26 1_highlevel/shell_cmd.o
 .text.cli_cmd_restart
                0x0001bd8e       0x16 1_highlevel/shell_cmd.o
                0x0001bd8e                cli_cmd_restart
 .text.scan_files
                0x0001bda4      0x10e 1_highlevel/shell_cmd.o
 .text.dump_line
                0x0001beb2      0x108 1_highlevel/shell_cmd.o
 .text.cli_cmd_fatfs
                0x0001bfba     0x11bc 1_highlevel/shell_cmd.o
                0x0001bfba                cli_cmd_fatfs
 .text.cli_cmd_rtc
                0x0001d176      0x154 1_highlevel/shell_cmd.o
                0x0001d176                cli_cmd_rtc
 .text.cli_cmd_display
                0x0001d2ca      0x2d6 1_highlevel/shell_cmd.o
 .text.cli_cmd_bmp
                0x0001d5a0      0x162 1_highlevel/shell_cmd.o
 .text.cli_cmd_rx
                0x0001d702      0x232 1_highlevel/shell_cmd.o
 .text.cli_cmd_mem
                0x0001d934       0x24 1_highlevel/shell_cmd.o
 .text.bc_handleChar
                0x0001d958      0x13a 2_midlevel/bootcmd.o
 .text.bc_printChar
                0x0001da92       0x1a 2_midlevel/bootcmd.o
 .text.bc_printLevel
                0x0001daac       0xdc 2_midlevel/bootcmd.o
 .text.bc_init  0x0001db88       0x4e 2_midlevel/bootcmd.o
                0x0001db88                bc_init
 .text.bc_setActive
                0x0001dbd6        0xc 2_midlevel/bootcmd.o
                0x0001dbd6                bc_setActive
 .text.bc_print_flash
                0x0001dbe2       0x6c 2_midlevel/bootcmd.o
                0x0001dbe2                bc_print_flash
 .text.bc_log_flash
                0x0001dc4e       0x7e 2_midlevel/bootcmd.o
                0x0001dc4e                bc_log_flash
 .text.ld_dword
                0x0001dccc       0x36 2_midlevel/ff.o
 .text.mem_cpy  0x0001dd02       0x1c 2_midlevel/ff.o
 .text.mem_set  0x0001dd1e       0x10 2_midlevel/ff.o
 .text.clst2sect
                0x0001dd2e       0x50 2_midlevel/ff.o
 .text.get_ldnumber
                0x0001dd7e       0x6c 2_midlevel/ff.o
 .text.validate
                0x0001ddea       0x5a 2_midlevel/ff.o
 .text.sync_window
                0x0001de44       0xb4 2_midlevel/ff.o
 .text.move_window
                0x0001def8       0x7c 2_midlevel/ff.o
 .text.dir_clear
                0x0001df74       0xc4 2_midlevel/ff.o
 .text.sync_fs  0x0001e038       0xec 2_midlevel/ff.o
 .text.put_fat  0x0001e124      0x244 2_midlevel/ff.o
 .text.st_clust
                0x0001e368       0x1a 2_midlevel/ff.o
 .text.get_fat  0x0001e382      0x1be 2_midlevel/ff.o
 .text.dir_sdi  0x0001e540      0x1d6 2_midlevel/ff.o
 .text.create_chain
                0x0001e716      0x2cc 2_midlevel/ff.o
 .text.remove_chain
                0x0001e9e2      0x12a 2_midlevel/ff.o
 .text.dir_next
                0x0001eb0c      0x1fe 2_midlevel/ff.o
 .text.dir_alloc
                0x0001ed0a       0x80 2_midlevel/ff.o
 .text.dir_register
                0x0001ed8a       0x68 2_midlevel/ff.o
 .text.dir_read
                0x0001edf2       0x92 2_midlevel/ff.o
 .text.check_fs
                0x0001ee84      0x17a 2_midlevel/ff.o
 .text.mount_volume
                0x0001effe      0x694 2_midlevel/ff.o
 .text.get_fileinfo
                0x0001f692       0xc8 2_midlevel/ff.o
 .text.ld_clust
                0x0001f75a       0x44 2_midlevel/ff.o
 .text.follow_path
                0x0001f79e      0x234 2_midlevel/ff.o
 .text.f_mount  0x0001f9d2       0x84 2_midlevel/ff.o
                0x0001f9d2                f_mount
 .text.f_open   0x0001fa56      0x3be 2_midlevel/ff.o
                0x0001fa56                f_open
 .text.f_read   0x0001fe14      0x2fc 2_midlevel/ff.o
                0x0001fe14                f_read
 .text.f_write  0x00020110      0x39e 2_midlevel/ff.o
                0x00020110                f_write
 .text.f_sync   0x000204ae       0xfc 2_midlevel/ff.o
                0x000204ae                f_sync
 .text.f_close  0x000205aa       0x3e 2_midlevel/ff.o
                0x000205aa                f_close
 .text.f_lseek  0x000205e8      0x3c8 2_midlevel/ff.o
                0x000205e8                f_lseek
 .text.f_opendir
                0x000209b0       0xc0 2_midlevel/ff.o
                0x000209b0                f_opendir
 .text.f_readdir
                0x00020a70       0x7c 2_midlevel/ff.o
                0x00020a70                f_readdir
 .text.f_getfree
                0x00020aec      0x204 2_midlevel/ff.o
                0x00020aec                f_getfree
 .text.f_truncate
                0x00020cf0      0x19a 2_midlevel/ff.o
                0x00020cf0                f_truncate
 .text.f_unlink
                0x00020e8a      0x138 2_midlevel/ff.o
                0x00020e8a                f_unlink
 .text.f_mkdir  0x00020fc2      0x1e0 2_midlevel/ff.o
                0x00020fc2                f_mkdir
 .text.f_rename
                0x000211a2      0x21c 2_midlevel/ff.o
                0x000211a2                f_rename
 .text.f_getlabel
                0x000213be      0x114 2_midlevel/ff.o
                0x000213be                f_getlabel
 .text.f_setlabel
                0x000214d2      0x240 2_midlevel/ff.o
                0x000214d2                f_setlabel
 .text.f_mkfs   0x00021712     0x126e 2_midlevel/ff.o
                0x00021712                f_mkfs
 .text.file_modem_init
                0x00022980       0x1a 2_midlevel/file_modem.o
                0x00022980                file_modem_init
 .text.xmodem_receive
                0x0002299a      0x350 2_midlevel/file_modem.o
                0x0002299a                xmodem_receive
 .text.fc_init  0x00022cea       0x52 2_midlevel/flashcache.o
                0x00022cea                fc_init
 .text.fc_getFlash
                0x00022d3c       0x4c 2_midlevel/flashcache.o
                0x00022d3c                fc_getFlash
 .text.fc_sync  0x00022d88       0x8e 2_midlevel/flashcache.o
                0x00022d88                fc_sync
 .text.fc_read  0x00022e16      0x1c8 2_midlevel/flashcache.o
                0x00022e16                fc_read
 .text.fc_write
                0x00022fde      0x15e 2_midlevel/flashcache.o
                0x00022fde                fc_write
 .text.cache_syncBlocks
                0x0002313c        0xa 2_midlevel/flashcache.o
                0x0002313c                cache_syncBlocks
 .text.cache_writeBlocks
                0x00023146       0x4e 2_midlevel/flashcache.o
                0x00023146                cache_writeBlocks
 .text.cache_readBlocks
                0x00023194       0x4e 2_midlevel/flashcache.o
                0x00023194                cache_readBlocks
 .text.disk_status
                0x000231e2        0x4 2_midlevel/flashcache.o
                0x000231e2                disk_status
 .text.disk_initialize
                0x000231e6        0x4 2_midlevel/flashcache.o
                0x000231e6                disk_initialize
 .text.disk_read
                0x000231ea       0x18 2_midlevel/flashcache.o
                0x000231ea                disk_read
 .text.disk_write
                0x00023202       0x18 2_midlevel/flashcache.o
                0x00023202                disk_write
 .text.disk_ioctl
                0x0002321a       0x7e 2_midlevel/flashcache.o
                0x0002321a                disk_ioctl
 .text.gshell_register_cmd
                0x00023298       0x3a 2_midlevel/gshell.o
                0x00023298                gshell_register_cmd
 .text.gshell_putChar
                0x000232d2       0x14 2_midlevel/gshell.o
                0x000232d2                gshell_putChar
 .text._gshell_echo
                0x000232e6       0x34 2_midlevel/gshell.o
 .text.gshell_putString
                0x0002331a       0x26 2_midlevel/gshell.o
                0x0002331a                gshell_putString
 .text.gshell_putString_flash
                0x00023340       0x50 2_midlevel/gshell.o
                0x00023340                gshell_putString_flash
 .text._gshell_process
                0x00023390      0x16c 2_midlevel/gshell.o
                0x00023390                _gshell_process
 .text.gshell_CharReceived
                0x000234fc       0x76 2_midlevel/gshell.o
                0x000234fc                gshell_CharReceived
 .text.gshell_init
                0x00023572       0x38 2_midlevel/gshell.o
                0x00023572                gshell_init
 .text.gshell_setPromt
                0x000235aa       0x2c 2_midlevel/gshell.o
                0x000235aa                gshell_setPromt
 .text.gshell_cmd_help
                0x000235d6      0x2cc 2_midlevel/gshell.o
                0x000235d6                gshell_cmd_help
 .text.gshell_printf_flash
                0x000238a2       0x48 2_midlevel/gshell.o
                0x000238a2                gshell_printf_flash
 .text.gshell_log_flash
                0x000238ea      0x12e 2_midlevel/gshell.o
                0x000238ea                gshell_log_flash
 .text.get_mem_unused
                0x00023a18       0x1a 2_midlevel/mem-check.o
                0x00023a18                get_mem_unused
 .text.encoderInit
                0x00023a32       0x48 2_midlevel/qdec.o
                0x00023a32                encoderInit
 .text.encoderScan
                0x00023a7a       0x7e 2_midlevel/qdec.o
                0x00023a7a                encoderScan
 .text.encoderProcess
                0x00023af8      0x31a 2_midlevel/qdec.o
                0x00023af8                encoderProcess
 .text.encoderHide
                0x00023e12       0x96 2_midlevel/qdec.o
                0x00023e12                encoderHide
 .text.RAHelper_prepareImgUpload
                0x00023ea8       0xa0 2_midlevel/RA8876Helper.o
                0x00023ea8                RAHelper_prepareImgUpload
 .text._ff_read8
                0x00023f48       0x2c 2_midlevel/RA8876Helper.o
                0x00023f48                _ff_read8
 .text._ff_read16
                0x00023f74       0x38 2_midlevel/RA8876Helper.o
                0x00023f74                _ff_read16
 .text._ff_read24
                0x00023fac       0x4c 2_midlevel/RA8876Helper.o
                0x00023fac                _ff_read24
 .text._ff_read32
                0x00023ff8       0x4c 2_midlevel/RA8876Helper.o
                0x00023ff8                _ff_read32
 .text.RAHelper_loadBitmapFromFIL
                0x00024044      0x482 2_midlevel/RA8876Helper.o
                0x00024044                RAHelper_loadBitmapFromFIL
 .text.RAHelper_loadBitmapFromPath
                0x000244c6       0xe0 2_midlevel/RA8876Helper.o
                0x000244c6                RAHelper_loadBitmapFromPath
 .text.RAHelper_loadBinaryOnFlash
                0x000245a6      0x166 2_midlevel/RA8876Helper.o
                0x000245a6                RAHelper_loadBinaryOnFlash
 .text.RAHelper_displayBitmapFromFlash
                0x0002470c       0x7c 2_midlevel/RA8876Helper.o
                0x0002470c                RAHelper_displayBitmapFromFlash
 .text.__vector_47
                0x00024788       0x4a 3_lowlevel/gesiFramework.o
                0x00024788                __vector_47
 .text.gf_millis
                0x000247d2       0x18 3_lowlevel/gesiFramework.o
                0x000247d2                gf_millis
 .text.gf_init  0x000247ea       0x1e 3_lowlevel/gesiFramework.o
                0x000247ea                gf_init
 .text.gf_TimeCheck
                0x00024808       0x3c 3_lowlevel/gesiFramework.o
                0x00024808                gf_TimeCheck
 .text.hwSPI_init
                0x00024844        0x8 3_lowlevel/hwSPI.o
                0x00024844                hwSPI_init
 .text.hwSPI_setBitOrder
                0x0002484c       0x16 3_lowlevel/hwSPI.o
                0x0002484c                hwSPI_setBitOrder
 .text.hwSPI_setDataMode
                0x00024862        0xc 3_lowlevel/hwSPI.o
                0x00024862                hwSPI_setDataMode
 .text.hwSPI_setClockDivider
                0x0002486e        0xc 3_lowlevel/hwSPI.o
                0x0002486e                hwSPI_setClockDivider
 .text.hwSPI_transfer
                0x0002487a        0xe 3_lowlevel/hwSPI.o
                0x0002487a                hwSPI_transfer
 .text.hwSPI_InterfacePrepare
                0x00024888       0x58 3_lowlevel/hwSPI.o
                0x00024888                hwSPI_InterfacePrepare
 .text.hwSPI_InterfaceSendBytes
                0x000248e0       0x56 3_lowlevel/hwSPI.o
                0x000248e0                hwSPI_InterfaceSendBytes
 .text.hwSPI_InterfaceTransceiveBytes
                0x00024936       0x58 3_lowlevel/hwSPI.o
                0x00024936                hwSPI_InterfaceTransceiveBytes
 .text.hwSPI_InterfaceFinish
                0x0002498e       0x22 3_lowlevel/hwSPI.o
                0x0002498e                hwSPI_InterfaceFinish
 .text.TWI_MasterInit
                0x000249b0       0x22 3_lowlevel/twi_master_driver.o
                0x000249b0                TWI_MasterInit
 .text.TWI_MasterWriteRead
                0x000249d2       0xbc 3_lowlevel/twi_master_driver.o
                0x000249d2                TWI_MasterWriteRead
 .text.TWI_MasterWrite
                0x00024a8e        0xc 3_lowlevel/twi_master_driver.o
                0x00024a8e                TWI_MasterWrite
 .text.TWI_MasterRead
                0x00024a9a       0x12 3_lowlevel/twi_master_driver.o
                0x00024a9a                TWI_MasterRead
 .text.TWI_MasterArbitrationLostBusErrorHandler
                0x00024aac       0x30 3_lowlevel/twi_master_driver.o
                0x00024aac                TWI_MasterArbitrationLostBusErrorHandler
 .text.TWI_MasterWriteHandler
                0x00024adc       0x80 3_lowlevel/twi_master_driver.o
                0x00024adc                TWI_MasterWriteHandler
 .text.TWI_MasterReadHandler
                0x00024b5c       0x7e 3_lowlevel/twi_master_driver.o
                0x00024b5c                TWI_MasterReadHandler
 .text.TWI_MasterInterruptHandler
                0x00024bda       0x38 3_lowlevel/twi_master_driver.o
                0x00024bda                TWI_MasterInterruptHandler
 .text.TWI_InterfacePrepare
                0x00024c12        0xa 3_lowlevel/twi_master_driver.o
                0x00024c12                TWI_InterfacePrepare
 .text.TWI_InterfaceSendBytes
                0x00024c1c       0x40 3_lowlevel/twi_master_driver.o
                0x00024c1c                TWI_InterfaceSendBytes
 .text.TWI_InterfaceGetBytes
                0x00024c5c       0x98 3_lowlevel/twi_master_driver.o
                0x00024c5c                TWI_InterfaceGetBytes
 .text.TWI_InterfaceFinish
                0x00024cf4        0x4 3_lowlevel/twi_master_driver.o
                0x00024cf4                TWI_InterfaceFinish
 .text.uart_receive_interrupt
                0x00024cf8       0x68 3_lowlevel/uart.o
                0x00024cf8                uart_receive_interrupt
 .text.uart_transmit_interrupt
                0x00024d60       0x3c 3_lowlevel/uart.o
                0x00024d60                uart_transmit_interrupt
 .text.uart_init
                0x00024d9c       0x9c 3_lowlevel/uart.o
                0x00024d9c                uart_init
 .text.uart_putc
                0x00024e38       0x2e 3_lowlevel/uart.o
                0x00024e38                uart_putc
 .text.uart_getc
                0x00024e66       0x3c 3_lowlevel/uart.o
                0x00024e66                uart_getc
 .text.usartSPI_init
                0x00024ea2       0x40 3_lowlevel/uartSPI.o
                0x00024ea2                usartSPI_init
 .text.usartSPI_port
                0x00024ee2       0x1a 3_lowlevel/uartSPI.o
                0x00024ee2                usartSPI_port
 .text.usartSPI_transfer
                0x00024efc       0x1e 3_lowlevel/uartSPI.o
                0x00024efc                usartSPI_transfer
 .text.usartSPI_InterfacePrepare
                0x00024f1a       0x22 3_lowlevel/uartSPI.o
                0x00024f1a                usartSPI_InterfacePrepare
 .text.usartSPI_InterfaceSendBytes
                0x00024f3c       0x4a 3_lowlevel/uartSPI.o
                0x00024f3c                usartSPI_InterfaceSendBytes
 .text.usartSPI_InterfaceTransceiveBytes
                0x00024f86       0x4c 3_lowlevel/uartSPI.o
                0x00024f86                usartSPI_InterfaceTransceiveBytes
 .text.usartSPI_InterfaceGetBytes
                0x00024fd2       0x4c 3_lowlevel/uartSPI.o
                0x00024fd2                usartSPI_InterfaceGetBytes
 .text.usartSPI_InterfaceFinish
                0x0002501e       0x22 3_lowlevel/uartSPI.o
                0x0002501e                usartSPI_InterfaceFinish
 .text.acs_setupSPI
                0x00025040       0x26 4_icdriver/acs37800.o
                0x00025040                acs_setupSPI
 .text.acs_writeReg
                0x00025066       0xea 4_icdriver/acs37800.o
                0x00025066                acs_writeReg
 .text.acs_readReg
                0x00025150      0x170 4_icdriver/acs37800.o
                0x00025150                acs_readReg
 .text.acs_init
                0x000252c0       0x34 4_icdriver/acs37800.o
                0x000252c0                acs_init
 .text.acs_SignExtendBitfield
                0x000252f4       0x76 4_icdriver/acs37800.o
                0x000252f4                acs_SignExtendBitfield
 .text.acs_ConvertSignedFixedPoint
                0x0002536a       0x52 4_icdriver/acs37800.o
                0x0002536a                acs_ConvertSignedFixedPoint
 .text.acs_getVIRMS
                0x000253bc       0xda 4_icdriver/acs37800.o
                0x000253bc                acs_getVIRMS
 .text.acs_getPACTIMAG
                0x00025496       0xc2 4_icdriver/acs37800.o
                0x00025496                acs_getPACTIMAG
 .text.acs_getPAPPFACT
                0x00025558       0xf6 4_icdriver/acs37800.o
                0x00025558                acs_getPAPPFACT
 .text.adg_initStruct
                0x0002564e       0x1c 4_icdriver/adg725.o
                0x0002564e                adg_initStruct
 .text.adg_setMux
                0x0002566a       0x68 4_icdriver/adg725.o
                0x0002566a                adg_setMux
 .text.adg_init
                0x000256d2        0x8 4_icdriver/adg725.o
                0x000256d2                adg_init
 .text.ads_initStruct
                0x000256da       0x28 4_icdriver/ads1018.o
                0x000256da                ads_initStruct
 .text.ads_setMux
                0x00025702       0x18 4_icdriver/ads1018.o
                0x00025702                ads_setMux
 .text.ads_setFSR
                0x0002571a       0x16 4_icdriver/ads1018.o
                0x0002571a                ads_setFSR
 .text.ads_setSampleRate
                0x00025730       0x12 4_icdriver/ads1018.o
                0x00025730                ads_setSampleRate
 .text.ads_startConversion
                0x00025742       0x74 4_icdriver/ads1018.o
                0x00025742                ads_startConversion
 .text.ads_isBusy
                0x000257b6       0x38 4_icdriver/ads1018.o
                0x000257b6                ads_isBusy
 .text.ads_getADCResult
                0x000257ee       0x80 4_icdriver/ads1018.o
                0x000257ee                ads_getADCResult
 .text.ads_convertRightJustified
                0x0002586e       0x26 4_icdriver/ads1018.o
                0x0002586e                ads_convertRightJustified
 .text.ads_getConfig
                0x00025894       0x88 4_icdriver/ads1018.o
                0x00025894                ads_getConfig
 .text.ads_init
                0x0002591c       0x3c 4_icdriver/ads1018.o
                0x0002591c                ads_init
 .text.max14_crc5encode
                0x00025958       0x9c 4_icdriver/max14915.o
                0x00025958                max14_crc5encode
 .text.max14_crc5_decode
                0x000259f4       0xc0 4_icdriver/max14915.o
                0x000259f4                max14_crc5_decode
 .text.max14_readReg
                0x00025ab4       0xe4 4_icdriver/max14915.o
                0x00025ab4                max14_readReg
 .text.max14_writeReg
                0x00025b98       0xe4 4_icdriver/max14915.o
                0x00025b98                max14_writeReg
 .text.max14_initStruct
                0x00025c7c       0x1c 4_icdriver/max14915.o
                0x00025c7c                max14_initStruct
 .text.max14_init
                0x00025c98       0x90 4_icdriver/max14915.o
                0x00025c98                max14_init
 .text.max14_getGlobalFault
                0x00025d28        0xc 4_icdriver/max14915.o
                0x00025d28                max14_getGlobalFault
 .text.max14_setOutput
                0x00025d34       0x18 4_icdriver/max14915.o
                0x00025d34                max14_setOutput
 .text.max22_getCRC
                0x00025d4c       0x8e 4_icdriver/max22190.o
                0x00025d4c                max22_getCRC
 .text.max22_initStruct
                0x00025dda       0x1c 4_icdriver/max22190.o
                0x00025dda                max22_initStruct
 .text.max22_readReg
                0x00025df6       0xe2 4_icdriver/max22190.o