Archive member included to satisfy reference by file (symbol)

c:/program files (x86)/atmel/studio/7.0/toolchain/avr8/avr8-gnu-toolchain/bin/../lib/gcc/avr/5.4.0/avrxmega6\libgcc.a(_mulsi3.o)
                              midlevel/ff.o (__mulsi3)
c:/program files (x86)/atmel/studio/7.0/toolchain/avr8/avr8-gnu-toolchain/bin/../lib/gcc/avr/5.4.0/avrxmega6\libgcc.a(_divmodhi4.o)
                              midlevel/pifdec/pifdec.o (__divmodhi4)
c:/program files (x86)/atmel/studio/7.0/toolchain/avr8/avr8-gnu-toolchain/bin/../lib/gcc/avr/5.4.0/avrxmega6\libgcc.a(_udivmodsi4.o)
                              midlevel/ff.o (__udivmodsi4)
c:/program files (x86)/atmel/studio/7.0/toolchain/avr8/avr8-gnu-toolchain/bin/../lib/gcc/avr/5.4.0/avrxmega6\libgcc.a(_exit.o)
                              C:/Program Files (x86)/Atmel/Studio/7.0/Packs/Atmel/XMEGAC_DFP/1.2.112/gcc/dev/atxmega384c3/avrxmega6/crtatxmega384c3.o (exit)
c:/program files (x86)/atmel/studio/7.0/toolchain/avr8/avr8-gnu-toolchain/bin/../lib/gcc/avr/5.4.0/avrxmega6\libgcc.a(_tablejump2.o)
                              card_mcu.o (__tablejump2__)
c:/program files (x86)/atmel/studio/7.0/toolchain/avr8/avr8-gnu-toolchain/bin/../lib/gcc/avr/5.4.0/avrxmega6\libgcc.a(_copy_data.o)
                              midlevel/ff.o (__do_copy_data)
c:/program files (x86)/atmel/studio/7.0/toolchain/avr8/avr8-gnu-toolchain/bin/../lib/gcc/avr/5.4.0/avrxmega6\libgcc.a(_clear_bss.o)
                              midlevel/ff.o (__do_clear_bss)
c:/program files (x86)/atmel/studio/7.0/toolchain/avr8/avr8-gnu-toolchain/bin/../lib/gcc/avr/5.4.0/avrxmega6\libgcc.a(_muluhisi3.o)
                              midlevel/ff.o (__muluhisi3)
c:/program files (x86)/atmel/studio/7.0/toolchain/avr8/avr8-gnu-toolchain/bin/../lib/gcc/avr/5.4.0/avrxmega6\libgcc.a(_xload_1.o)
                              midlevel/gshell/gshell.o (__xload_1)
c:/program files (x86)/atmel/studio/7.0/toolchain/avr8/avr8-gnu-toolchain/bin/../lib/gcc/avr/5.4.0/avrxmega6\libgcc.a(_xload_3.o)
                              midlevel/gshell/gshell.o (__xload_3)
c:/program files (x86)/atmel/studio/7.0/toolchain/avr8/avr8-gnu-toolchain/bin/../lib/gcc/avr/5.4.0/avrxmega6\libgcc.a(_udivmodhi4.o)
                              c:/program files (x86)/atmel/studio/7.0/toolchain/avr8/avr8-gnu-toolchain/bin/../lib/gcc/avr/5.4.0/avrxmega6\libgcc.a(_divmodhi4.o) (__udivmodhi4)
c:/program files (x86)/atmel/studio/7.0/toolchain/avr8/avr8-gnu-toolchain/bin/../lib/gcc/avr/5.4.0/avrxmega6\libgcc.a(_umulhisi3.o)
                              c:/program files (x86)/atmel/studio/7.0/toolchain/avr8/avr8-gnu-toolchain/bin/../lib/gcc/avr/5.4.0/avrxmega6\libgcc.a(_muluhisi3.o) (__umulhisi3)
c:/program files (x86)/atmel/studio/7.0/toolchain/avr8/avr8-gnu-toolchain/bin/../lib/gcc/avr/5.4.0/../../../../avr/lib/avrxmega6\libc.a(strtol.o)
                              shell_cmd.o (strtol)
c:/program files (x86)/atmel/studio/7.0/toolchain/avr8/avr8-gnu-toolchain/bin/../lib/gcc/avr/5.4.0/../../../../avr/lib/avrxmega6\libc.a(strtoul.o)
                              shell_cmd.o (strtoul)
c:/program files (x86)/atmel/studio/7.0/toolchain/avr8/avr8-gnu-toolchain/bin/../lib/gcc/avr/5.4.0/../../../../avr/lib/avrxmega6\libc.a(atoi.o)
                              card_mcu.o (atoi)
c:/program files (x86)/atmel/studio/7.0/toolchain/avr8/avr8-gnu-toolchain/bin/../lib/gcc/avr/5.4.0/../../../../avr/lib/avrxmega6\libc.a(isspace.o)
                              c:/program files (x86)/atmel/studio/7.0/toolchain/avr8/avr8-gnu-toolchain/bin/../lib/gcc/avr/5.4.0/../../../../avr/lib/avrxmega6\libc.a(strtol.o) (isspace)
c:/program files (x86)/atmel/studio/7.0/toolchain/avr8/avr8-gnu-toolchain/bin/../lib/gcc/avr/5.4.0/../../../../avr/lib/avrxmega6\libc.a(strcmp_PF.o)
                              shell_cmd.o (strcmp_PF)
c:/program files (x86)/atmel/studio/7.0/toolchain/avr8/avr8-gnu-toolchain/bin/../lib/gcc/avr/5.4.0/../../../../avr/lib/avrxmega6\libc.a(strncmp_PF.o)
                              midlevel/gshell/gshell.o (strncmp_PF)
c:/program files (x86)/atmel/studio/7.0/toolchain/avr8/avr8-gnu-toolchain/bin/../lib/gcc/avr/5.4.0/../../../../avr/lib/avrxmega6\libc.a(strncpy_PF.o)
                              midlevel/gshell/gshell.o (strncpy_PF)
c:/program files (x86)/atmel/studio/7.0/toolchain/avr8/avr8-gnu-toolchain/bin/../lib/gcc/avr/5.4.0/../../../../avr/lib/avrxmega6\libc.a(strnlen_PF.o)
                              midlevel/gshell/gshell.o (strnlen_PF)
c:/program files (x86)/atmel/studio/7.0/toolchain/avr8/avr8-gnu-toolchain/bin/../lib/gcc/avr/5.4.0/../../../../avr/lib/avrxmega6\libc.a(strtok.o)
                              midlevel/gshell/gshell.o (strtok)
c:/program files (x86)/atmel/studio/7.0/toolchain/avr8/avr8-gnu-toolchain/bin/../lib/gcc/avr/5.4.0/../../../../avr/lib/avrxmega6\libc.a(memcpy.o)
                              midlevel/flashcache.o (memcpy)
[...]
Memory Configuration

Name             Origin             Length             Attributes
text             0x00000000         0x00062000         xr
data             0x00802000         0x00008000         rw !x
eeprom           0x00810000         0x00001000         rw !x
fuse             0x00820000         0x00000006         rw !x
lock             0x00830000         0x00000400         rw !x
signature        0x00840000         0x00000400         rw !x
user_signatures  0x00850000         0x00000400         rw !x
*default*        0x00000000         0xffffffff

Linker script and memory map

LOAD C:/Program Files (x86)/Atmel/Studio/7.0/Packs/Atmel/XMEGAC_DFP/1.2.112/gcc/dev/atxmega384c3/avrxmega6/crtatxmega384c3.o
LOAD midlevel/ff.o
LOAD midlevel/file_modem/file_modem.o
LOAD midlevel/flashcache.o
LOAD midlevel/gshell/example/example.o
LOAD midlevel/gshell/gshell.o
LOAD midlevel/pifdec/pifdec.o
LOAD midlevel/RA8876Helper.o
LOAD lowlevel/gesiFramework.o
LOAD lowlevel/hwSPI.o
LOAD lowlevel/twi_master_driver.o
LOAD lowlevel/xmegaUARTSPI/uartSPI.o
LOAD lowlevel/xmegaUSART/uart.o
LOAD icdriver/mcp23.o
LOAD icdriver/RA8876/main.o
LOAD icdriver/RA8876/RA8876.o
LOAD icdriver/RA8876/RA8876_cursors.o
LOAD icdriver/RA8876/touch.o
LOAD icdriver/RTC-RV3028/rtc_rv3028.o
LOAD icdriver/spiflash/spiflash.o
LOAD card_mcu.o
LOAD main.o
LOAD shell_cmd.o
START GROUP
LOAD c:/program files (x86)/atmel/studio/7.0/toolchain/avr8/avr8-gnu-toolchain/bin/../lib/gcc/avr/5.4.0/../../../../avr/lib/avrxmega6\libm.a
END GROUP
START GROUP
LOAD c:/program files (x86)/atmel/studio/7.0/toolchain/avr8/avr8-gnu-toolchain/bin/../lib/gcc/avr/5.4.0/avrxmega6\libgcc.a
LOAD c:/program files (x86)/atmel/studio/7.0/toolchain/avr8/avr8-gnu-toolchain/bin/../lib/gcc/avr/5.4.0/../../../../avr/lib/avrxmega6\libm.a
LOAD c:/program files (x86)/atmel/studio/7.0/toolchain/avr8/avr8-gnu-toolchain/bin/../lib/gcc/avr/5.4.0/../../../../avr/lib/avrxmega6\libc.a
LOAD C:/Program Files (x86)/Atmel/Studio/7.0/Packs/Atmel/XMEGAC_DFP/1.2.112/gcc/dev/atxmega384c3/avrxmega6\libatxmega384c3.a
END GROUP
                [0x00000000]                __TEXT_REGION_ORIGIN__ = DEFINED (__TEXT_REGION_ORIGIN__)?__TEXT_REGION_ORIGIN__:0x0
                [0x00802000]                __DATA_REGION_ORIGIN__ = DEFINED (__DATA_REGION_ORIGIN__)?__DATA_REGION_ORIGIN__:0x802000
                [0x00062000]                __TEXT_REGION_LENGTH__ = DEFINED (__TEXT_REGION_LENGTH__)?__TEXT_REGION_LENGTH__:0x100000
                [0x00008000]                __DATA_REGION_LENGTH__ = DEFINED (__DATA_REGION_LENGTH__)?__DATA_REGION_LENGTH__:0xffa0
                [0x00001000]                __EEPROM_REGION_LENGTH__ = DEFINED (__EEPROM_REGION_LENGTH__)?__EEPROM_REGION_LENGTH__:0x10000
                [0x00000006]                __FUSE_REGION_LENGTH__ = DEFINED (__FUSE_REGION_LENGTH__)?__FUSE_REGION_LENGTH__:0x400
                0x00000400                __LOCK_REGION_LENGTH__ = DEFINED (__LOCK_REGION_LENGTH__)?__LOCK_REGION_LENGTH__:0x400
                0x00000400                __SIGNATURE_REGION_LENGTH__ = DEFINED (__SIGNATURE_REGION_LENGTH__)?__SIGNATURE_REGION_LENGTH__:0x400
                0x00000400                __USER_SIGNATURE_REGION_LENGTH__ = DEFINED (__USER_SIGNATURE_REGION_LENGTH__)?__USER_SIGNATURE_REGION_LENGTH__:0x400

.hash
 *(.hash)

.dynsym
 *(.dynsym)

.dynstr
 *(.dynstr)

.gnu.version
 *(.gnu.version)

.gnu.version_d
 *(.gnu.version_d)

.gnu.version_r
 *(.gnu.version_r)

.rel.init
 *(.rel.init)

.rela.init
 *(.rela.init)

.rel.text
 *(.rel.text)
 *(.rel.text.*)
 *(.rel.gnu.linkonce.t*)

.rela.text
 *(.rela.text)
 *(.rela.text.*)
 *(.rela.gnu.linkonce.t*)

.rel.fini
 *(.rel.fini)

.rela.fini
 *(.rela.fini)

.rel.rodata
 *(.rel.rodata)
 *(.rel.rodata.*)
 *(.rel.gnu.linkonce.r*)

.rela.rodata
 *(.rela.rodata)
 *(.rela.rodata.*)
 *(.rela.gnu.linkonce.r*)

.rel.data
 *(.rel.data)
 *(.rel.data.*)
 *(.rel.gnu.linkonce.d*)

.rela.data
 *(.rela.data)
 *(.rela.data.*)
 *(.rela.gnu.linkonce.d*)

.rel.ctors
 *(.rel.ctors)

.rela.ctors
 *(.rela.ctors)

.rel.dtors
 *(.rel.dtors)

.rela.dtors
 *(.rela.dtors)

.rel.got
 *(.rel.got)

.rela.got
 *(.rela.got)

.rel.bss
 *(.rel.bss)

.rela.bss
 *(.rela.bss)

.rel.plt
 *(.rel.plt)

.rela.plt
 *(.rela.plt)

.text           0x00000000     0xecb8
 *(.vectors)
 .vectors       0x00000000      0x1fc C:/Program Files (x86)/Atmel/Studio/7.0/Packs/Atmel/XMEGAC_DFP/1.2.112/gcc/dev/atxmega384c3/avrxmega6/crtatxmega384c3.o
                0x00000000                __vector_default
                0x00000000                __vectors
 *(.vectors)
 *(.progmem.gcc*)
 .progmem.gcc_sw_table.ImagePrepare
                0x000001fc       0x10 card_mcu.o
 .progmem.gcc_sw_table.ImageWrite
                0x0000020c       0x10 card_mcu.o
 .progmem.gcc_sw_table.cli_cmd_fatfs
                0x0000021c       0x2e shell_cmd.o
                0x0000024a                . = ALIGN (0x2)
                0x0000024a                __trampolines_start = .
 *(.trampolines)
 .trampolines   0x0000024a       0xe0 linker stubs
 *(.trampolines*)
                0x0000032a                __trampolines_end = .
 *libprintf_flt.a:*(.progmem.data)
 *libc.a:*(.progmem.data)
 *(.progmem*)
 .progmemx.data.__fc.4100
                0x0000032a        0x3 midlevel/gshell/gshell.o
 .progmemx.data.__fc.4098
                0x0000032d       0x13 midlevel/gshell/gshell.o
 .progmemx.data.__fc.4096
                0x00000340        0x9 midlevel/gshell/gshell.o
 .progmemx.data.__fc.4061
                0x00000349        0x8 midlevel/gshell/gshell.o
 .progmemx.data.__fc.4059
                0x00000351        0x6 midlevel/gshell/gshell.o
 .progmemx.data.__fc.4053
                0x00000357        0x3 midlevel/gshell/gshell.o
 .progmemx.data.__fc.4051
                0x0000035a        0xd midlevel/gshell/gshell.o
 .progmemx.data.__fc.4049
                0x00000367        0x6 midlevel/gshell/gshell.o
 .progmemx.data.__fc.4044
                0x0000036d        0x8 midlevel/gshell/gshell.o
 .progmemx.data.__fc.4042
                0x00000375        0x6 midlevel/gshell/gshell.o
 .progmemx.data.__fc.4036
                0x0000037b        0x3 midlevel/gshell/gshell.o
 .progmemx.data.__fc.4034
                0x0000037e        0xd midlevel/gshell/gshell.o
 .progmemx.data.__fc.4032
                0x0000038b        0x6 midlevel/gshell/gshell.o
 .progmemx.data.__fc.4012
                0x00000391       0x13 midlevel/gshell/gshell.o
 .progmemx.data.__fc.4001
                0x000003a4        0x4 midlevel/gshell/gshell.o
 .progmemx.data.__fc.3993
                0x000003a8       0x13 midlevel/gshell/gshell.o
 .progmemx.data.__fc.3991
                0x000003bb       0x2f midlevel/gshell/gshell.o
 .progmemx.data.__fc.3989
                0x000003ea       0x2f midlevel/gshell/gshell.o
 .progmemx.data.__fc.3987
                0x00000419       0x12 midlevel/gshell/gshell.o
 .progmemx.data.console_levels
                0x0000042b       0x12 midlevel/gshell/gshell.o
 .progmemx.data.__compound_literal.7
                0x0000043d       0x1f midlevel/gshell/gshell.o
 .progmemx.data.__compound_literal.6
                0x0000045c       0x1b midlevel/gshell/gshell.o
 .progmemx.data.__compound_literal.5
                0x00000477       0x1b midlevel/gshell/gshell.o
 .progmemx.data.__compound_literal.4
                0x00000492       0x1b midlevel/gshell/gshell.o
 .progmemx.data.__compound_literal.3
                0x000004ad       0x12 midlevel/gshell/gshell.o
 .progmemx.data.__compound_literal.2
                0x000004bf        0xa midlevel/gshell/gshell.o
 .progmemx.data.__compound_literal.1
                0x000004c9       0x1d midlevel/gshell/gshell.o
 .progmemx.data.__compound_literal.0
                0x000004e6        0x5 midlevel/gshell/gshell.o
 .progmemx.data.color_table_16C
                0x000004eb       0x20 midlevel/pifdec/pifdec.o
                0x000004eb                color_table_16C
 .progmemx.data.__fc.4956
                0x0000050b       0x1d midlevel/RA8876Helper.o
 .progmemx.data.__fc.4954
                0x00000528       0x24 midlevel/RA8876Helper.o
 .progmemx.data.__fc.4952
                0x0000054c       0x16 midlevel/RA8876Helper.o
 .progmemx.data.__fc.4950
                0x00000562       0x26 midlevel/RA8876Helper.o
 .progmemx.data.__fc.4948
                0x00000588        0xd midlevel/RA8876Helper.o
 .progmemx.data.RA8876_gImage_pen_il
                0x00000595      0x100 icdriver/RA8876/RA8876_cursors.o
                0x00000595                RA8876_gImage_pen_il
 .progmemx.data.RA8876_gImage_arrow_il
                0x00000695      0x100 icdriver/RA8876/RA8876_cursors.o
                0x00000695                RA8876_gImage_arrow_il
 .progmemx.data.RA8876_gImage_no_im
                0x00000795      0x100 icdriver/RA8876/RA8876_cursors.o
                0x00000795                RA8876_gImage_no_im
 .progmemx.data.RA8876_gImage_busy_im
                0x00000895      0x100 icdriver/RA8876/RA8876_cursors.o
                0x00000895                RA8876_gImage_busy_im
 .progmemx.data.GTP_CFG_DATA
                0x00000995       0xbc icdriver/RA8876/touch.o
                0x00000995                GTP_CFG_DATA
 .progmemx.data.__fc.6221
                0x00000a51       0x19 card_mcu.o
 .progmemx.data.__fc.6219
                0x00000a6a       0x1a card_mcu.o
 .progmemx.data.__fc.6217
                0x00000a84       0x27 card_mcu.o
 .progmemx.data.__fc.6215
                0x00000aab       0x2f card_mcu.o
 .progmemx.data.__fc.6213
                0x00000ada       0x2f card_mcu.o
 .progmemx.data.__fc.6210
                0x00000b09       0x1c card_mcu.o
 .progmemx.data.__fc.6208
                0x00000b25       0x19 card_mcu.o
 .progmemx.data.__fc.6206
                0x00000b3e       0x2a card_mcu.o
 .progmemx.data.__fc.6204
                0x00000b68       0x26 card_mcu.o
 .progmemx.data.__fc.6155
                0x00000b8e       0x24 card_mcu.o
 .progmemx.data.__fc.6153
                0x00000bb2       0x2f card_mcu.o
 .progmemx.data.__fc.6151
                0x00000be1       0x25 card_mcu.o
 .progmemx.data.__fc.6180
                0x00000c06       0x21 card_mcu.o
 .progmemx.data.__fc.6178
                0x00000c27       0x29 card_mcu.o
 .progmemx.data.__fc.6176
                0x00000c50       0x1f card_mcu.o
 .progmemx.data.__fc.6174
                0x00000c6f       0x11 card_mcu.o
 .progmemx.data.__fc.6172
                0x00000c80       0x32 card_mcu.o
 .progmemx.data.__fc.6170
                0x00000cb2       0x1d card_mcu.o
 .progmemx.data.__fc.6168
                0x00000ccf       0x24 card_mcu.o
 .progmemx.data.__fc.6189
                0x00000cf3       0x1b card_mcu.o
 .progmemx.data.__fc.6187
                0x00000d0e       0x27 card_mcu.o
 .progmemx.data.__fc.6185
                0x00000d35       0x25 card_mcu.o
 .progmemx.data.__fc.6335
                0x00000d5a       0x33 card_mcu.o
 .progmemx.data.__c.6333
                0x00000d8d       0x13 card_mcu.o
 .progmemx.data.__fc.6331
                0x00000da0       0x1e card_mcu.o
 .progmemx.data.__fc.6319
                0x00000dbe       0x65 card_mcu.o
 .progmemx.data.__fc.6317
                0x00000e23       0x24 card_mcu.o
 .progmemx.data.__fc.6315
                0x00000e47       0x19 card_mcu.o
 .progmemx.data.__fc.6290
                0x00000e60       0x2b card_mcu.o
 .progmemx.data.__fc.6288
                0x00000e8b       0x1d card_mcu.o
 .progmemx.data.__fc.6276
                0x00000ea8       0x33 card_mcu.o
 .progmemx.data.__fc.6274
                0x00000edb       0x1e card_mcu.o
 .progmemx.data.__fc.6255
                0x00000ef9       0x22 card_mcu.o
 .progmemx.data.__fc.6249
                0x00000f1b       0x28 card_mcu.o
 .progmemx.data.__compound_literal.1
                0x00000f43       0x29 card_mcu.o
 .progmemx.data.__compound_literal.0
                0x00000f6c        0x4 card_mcu.o
 .progmemx.data.__fc.6160
                0x00000f70        0x7 shell_cmd.o
 .progmemx.data.__fc.6155
                0x00000f77        0x4 shell_cmd.o
 .progmemx.data.__fc.6150
                0x00000f7b        0x6 shell_cmd.o
 .progmemx.data.__fc.6148
                0x00000f81        0x6 shell_cmd.o
 .progmemx.data.__fc.6320
                0x00000f87       0x38 shell_cmd.o
 .progmemx.data.__fc.6317
                0x00000fbf      0x5db shell_cmd.o
 .progmemx.data.__fc.6312
                0x0000159a       0x22 shell_cmd.o
 .progmemx.data.__fc.6306
                0x000015bc       0x25 shell_cmd.o
 .progmemx.data.__fc.6302
                0x000015e1        0xd shell_cmd.o
 .progmemx.data.__fc.6300
                0x000015ee       0x10 shell_cmd.o
 .progmemx.data.__fc.6298
                0x000015fe        0xf shell_cmd.o
 .progmemx.data.__fc.6291
                0x0000160d       0x31 shell_cmd.o
 .progmemx.data.__fc.6289
                0x0000163e       0x12 shell_cmd.o
 .progmemx.data.__fc.6286
                0x00001650       0x2e shell_cmd.o
 .progmemx.data.__fc.6284
                0x0000167e       0x12 shell_cmd.o
 .progmemx.data.__fc.6273
                0x00001690       0x13 shell_cmd.o
 .progmemx.data.__fc.6271
                0x000016a3       0x16 shell_cmd.o
 .progmemx.data.__fc.6266
                0x000016b9       0x10 shell_cmd.o
 .progmemx.data.__fc.6264
                0x000016c9       0x27 shell_cmd.o
 .progmemx.data.__fc.6261
                0x000016f0       0x2d shell_cmd.o
 .progmemx.data.__fc.6257
                0x0000171d       0x30 shell_cmd.o
 .progmemx.data.__fc.6255
                0x0000174d       0x24 shell_cmd.o
 .progmemx.data.__fc.6253
                0x00001771        0x4 shell_cmd.o
 .progmemx.data.__fc.6251
                0x00001775       0x1a shell_cmd.o
 .progmemx.data.__fc.6249
                0x0000178f       0x12 shell_cmd.o
 .progmemx.data.__fc.6247
                0x000017a1       0x14 shell_cmd.o
 .progmemx.data.__fc.6245
                0x000017b5       0x50 shell_cmd.o
 .progmemx.data.__fc.6243
                0x00001805       0x48 shell_cmd.o
 .progmemx.data.__fc.6241
                0x0000184d       0x44 shell_cmd.o
 .progmemx.data.__fc.6239
                0x00001891        0xc shell_cmd.o
 .progmemx.data.__fc.6232
                0x0000189d        0x8 shell_cmd.o
 .progmemx.data.__fc.6229
                0x000018a5        0x8 shell_cmd.o
 .progmemx.data.__fc.6215
                0x000018ad        0x8 shell_cmd.o
 .progmemx.data.__fc.6212
                0x000018b5       0x1b shell_cmd.o
 .progmemx.data.__fc.6210
                0x000018d0       0x1a shell_cmd.o
 .progmemx.data.__fc.6203
                0x000018ea        0xe shell_cmd.o
 .progmemx.data.__fc.6201
                0x000018f8        0x8 shell_cmd.o
 .progmemx.data.__fc.6197
                0x00001900       0x26 shell_cmd.o
 .progmemx.data.__fc.6336
                0x00001926       0xa0 shell_cmd.o
 .progmemx.data.__fc.6334
                0x000019c6        0x3 shell_cmd.o
 .progmemx.data.__c.6332
                0x000019c9        0x4 shell_cmd.o
 .progmemx.data.__c.6330
                0x000019cd        0x4 shell_cmd.o
 .progmemx.data.__fc.6363
                0x000019d1       0x77 shell_cmd.o
 .progmemx.data.__fc.6361
                0x00001a48       0x13 shell_cmd.o
 .progmemx.data.__fc.6359
                0x00001a5b       0x3d shell_cmd.o
 .progmemx.data.__fc.6354
                0x00001a98       0x28 shell_cmd.o
 .progmemx.data.__fc.6349
                0x00001ac0       0x22 shell_cmd.o
 .progmemx.data.__fc.6379
                0x00001ae2       0x65 shell_cmd.o
 .progmemx.data.__fc.6377
                0x00001b47       0x24 shell_cmd.o
 .progmemx.data.__fc.6375
                0x00001b6b       0x19 shell_cmd.o
 .progmemx.data.__fc.6385
                0x00001b84       0x1e shell_cmd.o
 .progmemx.data.__compound_literal.34
                0x00001ba2       0x1d shell_cmd.o
 .progmemx.data.__compound_literal.33
                0x00001bbf        0x6 shell_cmd.o
 .progmemx.data.__compound_literal.32
                0x00001bc5       0x20 shell_cmd.o
 .progmemx.data.__compound_literal.31
                0x00001be5        0x4 shell_cmd.o
 .progmemx.data.__compound_literal.30
                0x00001be9       0x23 shell_cmd.o
 .progmemx.data.__compound_literal.29
                0x00001c0c        0x3 shell_cmd.o
 .progmemx.data.__compound_literal.28
                0x00001c0f       0x13 shell_cmd.o
 .progmemx.data.__compound_literal.27
                0x00001c22        0x4 shell_cmd.o
 .progmemx.data.__compound_literal.26
                0x00001c26       0x1a shell_cmd.o
 .progmemx.data.__compound_literal.25
                0x00001c40        0x6 shell_cmd.o
 .progmemx.data.fatfs_type
                0x00001c46        0xf shell_cmd.o
 .progmemx.data.__compound_literal.24
                0x00001c55        0x6 shell_cmd.o
 .progmemx.data.__compound_literal.23
                0x00001c5b        0x6 shell_cmd.o
 .progmemx.data.__compound_literal.22
                0x00001c61        0x6 shell_cmd.o
 .progmemx.data.__compound_literal.21
                0x00001c67        0x6 shell_cmd.o
 .progmemx.data.__compound_literal.20
                0x00001c6d        0x1 shell_cmd.o
 .progmemx.data.fatfs_rc_str
                0x00001c6e       0x3c shell_cmd.o
 .progmemx.data.__compound_literal.19
                0x00001caa       0x12 shell_cmd.o
 .progmemx.data.__compound_literal.18
                0x00001cbc       0x14 shell_cmd.o
 .progmemx.data.__compound_literal.17
                0x00001cd0       0x10 shell_cmd.o
 .progmemx.data.__compound_literal.16
                0x00001ce0        0x7 shell_cmd.o
 .progmemx.data.__compound_literal.15
                0x00001ce7        0x8 shell_cmd.o
 .progmemx.data.__compound_literal.14
                0x00001cef        0xd shell_cmd.o
 .progmemx.data.__compound_literal.13
                0x00001cfc        0xe shell_cmd.o
 .progmemx.data.__compound_literal.12
                0x00001d0a        0xc shell_cmd.o
 .progmemx.data.__compound_literal.11
                0x00001d16        0xe shell_cmd.o
 .progmemx.data.__compound_literal.10
                0x00001d24       0x10 shell_cmd.o
 .progmemx.data.__compound_literal.9
                0x00001d34        0xf shell_cmd.o
 .progmemx.data.__compound_literal.8
                0x00001d43        0x6 shell_cmd.o
 .progmemx.data.__compound_literal.7
                0x00001d49        0x7 shell_cmd.o
 .progmemx.data.__compound_literal.6
                0x00001d50        0xd shell_cmd.o
 .progmemx.data.__compound_literal.5
                0x00001d5d        0x8 shell_cmd.o
 .progmemx.data.__compound_literal.4
                0x00001d65        0x8 shell_cmd.o
 .progmemx.data.__compound_literal.3
                0x00001d6d        0xa shell_cmd.o
 .progmemx.data.__compound_literal.2
                0x00001d77        0x8 shell_cmd.o
 .progmemx.data.__compound_literal.1
                0x00001d7f        0x9 shell_cmd.o
 .progmemx.data.__compound_literal.0
                0x00001d88        0x3 shell_cmd.o
 .progmemx.data
                0x00001d8b       0x3b c:/program files (x86)/atmel/studio/7.0/toolchain/avr8/avr8-gnu-toolchain/bin/../lib/gcc/avr/5.4.0/../../../../avr/lib/avrxmega6\libc.a(asctime_r.o)
                0x00001d8b                ascdays
                0x00001da1                ascmonths
                0x00001dc6                . = ALIGN (0x2)
 *(.jumptables)
 *(.jumptables*)
 *(.lowtext)
 *(.lowtext*)
                0x00001dc6                __ctors_start = .
 *(.ctors)
                0x00001dc6                __ctors_end = .
                0x00001dc6                __dtors_start = .
 *(.dtors)
                0x00001dc6                __dtors_end = .
 SORT(*)(.ctors)
 SORT(*)(.dtors)
 *(.init0)
 .init0         0x00001dc6        0x0 C:/Program Files (x86)/Atmel/Studio/7.0/Packs/Atmel/XMEGAC_DFP/1.2.112/gcc/dev/atxmega384c3/avrxmega6/crtatxmega384c3.o
                0x00001dc6                __init
 *(.init0)
 *(.init1)
 *(.init1)
 *(.init2)
 .init2         0x00001dc6       0x10 C:/Program Files (x86)/Atmel/Studio/7.0/Packs/Atmel/XMEGAC_DFP/1.2.112/gcc/dev/atxmega384c3/avrxmega6/crtatxmega384c3.o
 *(.init2)
 *(.init3)
 *(.init3)
 *(.init4)
 .init4         0x00001dd6       0x1a c:/program files (x86)/atmel/studio/7.0/toolchain/avr8/avr8-gnu-toolchain/bin/../lib/gcc/avr/5.4.0/avrxmega6\libgcc.a(_copy_data.o)
                0x00001dd6                __do_copy_data
 .init4         0x00001df0       0x10 c:/program files (x86)/atmel/studio/7.0/toolchain/avr8/avr8-gnu-toolchain/bin/../lib/gcc/avr/5.4.0/avrxmega6\libgcc.a(_clear_bss.o)
                0x00001df0                __do_clear_bss
 *(.init4)
 *(.init5)
 *(.init5)
 *(.init6)
 *(.init6)
 *(.init7)
 *(.init7)
 *(.init8)
 *(.init8)
 *(.init9)
 .init9         0x00001e00        0x8 C:/Program Files (x86)/Atmel/Studio/7.0/Packs/Atmel/XMEGAC_DFP/1.2.112/gcc/dev/atxmega384c3/avrxmega6/crtatxmega384c3.o
 *(.init9)
 *(.text)
 .text          0x00001e08        0x4 C:/Program Files (x86)/Atmel/Studio/7.0/Packs/Atmel/XMEGAC_DFP/1.2.112/gcc/dev/atxmega384c3/avrxmega6/crtatxmega384c3.o
                0x00001e08                __vector_38
                0x00001e08                __vector_104
                0x00001e08                __vector_22
                0x00001e08                __vector_63
                0x00001e08                __vector_28
                0x00001e08                __vector_67
                0x00001e08                __vector_1
                0x00001e08                __vector_119
                0x00001e08                __vector_32
                0x00001e08                __vector_75
                0x00001e08                __vector_71
                0x00001e08                __vector_91
                0x00001e08                __vector_34
                0x00001e08                __vector_62
                0x00001e08                __vector_77
                0x00001e08                __vector_102
                0x00001e08                __vector_24
                0x00001e08                __vector_12
                0x00001e08                __vector_55
                0x00001e08                __vector_69
                0x00001e08                __vector_81
                0x00001e08                __vector_90
                0x00001e08                __bad_interrupt
                0x00001e08                __vector_122
                0x00001e08                __vector_72
                0x00001e08                __vector_114
                0x00001e08                __vector_6
                0x00001e08                __vector_110
                0x00001e08                __vector_31
                0x00001e08                __vector_92
                0x00001e08                __vector_35
                0x00001e08                __vector_78
                0x00001e08                __vector_74
                0x00001e08                __vector_117
                0x00001e08                __vector_39
                0x00001e08                __vector_107
                0x00001e08                __vector_3
                0x00001e08                __vector_105
                0x00001e08                __vector_98
                0x00001e08                __vector_23
                0x00001e08                __vector_68
                0x00001e08                __vector_30
                0x00001e08                __vector_73
                0x00001e08                __vector_45
                0x00001e08                __vector_25
                0x00001e08                __vector_93
                0x00001e08                __vector_61
                0x00001e08                __vector_11
                0x00001e08                __vector_54
                0x00001e08                __vector_99
                0x00001e08                __vector_13
                0x00001e08                __vector_17
                0x00001e08                __vector_19
                0x00001e08                __vector_56
                0x00001e08                __vector_7
                0x00001e08                __vector_125
                0x00001e08                __vector_49
                0x00001e08                __vector_123
                0x00001e08                __vector_41
                0x00001e08                __vector_86
                0x00001e08                __vector_100
                0x00001e08                __vector_101
                0x00001e08                __vector_64
                0x00001e08                __vector_88
                0x00001e08                __vector_109
                0x00001e08                __vector_27
                0x00001e08                __vector_5
                0x00001e08                __vector_113
                0x00001e08                __vector_33
                0x00001e08                __vector_76
                0x00001e08                __vector_115
                0x00001e08                __vector_52
                0x00001e08                __vector_37
                0x00001e08                __vector_95
                0x00001e08                __vector_103
                0x00001e08                __vector_96
                0x00001e08                __vector_89
                0x00001e08                __vector_108
                0x00001e08                __vector_4
                0x00001e08                __vector_44
                0x00001e08                __vector_82
                0x00001e08                __vector_106
                0x00001e08                __vector_118
                0x00001e08                __vector_51
                0x00001e08                __vector_9
                0x00001e08                __vector_2
                0x00001e08                __vector_21
                0x00001e08                __vector_15
                0x00001e08                __vector_66
                0x00001e08                __vector_36
                0x00001e08                __vector_79
                0x00001e08                __vector_70
                0x00001e08                __vector_83
                0x00001e08                __vector_29
                0x00001e08                __vector_60
                0x00001e08                __vector_121
                0x00001e08                __vector_40
                0x00001e08                __vector_85
                0x00001e08                __vector_94
                0x00001e08                __vector_126
                0x00001e08                __vector_8
                0x00001e08                __vector_26
                0x00001e08                __vector_48
                0x00001e08                __vector_124
                0x00001e08                __vector_116
                0x00001e08                __vector_112
                0x00001e08                __vector_111
                0x00001e08                __vector_80
                0x00001e08                __vector_14
                0x00001e08                __vector_84
                0x00001e08                __vector_57
                0x00001e08                __vector_53
                0x00001e08                __vector_10
                0x00001e08                __vector_50
                0x00001e08                __vector_16
                0x00001e08                __vector_18
                0x00001e08                __vector_97
                0x00001e08                __vector_20
                0x00001e08                __vector_42
                0x00001e08                __vector_87
                0x00001e08                __vector_65
                0x00001e08                __vector_120
 .text          0x00001e0c       0x16 c:/program files (x86)/atmel/studio/7.0/toolchain/avr8/avr8-gnu-toolchain/bin/../lib/gcc/avr/5.4.0/../../../../avr/lib/avrxmega6\libc.a(strcmp_PF.o)
                0x00001e0c                strcmp_PF
 .text          0x00001e22       0x1e c:/program files (x86)/atmel/studio/7.0/toolchain/avr8/avr8-gnu-toolchain/bin/../lib/gcc/avr/5.4.0/../../../../avr/lib/avrxmega6\libc.a(strncmp_PF.o)
                0x00001e22                strncmp_PF
 .text          0x00001e40       0x20 c:/program files (x86)/atmel/studio/7.0/toolchain/avr8/avr8-gnu-toolchain/bin/../lib/gcc/avr/5.4.0/../../../../avr/lib/avrxmega6\libc.a(strncpy_PF.o)
                0x00001e40                strncpy_PF
 .text          0x00001e60       0x1a c:/program files (x86)/atmel/studio/7.0/toolchain/avr8/avr8-gnu-toolchain/bin/../lib/gcc/avr/5.4.0/../../../../avr/lib/avrxmega6\libc.a(strnlen_PF.o)
                0x00001e60                strnlen_PF
 .text          0x00001e7a       0x3c c:/program files (x86)/atmel/studio/7.0/toolchain/avr8/avr8-gnu-toolchain/bin/../lib/gcc/avr/5.4.0/../../../../avr/lib/avrxmega6\libc.a(ctime.o)
                0x00001e7a                ctime
 .text          0x00001eb6        0xe c:/program files (x86)/atmel/studio/7.0/toolchain/avr8/avr8-gnu-toolchain/bin/../lib/gcc/avr/5.4.0/../../../../avr/lib/avrxmega6\libc.a(localtime.o)
                0x00001eb6                localtime
 .text          0x00001ec4       0xa0 c:/program files (x86)/atmel/studio/7.0/toolchain/avr8/avr8-gnu-toolchain/bin/../lib/gcc/avr/5.4.0/../../../../avr/lib/avrxmega6\libc.a(localtime_r.o)
                0x00001ec4                localtime_r
 .text          0x00001f64       0xce c:/program files (x86)/atmel/studio/7.0/toolchain/avr8/avr8-gnu-toolchain/bin/../lib/gcc/avr/5.4.0/../../../../avr/lib/avrxmega6\libc.a(mktime.o)
                0x00001f64                mktime
 .text          0x00002032        0xa c:/program files (x86)/atmel/studio/7.0/toolchain/avr8/avr8-gnu-toolchain/bin/../lib/gcc/avr/5.4.0/../../../../avr/lib/avrxmega6\libc.a(set_dst.o)
                0x00002032                set_dst
 .text          0x0000203c       0x18 c:/program files (x86)/atmel/studio/7.0/toolchain/avr8/avr8-gnu-toolchain/bin/../lib/gcc/avr/5.4.0/../../../../avr/lib/avrxmega6\libc.a(set_system_time.o)
                0x0000203c                set_system_time
 .text          0x00002054       0x12 c:/program files (x86)/atmel/studio/7.0/toolchain/avr8/avr8-gnu-toolchain/bin/../lib/gcc/avr/5.4.0/../../../../avr/lib/avrxmega6\libc.a(set_zone.o)
                0x00002054                set_zone
 .text          0x00002066       0x26 c:/program files (x86)/atmel/studio/7.0/toolchain/avr8/avr8-gnu-toolchain/bin/../lib/gcc/avr/5.4.0/../../../../avr/lib/avrxmega6\libc.a(time.o)
                0x00002066                time
 .text          0x0000208c       0x38 c:/program files (x86)/atmel/studio/7.0/toolchain/avr8/avr8-gnu-toolchain/bin/../lib/gcc/avr/5.4.0/../../../../avr/lib/avrxmega6\libc.a(system_tick.o)
                0x0000208c                system_tick
 .text          0x000020c4      0x106 c:/program files (x86)/atmel/studio/7.0/toolchain/avr8/avr8-gnu-toolchain/bin/../lib/gcc/avr/5.4.0/../../../../avr/lib/avrxmega6\libc.a(asctime_r.o)
                0x000020c4                asctime_r
 .text          0x000021ca      0x1ac c:/program files (x86)/atmel/studio/7.0/toolchain/avr8/avr8-gnu-toolchain/bin/../lib/gcc/avr/5.4.0/../../../../avr/lib/avrxmega6\libc.a(gmtime_r.o)
                0x000021ca                gmtime_r
 .text          0x00002376      0x172 c:/program files (x86)/atmel/studio/7.0/toolchain/avr8/avr8-gnu-toolchain/bin/../lib/gcc/avr/5.4.0/../../../../avr/lib/avrxmega6\libc.a(mk_gmtime.o)
                0x00002376                mk_gmtime
 .text          0x000024e8       0x24 c:/program files (x86)/atmel/studio/7.0/toolchain/avr8/avr8-gnu-toolchain/bin/../lib/gcc/avr/5.4.0/../../../../avr/lib/avrxmega6\libc.a(print_lz.o)
                0x000024e8                __print_lz
 .text          0x0000250c       0x28 c:/program files (x86)/atmel/studio/7.0/toolchain/avr8/avr8-gnu-toolchain/bin/../lib/gcc/avr/5.4.0/../../../../avr/lib/avrxmega6\libc.a(isLeap.o)
                0x0000250c                is_leap_year
                0x00002534                . = ALIGN (0x2)
 *(.text.*)
 .text.ld_word  0x00002534       0x14 midlevel/ff.o
 .text.ld_dword
                0x00002548       0x36 midlevel/ff.o
 .text.st_word  0x0000257e        0x8 midlevel/ff.o
 .text.st_dword
                0x00002586        0xc midlevel/ff.o
 .text.mem_cpy  0x00002592       0x1e midlevel/ff.o
 .text.mem_set  0x000025b0       0x12 midlevel/ff.o
 .text.mem_cmp  0x000025c2       0x30 midlevel/ff.o
 .text.chk_chr  0x000025f2       0x1a midlevel/ff.o
 .text.dbc_1st  0x0000260c        0x6 midlevel/ff.o
 .text.dbc_2nd  0x00002612        0x6 midlevel/ff.o
 .text.clst2sect
                0x00002618       0x5c midlevel/ff.o
 .text.ld_clust
                0x00002674       0x5a midlevel/ff.o
 .text.st_clust
                0x000026ce       0x4a midlevel/ff.o
 .text.get_fileinfo
                0x00002718       0xbc midlevel/ff.o
 .text.create_name
                0x000027d4      0x1a6 midlevel/ff.o
 .text.get_ldnumber
                0x0000297a       0x70 midlevel/ff.o
 .text.validate
                0x000029ea       0x6a midlevel/ff.o
 .text.sync_window
                0x00002a54       0xb4 midlevel/ff.o
 .text.move_window
                0x00002b08       0x7c midlevel/ff.o
 .text.check_fs
                0x00002b84       0xf4 midlevel/ff.o
 .text.find_volume
                0x00002c78      0x102 midlevel/ff.o
 .text.mount_volume
                0x00002d7a      0x4fa midlevel/ff.o
 .text.put_fat  0x00003274      0x252 midlevel/ff.o
 .text.get_fat  0x000034c6      0x1c4 midlevel/ff.o
 .text.dir_sdi  0x0000368a      0x1cc midlevel/ff.o
 .text.create_chain
                0x00003856      0x2a2 midlevel/ff.o
 .text.remove_chain
                0x00003af8      0x12a midlevel/ff.o
 .text.dir_remove
                0x00003c22       0x38 midlevel/ff.o
 .text.dir_clear
                0x00003c5a       0xb2 midlevel/ff.o
 .text.dir_next
                0x00003d0c      0x1f8 midlevel/ff.o
 .text.dir_find
                0x00003f04       0x80 midlevel/ff.o
 .text.follow_path
                0x00003f84       0xd4 midlevel/ff.o
 .text.dir_alloc
                0x00004058       0x80 midlevel/ff.o
 .text.dir_register
                0x000040d8       0x68 midlevel/ff.o
 .text.dir_read
                0x00004140       0x94 midlevel/ff.o
 .text.sync_fs  0x000041d4       0xe2 midlevel/ff.o
 .text.create_partition
                0x000042b6      0x2b0 midlevel/ff.o
 .text.f_mount  0x00004566       0x84 midlevel/ff.o
                0x00004566                f_mount
 .text.f_open   0x000045ea      0x384 midlevel/ff.o
                0x000045ea                f_open
 .text.f_read   0x0000496e      0x2fe midlevel/ff.o
                0x0000496e                f_read
 .text.f_write  0x00004c6c      0x3dc midlevel/ff.o
                0x00004c6c                f_write
 .text.f_sync   0x00005048      0x110 midlevel/ff.o
                0x00005048                f_sync
 .text.f_close  0x00005158       0x3e midlevel/ff.o
                0x00005158                f_close
 .text.f_lseek  0x00005196      0x3d2 midlevel/ff.o
                0x00005196                f_lseek
 .text.f_opendir
                0x00005568       0xc2 midlevel/ff.o
                0x00005568                f_opendir
 .text.f_readdir
                0x0000562a       0x82 midlevel/ff.o
                0x0000562a                f_readdir
 .text.f_getfree
                0x000056ac      0x1fc midlevel/ff.o
                0x000056ac                f_getfree
 .text.f_truncate
                0x000058a8      0x174 midlevel/ff.o
                0x000058a8                f_truncate
 .text.f_unlink
                0x00005a1c      0x138 midlevel/ff.o
                0x00005a1c                f_unlink
 .text.f_mkdir  0x00005b54      0x1c6 midlevel/ff.o
                0x00005b54                f_mkdir
 .text.f_rename
                0x00005d1a      0x204 midlevel/ff.o
                0x00005d1a                f_rename
 .text.f_getlabel
                0x00005f1e      0x132 midlevel/ff.o
                0x00005f1e                f_getlabel
 .text.f_setlabel
                0x00006050      0x23a midlevel/ff.o
                0x00006050                f_setlabel
 .text.f_mkfs   0x0000628a      0xcec midlevel/ff.o
                0x0000628a                f_mkfs
 .text._crc16   0x00006f76       0x60 midlevel/file_modem/file_modem.o
 .text._checkPacket
                0x00006fd6       0x56 midlevel/file_modem/file_modem.o
 .text._receivePacket
                0x0000702c      0x1a4 midlevel/file_modem/file_modem.o
 .text.file_modem_init
                0x000071d0       0x1a midlevel/file_modem/file_modem.o
                0x000071d0                file_modem_init
 .text.xmodem_receive
                0x000071ea      0x18c midlevel/file_modem/file_modem.o
                0x000071ea                xmodem_receive
 .text.fc_init  0x00007376       0x54 midlevel/flashcache.o
                0x00007376                fc_init
 .text.fc_getFlash
                0x000073ca       0x32 midlevel/flashcache.o
                0x000073ca                fc_getFlash
 .text.fc_sync  0x000073fc       0x9c midlevel/flashcache.o
                0x000073fc                fc_sync
 .text.fc_read  0x00007498      0x1d8 midlevel/flashcache.o
                0x00007498                fc_read
 .text.fc_write
                0x00007670      0x160 midlevel/flashcache.o
                0x00007670                fc_write
 .text.cache_syncBlocks
                0x000077d0        0xa midlevel/flashcache.o
                0x000077d0                cache_syncBlocks
 .text.cache_writeBlocks
                0x000077da       0x4e midlevel/flashcache.o
                0x000077da                cache_writeBlocks
 .text.cache_readBlocks
                0x00007828       0x4e midlevel/flashcache.o
                0x00007828                cache_readBlocks
 .text.disk_status
                0x00007876        0x4 midlevel/flashcache.o
                0x00007876                disk_status
 .text.disk_initialize
                0x0000787a        0x4 midlevel/flashcache.o
                0x0000787a                disk_initialize
 .text.disk_read
                0x0000787e       0x18 midlevel/flashcache.o
                0x0000787e                disk_read
 .text.disk_write
                0x00007896       0x18 midlevel/flashcache.o
                0x00007896                disk_write
 .text.disk_ioctl
                0x000078ae       0x7e midlevel/flashcache.o
                0x000078ae                disk_ioctl
 .text._gshellFindCmd
                0x0000792c       0xb4 midlevel/gshell/gshell.o
 .text.gshell_register_cmd
                0x000079e0       0x3a midlevel/gshell/gshell.o
                0x000079e0                gshell_register_cmd
 .text.gshell_setActive
                0x00007a1a       0x1c midlevel/gshell/gshell.o
                0x00007a1a                gshell_setActive
 .text.gshell_putChar
                0x00007a36       0x14 midlevel/gshell/gshell.o
                0x00007a36                gshell_putChar
 .text._gshell_echo
                0x00007a4a       0x34 midlevel/gshell/gshell.o
 .text.gshell_putString
                0x00007a7e       0x22 midlevel/gshell/gshell.o
                0x00007a7e                gshell_putString
 .text.gshell_putString_flash
                0x00007aa0       0x3e midlevel/gshell/gshell.o
                0x00007aa0                gshell_putString_flash
 .text._gshell_process
                0x00007ade       0xd2 midlevel/gshell/gshell.o
                0x00007ade                _gshell_process
 .text.gshell_CharReceived
                0x00007bb0       0x7e midlevel/gshell/gshell.o
                0x00007bb0                gshell_CharReceived
 .text.gshell_init
                0x00007c2e       0x38 midlevel/gshell/gshell.o
                0x00007c2e                gshell_init
 .text.gshell_setPromt
                0x00007c66       0x2c midlevel/gshell/gshell.o
                0x00007c66                gshell_setPromt
 .text.gshell_cmd_help
                0x00007c92      0x256 midlevel/gshell/gshell.o
                0x00007c92                gshell_cmd_help
 .text.gshell_printf_flash
                0x00007ee8       0x48 midlevel/gshell/gshell.o
                0x00007ee8                gshell_printf_flash
 .text.gshell_log_flash
                0x00007f30       0xd0 midlevel/gshell/gshell.o
                0x00007f30                gshell_log_flash
 .text._read8   0x00008000       0x30 midlevel/pifdec/pifdec.o
                0x00008000                _read8
 .text._read16  0x00008030       0x3e midlevel/pifdec/pifdec.o
                0x00008030                _read16
 .text._read24  0x0000806e       0x62 midlevel/pifdec/pifdec.o
                0x0000806e                _read24
 .text._read32  0x000080d0       0x7a midlevel/pifdec/pifdec.o
                0x000080d0                _read32
 .text._processIndexed
                0x0000814a      0x2b4 midlevel/pifdec/pifdec.o
                0x0000814a                _processIndexed
 .text.pif_createPainter
                0x000083fe       0x3e midlevel/pifdec/pifdec.o
                0x000083fe                pif_createPainter
 .text.pif_createIO
                0x0000843c       0x3e midlevel/pifdec/pifdec.o
                0x0000843c                pif_createIO
 .text.pif_createPIFHandle
                0x0000847a        0xc midlevel/pifdec/pifdec.o
                0x0000847a                pif_createPIFHandle
 .text.pif_open
                0x00008486      0x28a midlevel/pifdec/pifdec.o
                0x00008486                pif_open
 .text.pif_display
                0x00008710      0x45c midlevel/pifdec/pifdec.o
                0x00008710                pif_display
 .text.pif_close
                0x00008b6c       0x28 midlevel/pifdec/pifdec.o
                0x00008b6c                pif_close
 .text.pif_OpenAndDisplay
                0x00008b94       0x3c midlevel/pifdec/pifdec.o
                0x00008b94                pif_OpenAndDisplay
 .text.RAHelper_prepareImgUpload
                0x00008bd0       0xa0 midlevel/RA8876Helper.o
                0x00008bd0                RAHelper_prepareImgUpload
 .text._ff_read16
                0x00008c70       0x38 midlevel/RA8876Helper.o
                0x00008c70                _ff_read16
 .text._ff_read24
                0x00008ca8       0x5e midlevel/RA8876Helper.o
                0x00008ca8                _ff_read24
 .text._ff_read32
                0x00008d06       0x72 midlevel/RA8876Helper.o
                0x00008d06                _ff_read32
 .text.RAHelper_loadBitmapFromFIL
                0x00008d78      0x474 midlevel/RA8876Helper.o
                0x00008d78                RAHelper_loadBitmapFromFIL
 .text.__vector_47
                0x000091ec       0x4a lowlevel/gesiFramework.o
                0x000091ec                __vector_47
 .text.gf_millis
                0x00009236       0x18 lowlevel/gesiFramework.o
                0x00009236                gf_millis
 .text.gf_init  0x0000924e       0x1e lowlevel/gesiFramework.o
                0x0000924e                gf_init
 .text.gf_TimeCheck
                0x0000926c       0x3c lowlevel/gesiFramework.o
                0x0000926c                gf_TimeCheck
 .text.hwSPI_init
                0x000092a8        0x8 lowlevel/hwSPI.o
                0x000092a8                hwSPI_init
 .text.hwSPI_setBitOrder
                0x000092b0       0x16 lowlevel/hwSPI.o
                0x000092b0                hwSPI_setBitOrder
 .text.hwSPI_setDataMode
                0x000092c6        0xc lowlevel/hwSPI.o
                0x000092c6                hwSPI_setDataMode
 .text.hwSPI_setClockDivider
                0x000092d2        0xc lowlevel/hwSPI.o
                0x000092d2                hwSPI_setClockDivider
 .text.TWI_MasterInit
                0x000092de       0x22 lowlevel/twi_master_driver.o
                0x000092de                TWI_MasterInit
 .text.TWI_MasterReady
                0x00009300        0xa lowlevel/twi_master_driver.o
                0x00009300                TWI_MasterReady
 .text.TWI_MasterWriteRead
                0x0000930a       0xb2 lowlevel/twi_master_driver.o
                0x0000930a                TWI_MasterWriteRead
 .text.TWI_MasterWrite
                0x000093bc        0xc lowlevel/twi_master_driver.o
                0x000093bc                TWI_MasterWrite
 .text.TWI_MasterRead
                0x000093c8       0x12 lowlevel/twi_master_driver.o
                0x000093c8                TWI_MasterRead
 .text.TWI_MasterArbitrationLostBusErrorHandler
                0x000093da       0x30 lowlevel/twi_master_driver.o
                0x000093da                TWI_MasterArbitrationLostBusErrorHandler
 .text.TWI_MasterTransactionFinished
                0x0000940a        0xe lowlevel/twi_master_driver.o
                0x0000940a                TWI_MasterTransactionFinished
 .text.TWI_MasterWriteHandler
                0x00009418       0x78 lowlevel/twi_master_driver.o
                0x00009418                TWI_MasterWriteHandler
 .text.TWI_MasterReadHandler
                0x00009490       0x74 lowlevel/twi_master_driver.o
                0x00009490                TWI_MasterReadHandler
 .text.TWI_MasterInterruptHandler
                0x00009504       0x3c lowlevel/twi_master_driver.o
                0x00009504                TWI_MasterInterruptHandler
 .text.TWI_InterfacePrepare
                0x00009540        0x6 lowlevel/twi_master_driver.o
                0x00009540                TWI_InterfacePrepare
 .text.TWI_InterfaceSendBytes
                0x00009546       0x40 lowlevel/twi_master_driver.o
                0x00009546                TWI_InterfaceSendBytes
 .text.TWI_InterfaceGetBytes
                0x00009586       0x88 lowlevel/twi_master_driver.o
                0x00009586                TWI_InterfaceGetBytes
 .text.TWI_InterfaceFinish
                0x0000960e        0x4 lowlevel/twi_master_driver.o
                0x0000960e                TWI_InterfaceFinish
 .text.usartSPI_init
                0x00009612       0x46 lowlevel/xmegaUARTSPI/uartSPI.o
                0x00009612                usartSPI_init
 .text.usartSPI_port
                0x00009658       0x1a lowlevel/xmegaUARTSPI/uartSPI.o
                0x00009658                usartSPI_port
 .text.usartSPI_transfer
                0x00009672       0x20 lowlevel/xmegaUARTSPI/uartSPI.o
                0x00009672                usartSPI_transfer
 .text.usartSPI_InterfacePrepare
                0x00009692       0x22 lowlevel/xmegaUARTSPI/uartSPI.o
                0x00009692                usartSPI_InterfacePrepare
 .text.usartSPI_InterfaceSendBytes
                0x000096b4       0x68 lowlevel/xmegaUARTSPI/uartSPI.o
                0x000096b4                usartSPI_InterfaceSendBytes
 .text.usartSPI_InterfaceTransceiveBytes
                0x0000971c       0x72 lowlevel/xmegaUARTSPI/uartSPI.o
                0x0000971c                usartSPI_InterfaceTransceiveBytes
 .text.usartSPI_InterfaceGetBytes
                0x0000978e       0x72 lowlevel/xmegaUARTSPI/uartSPI.o
                0x0000978e                usartSPI_InterfaceGetBytes
 .text.usartSPI_InterfaceFinish
                0x00009800       0x22 lowlevel/xmegaUARTSPI/uartSPI.o
                0x00009800                usartSPI_InterfaceFinish
 .text.uart_receive_interrupt
                0x00009822       0x6a lowlevel/xmegaUSART/uart.o
                0x00009822                uart_receive_interrupt
 .text.uart_transmit_interrupt
                0x0000988c       0x3c lowlevel/xmegaUSART/uart.o
                0x0000988c                uart_transmit_interrupt
 .text.uart_init
                0x000098c8       0x9c lowlevel/xmegaUSART/uart.o
                0x000098c8                uart_init
 .text.uart_putc
                0x00009964       0x2e lowlevel/xmegaUSART/uart.o
                0x00009964                uart_putc
 .text.uart_getc
                0x00009992       0x40 lowlevel/xmegaUSART/uart.o
                0x00009992                uart_getc
 .text.mcp23x_initStruct
                0x000099d2       0x66 icdriver/mcp23.o
                0x000099d2                mcp23x_initStruct
 .text.mcp23x_writeReg
                0x00009a38       0x92 icdriver/mcp23.o
                0x00009a38                mcp23x_writeReg
 .text.mcp23x_writePort
                0x00009aca       0x34 icdriver/mcp23.o
                0x00009aca                mcp23x_writePort
 .text.mcp23x_dirPort
                0x00009afe       0x32 icdriver/mcp23.o
                0x00009afe                mcp23x_dirPort
 .text.mcp23x_readReg
                0x00009b30       0xec icdriver/mcp23.o
                0x00009b30                mcp23x_readReg
 .text.mcp23x_configure
                0x00009c1c       0x9a icdriver/mcp23.o
                0x00009c1c                mcp23x_configure
 .text.mcp23x_initChip
                0x00009cb6       0xb8 icdriver/mcp23.o
                0x00009cb6                mcp23x_initChip
 .text.RA8876_writeCMD
                0x00009d6e       0x32 icdriver/RA8876/RA8876.o
                0x00009d6e                RA8876_writeCMD
 .text.RA8876_writeData
                0x00009da0       0x3a icdriver/RA8876/RA8876.o
                0x00009da0                RA8876_writeData
 .text.RA8876_readData
                0x00009dda       0x44 icdriver/RA8876/RA8876.o
                0x00009dda                RA8876_readData
 .text.RA8876_readStatus
                0x00009e1e       0x44 icdriver/RA8876/RA8876.o
                0x00009e1e                RA8876_readStatus
 .text.RA8876_writeReg
                0x00009e62       0x12 icdriver/RA8876/RA8876.o
                0x00009e62                RA8876_writeReg
 .text._setup_PLL_initial
                0x00009e74       0x56 icdriver/RA8876/RA8876.o
 .text._setup_SDRAM_initial
                0x00009eca       0x3e icdriver/RA8876/RA8876.o
 .text._setup_disp_size
                0x00009f08       0x4c icdriver/RA8876/RA8876.o
 .text._setup_non_disp_size_hor
                0x00009f54       0x2c icdriver/RA8876/RA8876.o
 .text._setup_HSYNC_startpos
                0x00009f80       0x18 icdriver/RA8876/RA8876.o
 .text._setup_HSYNC_pulse
                0x00009f98       0x18 icdriver/RA8876/RA8876.o
 .text._setup_non_disp_size_ver
                0x00009fb0       0x14 icdriver/RA8876/RA8876.o
 .text._setup_VSYNC_startpos
                0x00009fc4        0xc icdriver/RA8876/RA8876.o
 .text._setup_VSYNC_pulse
                0x00009fd0        0xc icdriver/RA8876/RA8876.o
 .text.RA8876_readReg
                0x00009fdc        0xa icdriver/RA8876/RA8876.o
                0x00009fdc                RA8876_readReg
 .text._setup_TFT_interface
                0x00009fe6       0x12 icdriver/RA8876/RA8876.o
 .text.RA8876_swReset
                0x00009ff8       0x16 icdriver/RA8876/RA8876.o
                0x00009ff8                RA8876_swReset
 .text.RA8876_hwReset
                0x0000a00e       0x2a icdriver/RA8876/RA8876.o
                0x0000a00e                RA8876_hwReset
 .text.RA8876_displayOnOff
                0x0000a038       0x22 icdriver/RA8876/RA8876.o
                0x0000a038                RA8876_displayOnOff
 .text.RA8876_setMode
                0x0000a05a       0x26 icdriver/RA8876/RA8876.o
                0x0000a05a                RA8876_setMode
 .text.RA8876_Memory_Select
                0x0000a080       0x1a icdriver/RA8876/RA8876.o
                0x0000a080                RA8876_Memory_Select
 .text.RA8876_brightness
                0x0000a09a       0x36 icdriver/RA8876/RA8876.o
                0x0000a09a                RA8876_brightness
 .text.RA8876_MainWindowStartAddress
                0x0000a0d0       0x44 icdriver/RA8876/RA8876.o
                0x0000a0d0                RA8876_MainWindowStartAddress
 .text.RA8876_MainWindowWidth
                0x0000a114       0x18 icdriver/RA8876/RA8876.o
                0x0000a114                RA8876_MainWindowWidth
 .text.RA8876_MainWindowStartXY
                0x0000a12c       0x34 icdriver/RA8876/RA8876.o
                0x0000a12c                RA8876_MainWindowStartXY
 .text.RA8876_CanvasStartAddr
                0x0000a160       0x44 icdriver/RA8876/RA8876.o
                0x0000a160                RA8876_CanvasStartAddr
 .text.RA8876_CanvasWidth
                0x0000a1a4       0x18 icdriver/RA8876/RA8876.o
                0x0000a1a4                RA8876_CanvasWidth
 .text.RA8876_setActiveArea
                0x0000a1bc       0x6c icdriver/RA8876/RA8876.o
                0x0000a1bc                RA8876_setActiveArea
 .text.RA8876_init
                0x0000a228      0x14e icdriver/RA8876/RA8876.o
                0x0000a228                RA8876_init
 .text.RA8876_setFColor64k
                0x0000a376       0x36 icdriver/RA8876/RA8876.o
                0x0000a376                RA8876_setFColor64k
 .text.RA8876_setTextCoords
                0x0000a3ac       0x34 icdriver/RA8876/RA8876.o
                0x0000a3ac                RA8876_setTextCoords
 .text.RA8876_setTextSize
                0x0000a3e0       0x1e icdriver/RA8876/RA8876.o
                0x0000a3e0                RA8876_setTextSize
 .text.RA8876_FontInternalCGROM
                0x0000a3fe       0x1a icdriver/RA8876/RA8876.o
                0x0000a3fe                RA8876_FontInternalCGROM
 .text.RA8876_graphicCursorEnable
                0x0000a418       0x14 icdriver/RA8876/RA8876.o
                0x0000a418                RA8876_graphicCursorEnable
 .text.RA8876_graphicCursorColor
                0x0000a42c       0x18 icdriver/RA8876/RA8876.o
                0x0000a42c                RA8876_graphicCursorColor
 .text.RA8876_graphicCursorSelect
                0x0000a444       0x24 icdriver/RA8876/RA8876.o
                0x0000a444                RA8876_graphicCursorSelect
 .text.RA8876_graphicCursorLoad_f
                0x0000a468       0x6e icdriver/RA8876/RA8876.o
                0x0000a468                RA8876_graphicCursorLoad_f
 .text.RA8876_graphicCursorCoords
                0x0000a4d6       0x34 icdriver/RA8876/RA8876.o
                0x0000a4d6                RA8876_graphicCursorCoords
 .text.RA8876_print_f
                0x0000a50a       0x66 icdriver/RA8876/RA8876.o
                0x0000a50a                RA8876_print_f
 .text.RA8876_setPixelCoords
                0x0000a570       0x34 icdriver/RA8876/RA8876.o
                0x0000a570                RA8876_setPixelCoords
 .text.RA8876_drawPixel
                0x0000a5a4       0x4a icdriver/RA8876/RA8876.o
                0x0000a5a4                RA8876_drawPixel
 .text._RA8876_Rect
                0x0000a5ee      0x11e icdriver/RA8876/RA8876.o
 .text.RA8876_fillRect
                0x0000a70c       0x3a icdriver/RA8876/RA8876.o
                0x0000a70c                RA8876_fillRect
 .text.RA8876_clearMemory
                0x0000a746       0x20 icdriver/RA8876/RA8876.o
                0x0000a746                RA8876_clearMemory
 .text.RA8876_BTE_ROP_Code
                0x0000a766        0xa icdriver/RA8876/RA8876.o
                0x0000a766                RA8876_BTE_ROP_Code
 .text.RA8876_BTE_Colors
                0x0000a770        0xe icdriver/RA8876/RA8876.o
                0x0000a770                RA8876_BTE_Colors
 .text.RA8876_BTE_S0_Address
                0x0000a77e       0x44 icdriver/RA8876/RA8876.o
                0x0000a77e                RA8876_BTE_S0_Address
 .text.RA8876_BTE_S0_Coords
                0x0000a7c2       0x34 icdriver/RA8876/RA8876.o
                0x0000a7c2                RA8876_BTE_S0_Coords
 .text.RA8876_BTE_S0_Width
                0x0000a7f6       0x18 icdriver/RA8876/RA8876.o
                0x0000a7f6                RA8876_BTE_S0_Width
 .text.RA8876_BTE_Dest_Address
                0x0000a80e       0x44 icdriver/RA8876/RA8876.o
                0x0000a80e                RA8876_BTE_Dest_Address
 .text.RA8876_BTE_Dest_Coords
                0x0000a852       0x34 icdriver/RA8876/RA8876.o
                0x0000a852                RA8876_BTE_Dest_Coords
 .text.RA8876_BTE_Dest_Width
                0x0000a886       0x18 icdriver/RA8876/RA8876.o
                0x0000a886                RA8876_BTE_Dest_Width
 .text.RA8876_BTE_WindowSize
                0x0000a89e       0x34 icdriver/RA8876/RA8876.o
                0x0000a89e                RA8876_BTE_WindowSize
 .text.RA8876_BTE_enable
                0x0000a8d2        0xa icdriver/RA8876/RA8876.o
                0x0000a8d2                RA8876_BTE_enable
 .text.RA8876_BTE_RawDataUpload
                0x0000a8dc       0xa0 icdriver/RA8876/RA8876.o
                0x0000a8dc                RA8876_BTE_RawDataUpload
 .text.RA8876_spi_selectFlash
                0x0000a97c       0x3e icdriver/RA8876/RA8876.o
                0x0000a97c                RA8876_spi_selectFlash
 .text.RA8876_spi_FlashAddressMode
                0x0000a9ba       0x1a icdriver/RA8876/RA8876.o
                0x0000a9ba                RA8876_spi_FlashAddressMode
 .text.RA8876_spi_FlashDummyRead
                0x0000a9d4       0x1a icdriver/RA8876/RA8876.o
                0x0000a9d4                RA8876_spi_FlashDummyRead
 .text.RA8876_spi_clockPeriod
                0x0000a9ee        0xa icdriver/RA8876/RA8876.o
                0x0000a9ee                RA8876_spi_clockPeriod
 .text.RA8876_spi_enable
                0x0000a9f8       0x12 icdriver/RA8876/RA8876.o
                0x0000a9f8                RA8876_spi_enable
 .text.RA8876_spi_mode
                0x0000aa0a       0x1a icdriver/RA8876/RA8876.o
                0x0000aa0a                RA8876_spi_mode
 .text.tp_initStruct
                0x0000aa24       0x9e icdriver/RA8876/touch.o
                0x0000aa24                tp_initStruct
 .text.tp_initChip
                0x0000aac2      0x102 icdriver/RA8876/touch.o
                0x0000aac2                tp_initChip
 .text.bcd2bin  0x0000abc4       0x14 icdriver/RTC-RV3028/rtc_rv3028.o
 .text.bin2bcd  0x0000abd8       0x26 icdriver/RTC-RV3028/rtc_rv3028.o
 .text.rv3028_initStruct
                0x0000abfe       0x28 icdriver/RTC-RV3028/rtc_rv3028.o
                0x0000abfe                rv3028_initStruct
 .text.rv3028_writeReg
                0x0000ac26       0x80 icdriver/RTC-RV3028/rtc_rv3028.o
                0x0000ac26                rv3028_writeReg
 .text.rv3028_readReg
                0x0000aca6       0xd6 icdriver/RTC-RV3028/rtc_rv3028.o
                0x0000aca6                rv3028_readReg
 .text.rv3028_init
                0x0000ad7c       0x2e icdriver/RTC-RV3028/rtc_rv3028.o
                0x0000ad7c                rv3028_init
 .text.rv3028_setTime
                0x0000adaa       0xde icdriver/RTC-RV3028/rtc_rv3028.o
                0x0000adaa                rv3028_setTime
 .text.rv3028_getTime
                0x0000ae88      0x138 icdriver/RTC-RV3028/rtc_rv3028.o
                0x0000ae88                rv3028_getTime
 .text.rv3028_updateConfigEEPROM
                0x0000afc0       0x3a icdriver/RTC-RV3028/rtc_rv3028.o
                0x0000afc0                rv3028_updateConfigEEPROM
 .text.flash_configInterface
                0x0000affa       0x36 icdriver/spiflash/spiflash.o
                0x0000affa                flash_configInterface
 .text.flash_execCMD
                0x0000b030       0x70 icdriver/spiflash/spiflash.o
                0x0000b030                flash_execCMD
 .text.flash_readCMD
                0x0000b0a0       0x9c icdriver/spiflash/spiflash.o
                0x0000b0a0                flash_readCMD
 .text.flash_addrToBuf
                0x0000b13c        0xc icdriver/spiflash/spiflash.o
                0x0000b13c                flash_addrToBuf
 .text.flash_eraseCMD
                0x0000b148       0x86 icdriver/spiflash/spiflash.o
                0x0000b148                flash_eraseCMD
 .text.flash_readMemory
                0x0000b1ce       0xc6 icdriver/spiflash/spiflash.o
                0x0000b1ce                flash_readMemory
 .text.flash_writePage
                0x0000b294       0xc6 icdriver/spiflash/spiflash.o
                0x0000b294                flash_writePage
 .text.flash_readStatus1
                0x0000b35a       0x26 icdriver/spiflash/spiflash.o
                0x0000b35a                flash_readStatus1
 .text.flash_writeEnable
                0x0000b380       0x16 icdriver/spiflash/spiflash.o
                0x0000b380                flash_writeEnable
 .text.flash_writeDisable
                0x0000b396       0x16 icdriver/spiflash/spiflash.o
                0x0000b396                flash_writeDisable
 .text.flash_init
                0x0000b3ac       0xa2 icdriver/spiflash/spiflash.o
                0x0000b3ac                flash_init
 .text.flash_readBuffer
                0x0000b44e       0x6c icdriver/spiflash/spiflash.o
                0x0000b44e                flash_readBuffer
 .text.flash_writeBuffer
                0x0000b4ba      0x106 icdriver/spiflash/spiflash.o
                0x0000b4ba                flash_writeBuffer
 .text.flash_eraseSector
                0x0000b5c0       0x52 icdriver/spiflash/spiflash.o
                0x0000b5c0                flash_eraseSector
 .text._mcu_init
                0x0000b612       0xc6 card_mcu.o
 .text._eu_dst  0x0000b6d8       0xa0 card_mcu.o
 .text.ImageOpen
                0x0000b778       0x7c card_mcu.o
                0x0000b778                ImageOpen
 .text.ImageClose
                0x0000b7f4       0x3c card_mcu.o
                0x0000b7f4                ImageClose
 .text.ImageReadB
                0x0000b830       0x26 card_mcu.o
                0x0000b830                ImageReadB
 .text.ImageSeek
                0x0000b856        0x8 card_mcu.o
                0x0000b856                ImageSeek
 .text.ImagePrepare
                0x0000b85e      0x1ee card_mcu.o
                0x0000b85e                ImagePrepare
 .text.ImageWrite
                0x0000ba4c       0x54 card_mcu.o
                0x0000ba4c                ImageWrite
 .text.cli_cmd_pif
                0x0000baa0       0xd0 card_mcu.o
 .text.gsh_putc
                0x0000bb70       0x16 card_mcu.o
 .text.fm_sendByte
                0x0000bb86       0x16 card_mcu.o
 .text.fm_flushRx
                0x0000bb9c       0x26 card_mcu.o
 .text.fm_recByte
                0x0000bbc2       0x8c card_mcu.o
 .text._dispInit
                0x0000bc4e       0xca card_mcu.o
 .text._initInternalPortExpander
                0x0000bd18       0xa8 card_mcu.o
 .text._initRTC
                0x0000bdc0      0x1fe card_mcu.o
 .text._initTouch
                0x0000bfbe       0x6c card_mcu.o
 .text._initMemFS
                0x0000c02a      0x1e0 card_mcu.o
 .text.__vector_58
                0x0000c20a       0x5c card_mcu.o
                0x0000c20a                __vector_58
 .text.__vector_59
                0x0000c266       0x5c card_mcu.o
                0x0000c266                __vector_59
 .text.__vector_46
                0x0000c2c2       0x5a card_mcu.o
                0x0000c2c2                __vector_46
 .text.__vector_43
                0x0000c31c       0x56 card_mcu.o
                0x0000c31c                __vector_43
 .text.get_fattime
                0x0000c372      0x11c card_mcu.o
                0x0000c372                get_fattime
 .text.initPIF  0x0000c48e       0x76 card_mcu.o
                0x0000c48e                initPIF
 .text.mcuboard_init
                0x0000c504      0x2aa card_mcu.o
                0x0000c504                mcuboard_init
 .text.mcu_processShell
                0x0000c7ae       0x1e card_mcu.o
                0x0000c7ae                mcu_processShell
 .text.main     0x0000c7cc       0x58 main.o
                0x0000c7cc                main
 .text.cli_cmd_restart
                0x0000c824       0x16 shell_cmd.o
 .text.ret_fatfs_result
                0x0000c83a       0x26 shell_cmd.o
 .text.cli_cmd_bmp
                0x0000c860      0x188 shell_cmd.o
 .text.cli_cmd_rx
                0x0000c9e8      0x23a shell_cmd.o
 .text.cli_cmd_rtc
                0x0000cc22      0x154 shell_cmd.o
 .text.scan_files
                0x0000cd76      0x102 shell_cmd.o
 .text.dump_line
                0x0000ce78       0xb4 shell_cmd.o
 .text.cli_cmd_fatfs
                0x0000cf2c     0x10c2 shell_cmd.o
 .text.libgcc.mul
                0x0000dfee       0x20 c:/program files (x86)/atmel/studio/7.0/toolchain/avr8/avr8-gnu-toolchain/bin/../lib/gcc/avr/5.4.0/avrxmega6\libgcc.a(_mulsi3.o)
                0x0000dfee                __mulsi3
 .text.libgcc.div
                0x0000e00e       0x28 c:/program files (x86)/atmel/studio/7.0/toolchain/avr8/avr8-gnu-toolchain/bin/../lib/gcc/avr/5.4.0/avrxmega6\libgcc.a(_divmodhi4.o)
                0x0000e00e                _div
                0x0000e00e                __divmodhi4
 .text.libgcc.div
                0x0000e036       0x44 c:/program files (x86)/atmel/studio/7.0/toolchain/avr8/avr8-gnu-toolchain/bin/../lib/gcc/avr/5.4.0/avrxmega6\libgcc.a(_udivmodsi4.o)
                0x0000e036                __udivmodsi4
 .text.libgcc   0x0000e07a       0x10 c:/program files (x86)/atmel/studio/7.0/toolchain/avr8/avr8-gnu-toolchain/bin/../lib/gcc/avr/5.4.0/avrxmega6\libgcc.a(_tablejump2.o)
                0x0000e07a                __tablejump2__
 .text.libgcc.mul
                0x0000e08a       0x16 c:/program files (x86)/atmel/studio/7.0/toolchain/avr8/avr8-gnu-toolchain/bin/../lib/gcc/avr/5.4.0/avrxmega6\libgcc.a(_muluhisi3.o)
                0x0000e08a                __muluhisi3
 .text.libgcc   0x0000e0a0        0xe c:/program files (x86)/atmel/studio/7.0/toolchain/avr8/avr8-gnu-toolchain/bin/../lib/gcc/avr/5.4.0/avrxmega6\libgcc.a(_xload_1.o)
                0x0000e0a0                __xload_1
 .text.libgcc   0x0000e0ae       0x16 c:/program files (x86)/atmel/studio/7.0/toolchain/avr8/avr8-gnu-toolchain/bin/../lib/gcc/avr/5.4.0/avrxmega6\libgcc.a(_xload_3.o)
                0x0000e0ae                __xload_3
 .text.libgcc.div
                0x0000e0c4       0x28 c:/program files (x86)/atmel/studio/7.0/toolchain/avr8/avr8-gnu-toolchain/bin/../lib/gcc/avr/5.4.0/avrxmega6\libgcc.a(_udivmodhi4.o)
                0x0000e0c4                __udivmodhi4
 .text.libgcc.mul
                0x0000e0ec       0x1e c:/program files (x86)/atmel/studio/7.0/toolchain/avr8/avr8-gnu-toolchain/bin/../lib/gcc/avr/5.4.0/avrxmega6\libgcc.a(_umulhisi3.o)
                0x0000e0ec                __umulhisi3
 .text.avr-libc
                0x0000e10a      0x25c c:/program files (x86)/atmel/studio/7.0/toolchain/avr8/avr8-gnu-toolchain/bin/../lib/gcc/avr/5.4.0/../../../../avr/lib/avrxmega6\libc.a(strtol.o)
                0x0000e10a                strtol
 .text.avr-libc
                0x0000e366      0x21a c:/program files (x86)/atmel/studio/7.0/toolchain/avr8/avr8-gnu-toolchain/bin/../lib/gcc/avr/5.4.0/../../../../avr/lib/avrxmega6\libc.a(strtoul.o)
                0x0000e366                strtoul
 .text.avr-libc
                0x0000e580       0x3c c:/program files (x86)/atmel/studio/7.0/toolchain/avr8/avr8-gnu-toolchain/bin/../lib/gcc/avr/5.4.0/../../../../avr/lib/avrxmega6\libc.a(atoi.o)
                0x0000e580                atoi
 .text.avr-libc
                0x0000e5bc       0x12 c:/program files (x86)/atmel/studio/7.0/toolchain/avr8/avr8-gnu-toolchain/bin/../lib/gcc/avr/5.4.0/../../../../avr/lib/avrxmega6\libc.a(isspace.o)
                0x0000e5bc                isspace
 .text.avr-libc
                0x0000e5ce        0x8 c:/program files (x86)/atmel/studio/7.0/toolchain/avr8/avr8-gnu-toolchain/bin/../lib/gcc/avr/5.4.0/../../../../avr/lib/avrxmega6\libc.a(strtok.o)
                0x0000e5ce                strtok
 .text.avr-libc
                0x0000e5d6       0x12 c:/program files (x86)/atmel/studio/7.0/toolchain/avr8/avr8-gnu-toolchain/bin/../lib/gcc/avr/5.4.0/../../../../avr/lib/avrxmega6\libc.a(memcpy.o)
                0x0000e5d6                memcpy
 .text.avr-libc
                0x0000e5e8        0xe c:/program files (x86)/atmel/studio/7.0/toolchain/avr8/avr8-gnu-toolchain/bin/../lib/gcc/avr/5.4.0/../../../../avr/lib/avrxmega6\libc.a(memset.o)
                0x0000e5e8                memset
 .text.avr-libc
                0x0000e5f6        0xe c:/program files (x86)/atmel/studio/7.0/toolchain/avr8/avr8-gnu-toolchain/bin/../lib/gcc/avr/5.4.0/../../../../avr/lib/avrxmega6\libc.a(strcpy.o)
                0x0000e5f6                strcpy
 .text.avr-libc
                0x0000e604       0x4e c:/program files (x86)/atmel/studio/7.0/toolchain/avr8/avr8-gnu-toolchain/bin/../lib/gcc/avr/5.4.0/../../../../avr/lib/avrxmega6\libc.a(strtok_r.o)
                0x0000e604                strtok_r
 .text.avr-libc
                0x0000e652       0x10 c:/program files (x86)/atmel/studio/7.0/toolchain/avr8/avr8-gnu-toolchain/bin/../lib/gcc/avr/5.4.0/../../../../avr/lib/avrxmega6\libc.a(mul10.o)
                0x0000e652                __mulhi_const_10
 .text.avr-libc
                0x0000e662       0x52 c:/program files (x86)/atmel/studio/7.0/toolchain/avr8/avr8-gnu-toolchain/bin/../lib/gcc/avr/5.4.0/../../../../avr/lib/avrxmega6\libc.a(sprintf.o)
                0x0000e662                sprintf
 .text.avr-libc
                0x0000e6b4       0x46 c:/program files (x86)/atmel/studio/7.0/toolchain/avr8/avr8-gnu-toolchain/bin/../lib/gcc/avr/5.4.0/../../../../avr/lib/avrxmega6\libc.a(vsprintf.o)
                0x0000e6b4                vsprintf
 .text.avr-libc
                0x0000e6fa      0x408 c:/program files (x86)/atmel/studio/7.0/toolchain/avr8/avr8-gnu-toolchain/bin/../lib/gcc/avr/5.4.0/../../../../avr/lib/avrxmega6\libc.a(vfprintf_std.o)
                0x0000e6fa                vfprintf
 .text.avr-libc
                0x0000eb02        0x6 c:/program files (x86)/atmel/studio/7.0/toolchain/avr8/avr8-gnu-toolchain/bin/../lib/gcc/avr/5.4.0/../../../../avr/lib/avrxmega6\libc.a(cty_isfalse.o)
                0x0000eb02                __ctype_isfalse
                0x0000eb06                __ctype_istrue
 .text.avr-libc
                0x0000eb08       0x16 c:/program files (x86)/atmel/studio/7.0/toolchain/avr8/avr8-gnu-toolchain/bin/../lib/gcc/avr/5.4.0/../../../../avr/lib/avrxmega6\libc.a(strnlen_P.o)
                0x0000eb08                strnlen_P
 .text.avr-libc
                0x0000eb1e       0x16 c:/program files (x86)/atmel/studio/7.0/toolchain/avr8/avr8-gnu-toolchain/bin/../lib/gcc/avr/5.4.0/../../../../avr/lib/avrxmega6\libc.a(strnlen.o)
                0x0000eb1e                strnlen
 .text.avr-libc
                0x0000eb34       0x78 c:/program files (x86)/atmel/studio/7.0/toolchain/avr8/avr8-gnu-toolchain/bin/../lib/gcc/avr/5.4.0/../../../../avr/lib/avrxmega6\libc.a(fputc.o)
                0x0000eb34                fputc
 .text.avr-libc
                0x0000ebac       0xbc c:/program files (x86)/atmel/studio/7.0/toolchain/avr8/avr8-gnu-toolchain/bin/../lib/gcc/avr/5.4.0/../../../../avr/lib/avrxmega6\libc.a(ultoa_invert.o)
                0x0000ebac                __ultoa_invert
 .text.libgcc.div
                0x0000ec68       0x2e c:/program files (x86)/atmel/studio/7.0/toolchain/avr8/avr8-gnu-toolchain/bin/../lib/gcc/avr/5.4.0/avrxmega6\libgcc.a(_divmodsi4.o)
                0x0000ec68                __divmodsi4
 .text.libgcc.div
                0x0000ec96       0x10 c:/program files (x86)/atmel/studio/7.0/toolchain/avr8/avr8-gnu-toolchain/bin/../lib/gcc/avr/5.4.0/avrxmega6\libgcc.a(_negsi2.o)
                0x0000ec96                __negsi2
 .text.libgcc.mul
                0x0000eca6        0xe c:/program files (x86)/atmel/studio/7.0/toolchain/avr8/avr8-gnu-toolchain/bin/../lib/gcc/avr/5.4.0/avrxmega6\libgcc.a(_usmulhisi3.o)
                0x0000eca6                __usmulhisi3
                0x0000ecaa                __usmulhisi3_tail
                0x0000ecb4                . = ALIGN (0x2)
 *(.fini9)
 .fini9         0x0000ecb4        0x0 c:/program files (x86)/atmel/studio/7.0/toolchain/avr8/avr8-gnu-toolchain/bin/../lib/gcc/avr/5.4.0/avrxmega6\libgcc.a(_exit.o)
                0x0000ecb4                _exit
                0x0000ecb4                exit
 *(.fini9)
 *(.fini8)
 *(.fini8)
 *(.fini7)
 *(.fini7)
 *(.fini6)
 *(.fini6)
 *(.fini5)
 *(.fini5)
 *(.fini4)
 *(.fini4)
 *(.fini3)
 *(.fini3)
 *(.fini2)
 *(.fini2)
 *(.fini1)
 *(.fini1)
 *(.fini0)
 .fini0         0x0000ecb4        0x4 c:/program files (x86)/atmel/studio/7.0/toolchain/avr8/avr8-gnu-toolchain/bin/../lib/gcc/avr/5.4.0/avrxmega6\libgcc.a(_exit.o)
 *(.fini0)
                0x0000ecb8                _etext = .

.data           0x00802000      0x1c2 load address 0x0000ecb8
                0x00802000                PROVIDE (__data_start, .)
 *(.data)
 .data          0x00802000        0x2 c:/program files (x86)/atmel/studio/7.0/toolchain/avr8/avr8-gnu-toolchain/bin/../lib/gcc/avr/5.4.0/../../../../avr/lib/avrxmega6\libc.a(asc_store.o)
                0x00802000                __asc_store
 *(.data*)
 .data.cmd_help
                0x00802002        0xa midlevel/gshell/gshell.o
 .data.cmd_pif  0x0080200c        0xa card_mcu.o
 .data.mcuBoard
                0x00802016        0x2 main.o
                0x00802016                mcuBoard
 *(.gnu.linkonce.d*)
 *(.rodata)
 *(.rodata*)
 .rodata.str1.1
                0x00802018       0x43 midlevel/ff.o
                                 0x4c (size before relaxing)
 .rodata.cst.2342
                0x0080205b        0xe midlevel/ff.o
 .rodata.cst32.2343
                0x00802069        0xe midlevel/ff.o
 .rodata.defopt.2344
                0x00802077        0xa midlevel/ff.o
 .rodata.badchr.2306
                0x00802081       0x12 midlevel/ff.o
 .rodata.ExCvt  0x00802093       0x80 midlevel/ff.o
 .rodata.str1.1
                0x00802113        0x8 midlevel/gshell/gshell.o
 .rodata.str1.1
                0x0080211b       0x61 card_mcu.o
 .rodata.str1.1
                0x0080217c       0x11 shell_cmd.o
                                 0x16 (size before relaxing)
 .rodata.gshell_list_num_commands
                0x0080218d        0x1 shell_cmd.o
                0x0080218d                gshell_list_num_commands
 .rodata.gshell_list_commands
                0x0080218e        0x2 shell_cmd.o
                0x0080218e                gshell_list_commands
 .rodata.shell_command_list
                0x00802190       0x32 shell_cmd.o
 *(.gnu.linkonce.r*)
                0x008021c2                . = ALIGN (0x2)
                0x008021c2                _edata = .
                0x008021c2                PROVIDE (__data_end, .)

.bss            0x008021c2     0x243e
                0x008021c2                PROVIDE (__bss_start, .)
 *(.bss)
 .bss           0x008021c2        0x2 c:/program files (x86)/atmel/studio/7.0/toolchain/avr8/avr8-gnu-toolchain/bin/../lib/gcc/avr/5.4.0/../../../../avr/lib/avrxmega6\libc.a(strtok.o)
 *(.bss*)
 .bss.Fsid      0x008021c4        0x2 midlevel/ff.o
 .bss.FatFs     0x008021c6        0x2 midlevel/ff.o
 .bss.u8a_workbuf
                0x008021c8      0x400 midlevel/file_modem/file_modem.o
 .bss._newestFlash
                0x008025c8        0x2 midlevel/flashcache.o
                0x008025c8                _newestFlash
 .bss.g_shell   0x008025ca      0x192 midlevel/gshell/gshell.o
 .bss._textSize
                0x0080275c        0x1 icdriver/RA8876/RA8876.o
                0x0080275c                _textSize
 .bss.transmitBuffer
                0x0080275d       0x80 card_mcu.o
 .bss.receiveBuffer
                0x008027dd       0x80 card_mcu.o
 .bss.newRTC_tick
                0x0080285d        0x1 card_mcu.o
                0x0080285d                newRTC_tick
 .bss._mcuBoard
                0x0080285e     0x1409 main.o
 .bss.sec.6189  0x00803c67        0x4 shell_cmd.o
 .bss.workBuf   0x00803c6b      0x200 shell_cmd.o
 *(COMMON)
 COMMON         0x00803e6b        0x6 midlevel/file_modem/file_modem.o
                0x00803e6b                _flushRx
                0x00803e6d                _recByte
                0x00803e6f                _sendByte
 COMMON         0x00803e71        0x4 lowlevel/gesiFramework.o
                0x00803e71                millis_count
                0x00803e75                callEveryTime
                0x00803e75                oldCallTime
                0x00803e75                taskInfo
                0x00803e75                userFunc
 COMMON         0x00803e75        0x3 icdriver/mcp23.o
                0x00803e75                mcp_Buffer
 COMMON         0x00803e78        0x1 icdriver/RA8876/RA8876.o
                0x00803e78                _textMode
 COMMON         0x00803e79       0x54 icdriver/RA8876/touch.o
                0x00803e79                recBuf
                0x00803ec9                dispH
                0x00803ecb                dispW
 COMMON         0x00803ecd      0x27f card_mcu.o
                0x00803ecd                imageFile
                0x008040ef                pifIO
                0x008040fd                pifDec
                0x0080410a                ColorTableBuffer
                0x0080412a                pifHandler
 COMMON         0x0080414c      0x482 shell_cmd.o
                0x0080414c                Finfo
                0x00804162                File
                0x008045a6                Dir
 COMMON         0x008045ce        0x4 c:/program files (x86)/atmel/studio/7.0/toolchain/avr8/avr8-gnu-toolchain/bin/../lib/gcc/avr/5.4.0/../../../../avr/lib/avrxmega6\libc.a(system_time.o)
                0x008045ce                __system_time
 COMMON         0x008045d2        0xc c:/program files (x86)/atmel/studio/7.0/toolchain/avr8/avr8-gnu-toolchain/bin/../lib/gcc/avr/5.4.0/../../../../avr/lib/avrxmega6\libc.a(tm_store.o)
                0x008045d2                __tm_store
 COMMON         0x008045de        0x4 c:/program files (x86)/atmel/studio/7.0/toolchain/avr8/avr8-gnu-toolchain/bin/../lib/gcc/avr/5.4.0/../../../../avr/lib/avrxmega6\libc.a(utc_offset.o)
                0x008045de                __utc_offset
 COMMON         0x008045e2        0x2 c:/program files (x86)/atmel/studio/7.0/toolchain/avr8/avr8-gnu-toolchain/bin/../lib/gcc/avr/5.4.0/../../../../avr/lib/avrxmega6\libc.a(errno.o)
                0x008045e2                errno
 COMMON         0x008045e4       0x1a c:/program files (x86)/atmel/studio/7.0/toolchain/avr8/avr8-gnu-toolchain/bin/../lib/gcc/avr/5.4.0/../../../../avr/lib/avrxmega6\libc.a(asc_store.o)
                0x008045e4                __store
 COMMON         0x008045fe        0x2 c:/program files (x86)/atmel/studio/7.0/toolchain/avr8/avr8-gnu-toolchain/bin/../lib/gcc/avr/5.4.0/../../../../avr/lib/avrxmega6\libc.a(dst_pointer.o)
                0x008045fe                __dst_ptr
                0x00804600                PROVIDE (__bss_end, .)
                0x0000ecb8                __data_load_start = LOADADDR (.data)
                0x0000ee7a                __data_load_end = (__data_load_start + SIZEOF (.data))

.noinit         0x00804600        0x0
                [!provide]                PROVIDE (__noinit_start, .)
 *(.noinit*)
                [!provide]                PROVIDE (__noinit_end, .)
                0x00804600                _end = .
                [!provide]                PROVIDE (__heap_start, .)

.eeprom         0x00810000        0x0
 *(.eeprom*)
                0x00810000                __eeprom_end = .

.fuse
 *(.fuse)
 *(.lfuse)
 *(.hfuse)
 *(.efuse)

.lock
 *(.lock*)

.signature
 *(.signature*)

.user_signatures
 *(.user_signatures*)

.stab
 *(.stab)

.stabstr
 *(.stabstr)

.stab.excl
 *(.stab.excl)

.stab.exclstr
 *(.stab.exclstr)

.stab.index
 *(.stab.index)

.stab.indexstr
 *(.stab.indexstr)

.comment        0x00000000       0x5c
 *(.comment)
 .comment       0x00000000       0x30 midlevel/ff.o
                                 0x31 (size before relaxing)
 .comment       0x00000030       0x31 midlevel/file_modem/file_modem.o
 .comment       0x00000030       0x31 midlevel/flashcache.o
 .comment       0x00000030       0x31 midlevel/gshell/gshell.o
 .comment       0x00000030       0x31 midlevel/pifdec/pifdec.o
 .comment       0x00000030       0x31 midlevel/RA8876Helper.o
 .comment       0x00000030       0x31 lowlevel/gesiFramework.o
 .comment       0x00000030       0x31 lowlevel/hwSPI.o
 .comment       0x00000030       0x31 lowlevel/twi_master_driver.o
 .comment       0x00000030       0x31 lowlevel/xmegaUARTSPI/uartSPI.o
 .comment       0x00000030       0x31 lowlevel/xmegaUSART/uart.o
 .comment       0x00000030       0x31 icdriver/mcp23.o
 .comment       0x00000030       0x31 icdriver/RA8876/RA8876.o
 .comment       0x00000030       0x31 icdriver/RA8876/RA8876_cursors.o
 .comment       0x00000030       0x31 icdriver/RA8876/touch.o
 .comment       0x00000030       0x31 icdriver/RTC-RV3028/rtc_rv3028.o
 .comment       0x00000030       0x31 icdriver/spiflash/spiflash.o
 .comment       0x00000030       0x31 card_mcu.o
 .comment       0x00000030       0x31 main.o
 .comment       0x00000030       0x31 shell_cmd.o
 .comment       0x00000030       0x31 c:/program files (x86)/atmel/studio/7.0/toolchain/avr8/avr8-gnu-toolchain/bin/../lib/gcc/avr/5.4.0/../../../../avr/lib/avrxmega6\libc.a(strtol.o)
 .comment       0x00000030       0x31 c:/program files (x86)/atmel/studio/7.0/toolchain/avr8/avr8-gnu-toolchain/bin/../lib/gcc/avr/5.4.0/../../../../avr/lib/avrxmega6\libc.a(strtoul.o)
 .comment       0x00000030       0x31 c:/program files (x86)/atmel/studio/7.0/toolchain/avr8/avr8-gnu-toolchain/bin/../lib/gcc/avr/5.4.0/../../../../avr/lib/avrxmega6\libc.a(strtok.o)
 .comment       0x00000030       0x31 c:/program files (x86)/atmel/studio/7.0/toolchain/avr8/avr8-gnu-toolchain/bin/../lib/gcc/avr/5.4.0/../../../../avr/lib/avrxmega6\libc.a(sprintf.o)
 .comment       0x00000030       0x31 c:/program files (x86)/atmel/studio/7.0/toolchain/avr8/avr8-gnu-toolchain/bin/../lib/gcc/avr/5.4.0/../../../../avr/lib/avrxmega6\libc.a(vsprintf.o)
 .comment       0x00000030       0x31 c:/program files (x86)/atmel/studio/7.0/toolchain/avr8/avr8-gnu-toolchain/bin/../lib/gcc/avr/5.4.0/../../../../avr/lib/avrxmega6\libc.a(ctime.o)
 .comment       0x00000030       0x31 c:/program files (x86)/atmel/studio/7.0/toolchain/avr8/avr8-gnu-toolchain/bin/../lib/gcc/avr/5.4.0/../../../../avr/lib/avrxmega6\libc.a(localtime.o)
 .comment       0x00000030       0x31 c:/program files (x86)/atmel/studio/7.0/toolchain/avr8/avr8-gnu-toolchain/bin/../lib/gcc/avr/5.4.0/../../../../avr/lib/avrxmega6\libc.a(localtime_r.o)
 .comment       0x00000030       0x31 c:/program files (x86)/atmel/studio/7.0/toolchain/avr8/avr8-gnu-toolchain/bin/../lib/gcc/avr/5.4.0/../../../../avr/lib/avrxmega6\libc.a(mktime.o)
 .comment       0x00000030       0x31 c:/program files (x86)/atmel/studio/7.0/toolchain/avr8/avr8-gnu-toolchain/bin/../lib/gcc/avr/5.4.0/../../../../avr/lib/avrxmega6\libc.a(set_dst.o)
 .comment       0x00000030       0x31 c:/program files (x86)/atmel/studio/7.0/toolchain/avr8/avr8-gnu-toolchain/bin/../lib/gcc/avr/5.4.0/../../../../avr/lib/avrxmega6\libc.a(set_system_time.o)
 .comment       0x00000030       0x2c c:/program files (x86)/atmel/studio/7.0/toolchain/avr8/avr8-gnu-toolchain/bin/../lib/gcc/avr/5.4.0/../../../../avr/lib/avrxmega6\libc.a(set_zone.o)
                                 0x2d (size before relaxing)
 .comment       0x0000005c       0x31 c:/program files (x86)/atmel/studio/7.0/toolchain/avr8/avr8-gnu-toolchain/bin/../lib/gcc/avr/5.4.0/../../../../avr/lib/avrxmega6\libc.a(system_time.o)
 .comment       0x0000005c       0x31 c:/program files (x86)/atmel/studio/7.0/toolchain/avr8/avr8-gnu-toolchain/bin/../lib/gcc/avr/5.4.0/../../../../avr/lib/avrxmega6\libc.a(time.o)
 .comment       0x0000005c       0x31 c:/program files (x86)/atmel/studio/7.0/toolchain/avr8/avr8-gnu-toolchain/bin/../lib/gcc/avr/5.4.0/../../../../avr/lib/avrxmega6\libc.a(tm_store.o)
 .comment       0x0000005c       0x2d c:/program files (x86)/atmel/studio/7.0/toolchain/avr8/avr8-gnu-toolchain/bin/../lib/gcc/avr/5.4.0/../../../../avr/lib/avrxmega6\libc.a(utc_offset.o)
 .comment       0x0000005c       0x2d c:/program files (x86)/atmel/studio/7.0/toolchain/avr8/avr8-gnu-toolchain/bin/../lib/gcc/avr/5.4.0/../../../../avr/lib/avrxmega6\libc.a(vfprintf_std.o)
 .comment       0x0000005c       0x2d c:/program files (x86)/atmel/studio/7.0/toolchain/avr8/avr8-gnu-toolchain/bin/../lib/gcc/avr/5.4.0/../../../../avr/lib/avrxmega6\libc.a(errno.o)
 .comment       0x0000005c       0x31 c:/program files (x86)/atmel/studio/7.0/toolchain/avr8/avr8-gnu-toolchain/bin/../lib/gcc/avr/5.4.0/../../../../avr/lib/avrxmega6\libc.a(fputc.o)
 .comment       0x0000005c       0x31 c:/program files (x86)/atmel/studio/7.0/toolchain/avr8/avr8-gnu-toolchain/bin/../lib/gcc/avr/5.4.0/../../../../avr/lib/avrxmega6\libc.a(asc_store.o)
 .comment       0x0000005c       0x31 c:/program files (x86)/atmel/studio/7.0/toolchain/avr8/avr8-gnu-toolchain/bin/../lib/gcc/avr/5.4.0/../../../../avr/lib/avrxmega6\libc.a(asctime_r.o)
 .comment       0x0000005c       0x31 c:/program files (x86)/atmel/studio/7.0/toolchain/avr8/avr8-gnu-toolchain/bin/../lib/gcc/avr/5.4.0/../../../../avr/lib/avrxmega6\libc.a(dst_pointer.o)
 .comment       0x0000005c       0x31 c:/program files (x86)/atmel/studio/7.0/toolchain/avr8/avr8-gnu-toolchain/bin/../lib/gcc/avr/5.4.0/../../../../avr/lib/avrxmega6\libc.a(gmtime_r.o)
 .comment       0x0000005c       0x31 c:/program files (x86)/atmel/studio/7.0/toolchain/avr8/avr8-gnu-toolchain/bin/../lib/gcc/avr/5.4.0/../../../../avr/lib/avrxmega6\libc.a(mk_gmtime.o)
 .comment       0x0000005c       0x31 c:/program files (x86)/atmel/studio/7.0/toolchain/avr8/avr8-gnu-toolchain/bin/../lib/gcc/avr/5.4.0/../../../../avr/lib/avrxmega6\libc.a(print_lz.o)
 .comment       0x0000005c       0x31 c:/program files (x86)/atmel/studio/7.0/toolchain/avr8/avr8-gnu-toolchain/bin/../lib/gcc/avr/5.4.0/../../../../avr/lib/avrxmega6\libc.a(isLeap.o)

.note.gnu.avr.deviceinfo
                0x00000000       0x40
 .note.gnu.avr.deviceinfo
                0x00000000       0x40 C:/Program Files (x86)/Atmel/Studio/7.0/Packs/Atmel/XMEGAC_DFP/1.2.112/gcc/dev/atxmega384c3/avrxmega6/crtatxmega384c3.o

.note.gnu.build-id
 *(.note.gnu.build-id)

.debug
 *(.debug)

.line
 *(.line)

.debug_srcinfo
 *(.debug_srcinfo)

.debug_sfnames
 *(.debug_sfnames)

.debug_aranges  0x00000000      0xec8
 *(.debug_aranges)
 .debug_aranges
                0x00000000      0x1d8 midlevel/ff.o
 .debug_aranges
                0x000001d8       0x48 midlevel/file_modem/file_modem.o
 .debug_aranges
                0x00000220       0x80 midlevel/flashcache.o
 .debug_aranges
                0x000002a0       0x90 midlevel/gshell/gshell.o
 .debug_aranges
                0x00000330       0x80 midlevel/pifdec/pifdec.o
 .debug_aranges
                0x000003b0       0x70 midlevel/RA8876Helper.o
 .debug_aranges
                0x00000420       0xd0 lowlevel/gesiFramework.o
 .debug_aranges
                0x000004f0       0x70 lowlevel/hwSPI.o
 .debug_aranges
                0x00000560       0x90 lowlevel/twi_master_driver.o
 .debug_aranges
                0x000005f0       0x68 lowlevel/xmegaUARTSPI/uartSPI.o
 .debug_aranges
                0x00000658       0x80 lowlevel/xmegaUSART/uart.o
 .debug_aranges
                0x000006d8       0x80 icdriver/mcp23.o
 .debug_aranges
                0x00000758      0x470 icdriver/RA8876/RA8876.o
 .debug_aranges
                0x00000bc8       0x18 icdriver/RA8876/RA8876_cursors.o
 .debug_aranges
                0x00000be0       0x48 icdriver/RA8876/touch.o
 .debug_aranges
                0x00000c28       0x88 icdriver/RTC-RV3028/rtc_rv3028.o
 .debug_aranges
                0x00000cb0       0xb8 icdriver/spiflash/spiflash.o
 .debug_aranges
                0x00000d68       0xe8 card_mcu.o
 .debug_aranges
                0x00000e50       0x20 main.o
 .debug_aranges
                0x00000e70       0x58 shell_cmd.o

.debug_pubnames
 *(.debug_pubnames)

.debug_info     0x00000000    0x1cbbb
 *(.debug_info .gnu.linkonce.wi.*)
 .debug_info    0x00000000     0x2a76 C:/Program Files (x86)/Atmel/Studio/7.0/Packs/Atmel/XMEGAC_DFP/1.2.112/gcc/dev/atxmega384c3/avrxmega6/crtatxmega384c3.o
 .debug_info    0x00002a76     0x468d midlevel/ff.o
 .debug_info    0x00007103      0xa84 midlevel/file_modem/file_modem.o
 .debug_info    0x00007b87      0xa48 midlevel/flashcache.o
 .debug_info    0x000085cf      0xcf4 midlevel/gshell/gshell.o
 .debug_info    0x000092c3      0xd05 midlevel/pifdec/pifdec.o
 .debug_info    0x00009fc8     0x14c8 midlevel/RA8876Helper.o
 .debug_info    0x0000b490      0xff4 lowlevel/gesiFramework.o
 .debug_info    0x0000c484      0x6b5 lowlevel/hwSPI.o
 .debug_info    0x0000cb39      0xa60 lowlevel/twi_master_driver.o
 .debug_info    0x0000d599      0x773 lowlevel/xmegaUARTSPI/uartSPI.o
 .debug_info    0x0000dd0c      0x803 lowlevel/xmegaUSART/uart.o
 .debug_info    0x0000e50f      0xbe0 icdriver/mcp23.o
 .debug_info    0x0000f0ef     0x5192 icdriver/RA8876/RA8876.o
 .debug_info    0x00014281       0x78 icdriver/RA8876/RA8876_cursors.o
 .debug_info    0x000142f9      0x5e2 icdriver/RA8876/touch.o
 .debug_info    0x000148db      0xb0e icdriver/RTC-RV3028/rtc_rv3028.o
 .debug_info    0x000153e9      0xdbf icdriver/spiflash/spiflash.o
 .debug_info    0x000161a8     0x3363 card_mcu.o
 .debug_info    0x0001950b      0xddb main.o
 .debug_info    0x0001a2e6     0x28d5 shell_cmd.o

.debug_abbrev   0x00000000     0x59b8
 *(.debug_abbrev)
 .debug_abbrev  0x00000000     0x2836 C:/Program Files (x86)/Atmel/Studio/7.0/Packs/Atmel/XMEGAC_DFP/1.2.112/gcc/dev/atxmega384c3/avrxmega6/crtatxmega384c3.o
 .debug_abbrev  0x00002836      0x25d midlevel/ff.o
 .debug_abbrev  0x00002a93      0x2d2 midlevel/file_modem/file_modem.o
 .debug_abbrev  0x00002d65      0x233 midlevel/flashcache.o
 .debug_abbrev  0x00002f98      0x2ec midlevel/gshell/gshell.o
 .debug_abbrev  0x00003284      0x2df midlevel/pifdec/pifdec.o
 .debug_abbrev  0x00003563      0x234 midlevel/RA8876Helper.o
 .debug_abbrev  0x00003797      0x3c6 lowlevel/gesiFramework.o
 .debug_abbrev  0x00003b5d      0x197 lowlevel/hwSPI.o
 .debug_abbrev  0x00003cf4      0x28b lowlevel/twi_master_driver.o
 .debug_abbrev  0x00003f7f      0x1b3 lowlevel/xmegaUARTSPI/uartSPI.o
 .debug_abbrev  0x00004132      0x1f4 lowlevel/xmegaUSART/uart.o
 .debug_abbrev  0x00004326      0x1ff icdriver/mcp23.o
 .debug_abbrev  0x00004525      0x3af icdriver/RA8876/RA8876.o
 .debug_abbrev  0x000048d4       0x31 icdriver/RA8876/RA8876_cursors.o
 .debug_abbrev  0x00004905      0x1b4 icdriver/RA8876/touch.o
 .debug_abbrev  0x00004ab9      0x20f icdriver/RTC-RV3028/rtc_rv3028.o
 .debug_abbrev  0x00004cc8      0x230 icdriver/spiflash/spiflash.o
 .debug_abbrev  0x00004ef8      0x519 card_mcu.o
 .debug_abbrev  0x00005411      0x214 main.o
 .debug_abbrev  0x00005625      0x393 shell_cmd.o

.debug_line     0x00000000     0xae5a
 *(.debug_line .debug_line.* .debug_line_end)
 .debug_line    0x00000000      0x39d C:/Program Files (x86)/Atmel/Studio/7.0/Packs/Atmel/XMEGAC_DFP/1.2.112/gcc/dev/atxmega384c3/avrxmega6/crtatxmega384c3.o
 .debug_line    0x0000039d     0x2a50 midlevel/ff.o
 .debug_line    0x00002ded      0x552 midlevel/file_modem/file_modem.o
 .debug_line    0x0000333f      0x432 midlevel/flashcache.o
 .debug_line    0x00003771      0x733 midlevel/gshell/gshell.o
 .debug_line    0x00003ea4      0x748 midlevel/pifdec/pifdec.o
 .debug_line    0x000045ec      0x5c1 midlevel/RA8876Helper.o
 .debug_line    0x00004bad      0x7f5 lowlevel/gesiFramework.o
 .debug_line    0x000053a2      0x317 lowlevel/hwSPI.o
 .debug_line    0x000056b9      0x4ce lowlevel/twi_master_driver.o
 .debug_line    0x00005b87      0x344 lowlevel/xmegaUARTSPI/uartSPI.o
 .debug_line    0x00005ecb      0x493 lowlevel/xmegaUSART/uart.o
 .debug_line    0x0000635e      0x4e5 icdriver/mcp23.o
 .debug_line    0x00006843     0x1daa icdriver/RA8876/RA8876.o
 .debug_line    0x000085ed       0x41 icdriver/RA8876/RA8876_cursors.o
 .debug_line    0x0000862e      0x31c icdriver/RA8876/touch.o
 .debug_line    0x0000894a      0x441 icdriver/RTC-RV3028/rtc_rv3028.o
 .debug_line    0x00008d8b      0x562 icdriver/spiflash/spiflash.o
 .debug_line    0x000092ed      0xc4b card_mcu.o
 .debug_line    0x00009f38      0x26c main.o
 .debug_line    0x0000a1a4      0xcb6 shell_cmd.o

.debug_frame    0x00000000     0x4174
 *(.debug_frame)
 .debug_frame   0x00000000      0xd40 midlevel/ff.o
 .debug_frame   0x00000d40      0x170 midlevel/file_modem/file_modem.o
 .debug_frame   0x00000eb0      0x244 midlevel/flashcache.o
 .debug_frame   0x000010f4      0x1a8 midlevel/gshell/gshell.o
 .debug_frame   0x0000129c      0x220 midlevel/pifdec/pifdec.o
 .debug_frame   0x000014bc      0x308 midlevel/RA8876Helper.o
 .debug_frame   0x000017c4      0x27c lowlevel/gesiFramework.o
 .debug_frame   0x00001a40      0x160 lowlevel/hwSPI.o
 .debug_frame   0x00001ba0      0x168 lowlevel/twi_master_driver.o
 .debug_frame   0x00001d08      0x160 lowlevel/xmegaUARTSPI/uartSPI.o
 .debug_frame   0x00001e68      0x15c lowlevel/xmegaUSART/uart.o
 .debug_frame   0x00001fc4      0x1a8 icdriver/mcp23.o
 .debug_frame   0x0000216c     0x1010 icdriver/RA8876/RA8876.o
 .debug_frame   0x0000317c      0x150 icdriver/RA8876/touch.o
 .debug_frame   0x000032cc      0x208 icdriver/RTC-RV3028/rtc_rv3028.o
 .debug_frame   0x000034d4      0x408 icdriver/spiflash/spiflash.o
 .debug_frame   0x000038dc      0x614 card_mcu.o
 .debug_frame   0x00003ef0       0x34 main.o
 .debug_frame   0x00003f24      0x250 shell_cmd.o

.debug_str      0x00000000     0x7082
 *(.debug_str)
 .debug_str     0x00000000     0x1be5 C:/Program Files (x86)/Atmel/Studio/7.0/Packs/Atmel/XMEGAC_DFP/1.2.112/gcc/dev/atxmega384c3/avrxmega6/crtatxmega384c3.o
 .debug_str     0x00001be5      0x799 midlevel/ff.o
                                0x833 (size before relaxing)
 .debug_str     0x0000237e      0x2a0 midlevel/file_modem/file_modem.o
                                0x59b (size before relaxing)
 .debug_str     0x0000261e      0x216 midlevel/flashcache.o
                                0x482 (size before relaxing)
 .debug_str     0x00002834      0x308 midlevel/gshell/gshell.o
                                0x4b9 (size before relaxing)
 .debug_str     0x00002b3c      0x520 midlevel/pifdec/pifdec.o
                                0x722 (size before relaxing)
 .debug_str     0x0000305c      0x860 midlevel/RA8876Helper.o
                                0xcc2 (size before relaxing)
 .debug_str     0x000038bc      0x5d8 lowlevel/gesiFramework.o
                                0x802 (size before relaxing)
 .debug_str     0x00003e94      0x203 lowlevel/hwSPI.o
                                0x407 (size before relaxing)