Archive member included to satisfy reference by file (symbol)

c:/program files (x86)/atmel/studio/7.0/toolchain/avr8/avr8-gnu-toolchain/bin/../lib/gcc/avr/5.4.0/../../../../avr/lib/avrxmega6\libm.a(divsf3.o)
                              4_icdriver/ACS37800/acs37800.o (__divsf3)
c:/program files (x86)/atmel/studio/7.0/toolchain/avr8/avr8-gnu-toolchain/bin/../lib/gcc/avr/5.4.0/../../../../avr/lib/avrxmega6\libm.a(divsf3x.o)
                              c:/program files (x86)/atmel/studio/7.0/toolchain/avr8/avr8-gnu-toolchain/bin/../lib/gcc/avr/5.4.0/../../../../avr/lib/avrxmega6\libm.a(divsf3.o) (__divsf3x)
c:/program files (x86)/atmel/studio/7.0/toolchain/avr8/avr8-gnu-toolchain/bin/../lib/gcc/avr/5.4.0/../../../../avr/lib/avrxmega6\libm.a(fixunssfsi.o)
                              1_highlevel/card_acsb.o (__fixunssfsi)
c:/program files (x86)/atmel/studio/7.0/toolchain/avr8/avr8-gnu-toolchain/bin/../lib/gcc/avr/5.4.0/../../../../avr/lib/avrxmega6\libm.a(floatsisf.o)
                              1_highlevel/card_psu.o (__floatunsisf)
c:/program files (x86)/atmel/studio/7.0/toolchain/avr8/avr8-gnu-toolchain/bin/../lib/gcc/avr/5.4.0/../../../../avr/lib/avrxmega6\libm.a(fp_inf.o)
                              c:/program files (x86)/atmel/studio/7.0/toolchain/avr8/avr8-gnu-toolchain/bin/../lib/gcc/avr/5.4.0/../../../../avr/lib/avrxmega6\libm.a(divsf3x.o) (__fp_inf)
c:/program files (x86)/atmel/studio/7.0/toolchain/avr8/avr8-gnu-toolchain/bin/../lib/gcc/avr/5.4.0/../../../../avr/lib/avrxmega6\libm.a(fp_nan.o)
                              c:/program files (x86)/atmel/studio/7.0/toolchain/avr8/avr8-gnu-toolchain/bin/../lib/gcc/avr/5.4.0/../../../../avr/lib/avrxmega6\libm.a(divsf3x.o) (__fp_nan)
c:/program files (x86)/atmel/studio/7.0/toolchain/avr8/avr8-gnu-toolchain/bin/../lib/gcc/avr/5.4.0/../../../../avr/lib/avrxmega6\libm.a(fp_pscA.o)
                              c:/program files (x86)/atmel/studio/7.0/toolchain/avr8/avr8-gnu-toolchain/bin/../lib/gcc/avr/5.4.0/../../../../avr/lib/avrxmega6\libm.a(divsf3x.o) (__fp_pscA)
c:/program files (x86)/atmel/studio/7.0/toolchain/avr8/avr8-gnu-toolchain/bin/../lib/gcc/avr/5.4.0/../../../../avr/lib/avrxmega6\libm.a(fp_pscB.o)
                              c:/program files (x86)/atmel/studio/7.0/toolchain/avr8/avr8-gnu-toolchain/bin/../lib/gcc/avr/5.4.0/../../../../avr/lib/avrxmega6\libm.a(divsf3x.o) (__fp_pscB)
c:/program files (x86)/atmel/studio/7.0/toolchain/avr8/avr8-gnu-toolchain/bin/../lib/gcc/avr/5.4.0/../../../../avr/lib/avrxmega6\libm.a(fp_round.o)
                              c:/program files (x86)/atmel/studio/7.0/toolchain/avr8/avr8-gnu-toolchain/bin/../lib/gcc/avr/5.4.0/../../../../avr/lib/avrxmega6\libm.a(divsf3.o) (__fp_round)
c:/program files (x86)/atmel/studio/7.0/toolchain/avr8/avr8-gnu-toolchain/bin/../lib/gcc/avr/5.4.0/../../../../avr/lib/avrxmega6\libm.a(fp_split3.o)
                              c:/program files (x86)/atmel/studio/7.0/toolchain/avr8/avr8-gnu-toolchain/bin/../lib/gcc/avr/5.4.0/../../../../avr/lib/avrxmega6\libm.a(divsf3x.o) (__fp_split3)
c:/program files (x86)/atmel/studio/7.0/toolchain/avr8/avr8-gnu-toolchain/bin/../lib/gcc/avr/5.4.0/../../../../avr/lib/avrxmega6\libm.a(fp_zero.o)
                              c:/program files (x86)/atmel/studio/7.0/toolchain/avr8/avr8-gnu-toolchain/bin/../lib/gcc/avr/5.4.0/../../../../avr/lib/avrxmega6\libm.a(fixunssfsi.o) (__fp_zero)
c:/program files (x86)/atmel/studio/7.0/toolchain/avr8/avr8-gnu-toolchain/bin/../lib/gcc/avr/5.4.0/../../../../avr/lib/avrxmega6\libm.a(mulsf3.o)
                              1_highlevel/card_acsb.o (__mulsf3)
c:/program files (x86)/atmel/studio/7.0/toolchain/avr8/avr8-gnu-toolchain/bin/../lib/gcc/avr/5.4.0/../../../../avr/lib/avrxmega6\libm.a(mulsf3x.o)
                              c:/program files (x86)/atmel/studio/7.0/toolchain/avr8/avr8-gnu-toolchain/bin/../lib/gcc/avr/5.4.0/../../../../avr/lib/avrxmega6\libm.a(mulsf3.o) (__mulsf3x)
c:/program files (x86)/atmel/studio/7.0/toolchain/avr8/avr8-gnu-toolchain/bin/../lib/gcc/avr/5.4.0/../../../../avr/lib/avrxmega6\libm.a(round.o)
                              1_highlevel/card_acsb.o (round)
c:/program files (x86)/atmel/studio/7.0/toolchain/avr8/avr8-gnu-toolchain/bin/../lib/gcc/avr/5.4.0/../../../../avr/lib/avrxmega6\libm.a(fp_mintl.o)
                              c:/program files (x86)/atmel/studio/7.0/toolchain/avr8/avr8-gnu-toolchain/bin/../lib/gcc/avr/5.4.0/../../../../avr/lib/avrxmega6\libm.a(round.o) (__fp_mintl)
c:/program files (x86)/atmel/studio/7.0/toolchain/avr8/avr8-gnu-toolchain/bin/../lib/gcc/avr/5.4.0/../../../../avr/lib/avrxmega6\libm.a(fp_mpack.o)
                              c:/program files (x86)/atmel/studio/7.0/toolchain/avr8/avr8-gnu-toolchain/bin/../lib/gcc/avr/5.4.0/../../../../avr/lib/avrxmega6\libm.a(round.o) (__fp_mpack)
c:/program files (x86)/atmel/studio/7.0/toolchain/avr8/avr8-gnu-toolchain/bin/../lib/gcc/avr/5.4.0/avrxmega6\libgcc.a(_mulsi3.o)
[...]
Memory Configuration

Name             Origin             Length             Attributes
text             0x00000000         0x00062000         xr
data             0x00802000         0x00008000         rw !x
eeprom           0x00810000         0x00001000         rw !x
fuse             0x00820000         0x00000006         rw !x
lock             0x00830000         0x00000400         rw !x
signature        0x00840000         0x00000400         rw !x
user_signatures  0x00850000         0x00000400         rw !x
*default*        0x00000000         0xffffffff

Linker script and memory map

LOAD C:/Program Files (x86)/Atmel/Studio/7.0/Packs/Atmel/XMEGAC_DFP/1.2.112/gcc/dev/atxmega384c3/avrxmega6/crtatxmega384c3.o
LOAD 1_highlevel/bus.o
LOAD 1_highlevel/card_acsb.o
LOAD 1_highlevel/card_anin.o
LOAD 1_highlevel/card_mcu.o
LOAD 1_highlevel/card_pmux.o
LOAD 1_highlevel/card_proto.o
LOAD 1_highlevel/card_psu.o
LOAD 1_highlevel/setup.o
LOAD 1_highlevel/shell_cmd.o
LOAD 2_midlevel/bootcmd.o
LOAD 2_midlevel/ff.o
LOAD 2_midlevel/file_modem/file_modem.o
LOAD 2_midlevel/flashcache.o
LOAD 2_midlevel/gshell/example/example.o
LOAD 2_midlevel/gshell/gshell.o
LOAD 2_midlevel/mem-check.o
LOAD 2_midlevel/pifdec/pifdec.o
LOAD 2_midlevel/qdec.o
LOAD 2_midlevel/RA8876Helper.o
LOAD 3_lowlevel/gesiFramework.o
LOAD 3_lowlevel/hwSPI.o
LOAD 3_lowlevel/twi_master_driver.o
LOAD 3_lowlevel/xmegaUARTSPI/uartSPI.o
LOAD 3_lowlevel/xmegaUSART/uart.o
LOAD 4_icdriver/ACS37800/acs37800.o
LOAD 4_icdriver/ADG725/adg725.o
LOAD 4_icdriver/ads1018/ads1018.o
LOAD 4_icdriver/MAX14915/max14915.o
LOAD 4_icdriver/MAX22190/max22190.o
LOAD 4_icdriver/mcp23.o
LOAD 4_icdriver/mcp48.o
LOAD 4_icdriver/powershift.o
LOAD 4_icdriver/RA8876/main.o
LOAD 4_icdriver/RA8876/RA8876.o
LOAD 4_icdriver/RA8876/RA8876_cursors.o
LOAD 4_icdriver/RA8876/touch.o
LOAD 4_icdriver/RTC-RV3028/rtc_rv3028.o
LOAD 4_icdriver/spiflash/spiflash.o
LOAD 5_ugui/ugui.o
LOAD 5_ugui/ugui_button.o
LOAD 5_ugui/ugui_checkbox.o
LOAD 5_ugui/ugui_fatfsImage.o
LOAD 5_ugui/ugui_image.o
LOAD 5_ugui/ugui_listbox.o
LOAD 5_ugui/ugui_progress.o
LOAD 5_ugui/ugui_textbox.o
LOAD gui.o
LOAD main.o
START GROUP
LOAD c:/program files (x86)/atmel/studio/7.0/toolchain/avr8/avr8-gnu-toolchain/bin/../lib/gcc/avr/5.4.0/../../../../avr/lib/avrxmega6\libm.a
END GROUP
START GROUP
LOAD c:/program files (x86)/atmel/studio/7.0/toolchain/avr8/avr8-gnu-toolchain/bin/../lib/gcc/avr/5.4.0/avrxmega6\libgcc.a
LOAD c:/program files (x86)/atmel/studio/7.0/toolchain/avr8/avr8-gnu-toolchain/bin/../lib/gcc/avr/5.4.0/../../../../avr/lib/avrxmega6\libm.a
LOAD c:/program files (x86)/atmel/studio/7.0/toolchain/avr8/avr8-gnu-toolchain/bin/../lib/gcc/avr/5.4.0/../../../../avr/lib/avrxmega6\libc.a
LOAD C:/Program Files (x86)/Atmel/Studio/7.0/Packs/Atmel/XMEGAC_DFP/1.2.112/gcc/dev/atxmega384c3/avrxmega6\libatxmega384c3.a
END GROUP
                [0x00000000]                __TEXT_REGION_ORIGIN__ = DEFINED (__TEXT_REGION_ORIGIN__)?__TEXT_REGION_ORIGIN__:0x0
                [0x00802000]                __DATA_REGION_ORIGIN__ = DEFINED (__DATA_REGION_ORIGIN__)?__DATA_REGION_ORIGIN__:0x802000
                [0x00062000]                __TEXT_REGION_LENGTH__ = DEFINED (__TEXT_REGION_LENGTH__)?__TEXT_REGION_LENGTH__:0x100000
                [0x00008000]                __DATA_REGION_LENGTH__ = DEFINED (__DATA_REGION_LENGTH__)?__DATA_REGION_LENGTH__:0xffa0
                [0x00001000]                __EEPROM_REGION_LENGTH__ = DEFINED (__EEPROM_REGION_LENGTH__)?__EEPROM_REGION_LENGTH__:0x10000
                [0x00000006]                __FUSE_REGION_LENGTH__ = DEFINED (__FUSE_REGION_LENGTH__)?__FUSE_REGION_LENGTH__:0x400
                0x00000400                __LOCK_REGION_LENGTH__ = DEFINED (__LOCK_REGION_LENGTH__)?__LOCK_REGION_LENGTH__:0x400
                0x00000400                __SIGNATURE_REGION_LENGTH__ = DEFINED (__SIGNATURE_REGION_LENGTH__)?__SIGNATURE_REGION_LENGTH__:0x400
                0x00000400                __USER_SIGNATURE_REGION_LENGTH__ = DEFINED (__USER_SIGNATURE_REGION_LENGTH__)?__USER_SIGNATURE_REGION_LENGTH__:0x400

.hash
 *(.hash)

.dynsym
 *(.dynsym)

.dynstr
 *(.dynstr)

.gnu.version
 *(.gnu.version)

.gnu.version_d
 *(.gnu.version_d)

.gnu.version_r
 *(.gnu.version_r)

.rel.init
 *(.rel.init)

.rela.init
 *(.rela.init)

.rel.text
 *(.rel.text)
 *(.rel.text.*)
 *(.rel.gnu.linkonce.t*)

.rela.text
 *(.rela.text)
 *(.rela.text.*)
 *(.rela.gnu.linkonce.t*)

.rel.fini
 *(.rel.fini)

.rela.fini
 *(.rela.fini)

.rel.rodata
 *(.rel.rodata)
 *(.rel.rodata.*)
 *(.rel.gnu.linkonce.r*)

.rela.rodata
 *(.rela.rodata)
 *(.rela.rodata.*)
 *(.rela.gnu.linkonce.r*)

.rel.data
 *(.rel.data)
 *(.rel.data.*)
 *(.rel.gnu.linkonce.d*)

.rela.data
 *(.rela.data)
 *(.rela.data.*)
 *(.rela.gnu.linkonce.d*)

.rel.ctors
 *(.rel.ctors)

.rela.ctors
 *(.rela.ctors)

.rel.dtors
 *(.rel.dtors)

.rela.dtors
 *(.rela.dtors)

.rel.got
 *(.rel.got)

.rela.got
 *(.rela.got)

.rel.bss
 *(.rel.bss)

.rela.bss
 *(.rela.bss)

.rel.plt
 *(.rel.plt)

.rela.plt
 *(.rela.plt)

.text           0x00000000    0x307de
 *(.vectors)
 .vectors       0x00000000      0x1fc C:/Program Files (x86)/Atmel/Studio/7.0/Packs/Atmel/XMEGAC_DFP/1.2.112/gcc/dev/atxmega384c3/avrxmega6/crtatxmega384c3.o
                0x00000000                __vector_default
                0x00000000                __vectors
 *(.vectors)
 *(.progmem.gcc*)
 .progmem.gcc_sw_table.ImagePrepare
                0x000001fc       0x10 1_highlevel/card_mcu.o
 .progmem.gcc_sw_table.ImageWrite
                0x0000020c       0x10 1_highlevel/card_mcu.o
 .progmem.gcc_sw_table.cli_cmd_fatfs
                0x0000021c       0x2e 1_highlevel/shell_cmd.o
 .progmem.gcc_sw_table._UG_PutChar
                0x0000024a       0x9a 5_ugui/ugui.o
 .progmem.gcc_sw_table.gui_process
                0x000002e4       0x10 gui.o
 .progmem.gcc_sw_table._conTestStateMachine
                0x000002f4       0x10 main.o
 .progmem.gcc_sw_table.stateMachine_contacts
                0x00000304       0x16 main.o
 .progmem.gcc_sw_table.stateMachine
                0x0000031a       0x82 main.o
                0x0000039c                . = ALIGN (0x2)
                0x0000039c                __trampolines_start = .
 *(.trampolines)
 .trampolines   0x0000039c      0x218 linker stubs
 *(.trampolines*)
                0x000005b4                __trampolines_end = .
 *libprintf_flt.a:*(.progmem.data)
 *libc.a:*(.progmem.data)
 *(.progmem*)
 .progmemx.data.__fc.7111
                0x000005b4        0xd 1_highlevel/card_anin.o
 .progmemx.data.__fc.7109
                0x000005c1       0x13 1_highlevel/card_anin.o
 .progmemx.data.__fc.7194
                0x000005d4       0x68 1_highlevel/card_anin.o
 .progmemx.data.__fc.7192
                0x0000063c       0x68 1_highlevel/card_anin.o
 .progmemx.data.__fc.7190
                0x000006a4       0x42 1_highlevel/card_anin.o
 .progmemx.data.__fc.7185
                0x000006e6        0x3 1_highlevel/card_anin.o
 .progmemx.data.__fc.7180
                0x000006e9       0x1f 1_highlevel/card_anin.o
 .progmemx.data.__fc.7177
                0x00000708       0x22 1_highlevel/card_anin.o
 .progmemx.data.__fc.7175
                0x0000072a       0x41 1_highlevel/card_anin.o
 .progmemx.data.__fc.7173
                0x0000076b        0x3 1_highlevel/card_anin.o
 .progmemx.data.__fc.7168
                0x0000076e       0x1f 1_highlevel/card_anin.o
 .progmemx.data.__c.7166
                0x0000078d        0x4 1_highlevel/card_anin.o
 .progmemx.data.__fc.7164
                0x00000791       0x42 1_highlevel/card_anin.o
 .progmemx.data.__fc.7159
                0x000007d3        0x3 1_highlevel/card_anin.o
 .progmemx.data.__fc.7154
                0x000007d6       0x1f 1_highlevel/card_anin.o
 .progmemx.data.__fc.7151
                0x000007f5       0x22 1_highlevel/card_anin.o
 .progmemx.data.__fc.7149
                0x00000817       0x41 1_highlevel/card_anin.o
 .progmemx.data.__fc.7147
                0x00000858        0x3 1_highlevel/card_anin.o
 .progmemx.data.__fc.7142
                0x0000085b       0x1f 1_highlevel/card_anin.o
 .progmemx.data.__c.7140
                0x0000087a        0x4 1_highlevel/card_anin.o
 .progmemx.data.__fc.7138
                0x0000087e       0x41 1_highlevel/card_anin.o
 .progmemx.data.__fc.7136
                0x000008bf       0x1e 1_highlevel/card_anin.o
 .progmemx.data.__fc.7134
                0x000008dd       0x2c 1_highlevel/card_anin.o
 .progmemx.data.__fc.7132
                0x00000909       0x16 1_highlevel/card_anin.o
 .progmemx.data.__fc.7130
                0x0000091f       0x14 1_highlevel/card_anin.o
 .progmemx.data.__fc.7128
                0x00000933       0x16 1_highlevel/card_anin.o
 .progmemx.data.__c.7126
                0x00000949        0x5 1_highlevel/card_anin.o
 .progmemx.data.__fc.7124
                0x0000094e      0x1b6 1_highlevel/card_anin.o
 .progmemx.data.__c.7122
                0x00000b04        0x2 1_highlevel/card_anin.o
 .progmemx.data.__c.7120
                0x00000b06        0x5 1_highlevel/card_anin.o
 .progmemx.data.__fc.7244
                0x00000b0b       0x34 1_highlevel/card_anin.o
 .progmemx.data.__c.7242
                0x00000b3f       0x34 1_highlevel/card_anin.o
 .progmemx.data.__fc.7240
                0x00000b73       0x32 1_highlevel/card_anin.o
 .progmemx.data.__c.7238
                0x00000ba5       0x32 1_highlevel/card_anin.o
 .progmemx.data.__fc.7235
                0x00000bd7       0x29 1_highlevel/card_anin.o
 .progmemx.data.__c.7233
                0x00000c00       0x29 1_highlevel/card_anin.o
 .progmemx.data.__fc.7231
                0x00000c29       0x2b 1_highlevel/card_anin.o
 .progmemx.data.__c.7229
                0x00000c54       0x2b 1_highlevel/card_anin.o
 .progmemx.data.__fc.7227
                0x00000c7f       0x25 1_highlevel/card_anin.o
 .progmemx.data.__c.7225
                0x00000ca4       0x25 1_highlevel/card_anin.o
 .progmemx.data.__fc.7223
                0x00000cc9       0x2c 1_highlevel/card_anin.o
 .progmemx.data.__c.7221
                0x00000cf5       0x2c 1_highlevel/card_anin.o
 .progmemx.data.__fc.7219
                0x00000d21       0x2e 1_highlevel/card_anin.o
 .progmemx.data.__c.7217
                0x00000d4f       0x2e 1_highlevel/card_anin.o
 .progmemx.data.__fc.7215
                0x00000d7d       0x16 1_highlevel/card_anin.o
 .progmemx.data.__c.7213
                0x00000d93       0x16 1_highlevel/card_anin.o
 .progmemx.data.__fc.7211
                0x00000da9       0x2e 1_highlevel/card_anin.o
 .progmemx.data.__c.7209
                0x00000dd7       0x2e 1_highlevel/card_anin.o
 .progmemx.data.__c.7207
                0x00000e05        0x3 1_highlevel/card_anin.o
 .progmemx.data.a16_adcFSRtable
                0x00000e08        0xc 1_highlevel/card_anin.o
 .progmemx.data.__compound_literal.1
                0x00000e14       0x27 1_highlevel/card_anin.o
 .progmemx.data.__compound_literal.0
                0x00000e3b        0x5 1_highlevel/card_anin.o
 .progmemx.data.__fc.7387
                0x00000e40       0x27 1_highlevel/card_mcu.o
 .progmemx.data.__c.7385
                0x00000e67       0x27 1_highlevel/card_mcu.o
 .progmemx.data.__fc.7383
                0x00000e8e       0x2b 1_highlevel/card_mcu.o
 .progmemx.data.__c.7381
                0x00000eb9       0x2b 1_highlevel/card_mcu.o
 .progmemx.data.__fc.7379
                0x00000ee4       0x2f 1_highlevel/card_mcu.o
 .progmemx.data.__c.7377
                0x00000f13       0x2f 1_highlevel/card_mcu.o
 .progmemx.data.__fc.7375
                0x00000f42       0x26 1_highlevel/card_mcu.o
 .progmemx.data.__c.7373
                0x00000f68       0x26 1_highlevel/card_mcu.o
 .progmemx.data.__fc.7455
                0x00000f8e       0x21 1_highlevel/card_mcu.o
 .progmemx.data.__c.7453
                0x00000faf       0x21 1_highlevel/card_mcu.o
 .progmemx.data.__fc.7451
                0x00000fd0       0x22 1_highlevel/card_mcu.o
 .progmemx.data.__c.7449
                0x00000ff2       0x22 1_highlevel/card_mcu.o
 .progmemx.data.__fc.7447
                0x00001014       0x2d 1_highlevel/card_mcu.o
 .progmemx.data.__c.7445
                0x00001041       0x2d 1_highlevel/card_mcu.o
 .progmemx.data.__fc.7442
                0x0000106e       0x25 1_highlevel/card_mcu.o
 .progmemx.data.__c.7440
                0x00001093       0x25 1_highlevel/card_mcu.o
 .progmemx.data.__fc.7438
                0x000010b8       0x2b 1_highlevel/card_mcu.o
 .progmemx.data.__c.7436
                0x000010e3       0x2b 1_highlevel/card_mcu.o
 .progmemx.data.__fc.7434
                0x0000110e       0x2f 1_highlevel/card_mcu.o
 .progmemx.data.__c.7432
                0x0000113d       0x2f 1_highlevel/card_mcu.o
 .progmemx.data.__fc.7429
                0x0000116c       0x25 1_highlevel/card_mcu.o
 .progmemx.data.__c.7427
                0x00001191       0x25 1_highlevel/card_mcu.o
 .progmemx.data.__fc.7425
                0x000011b6       0x2b 1_highlevel/card_mcu.o
 .progmemx.data.__c.7423
                0x000011e1       0x2b 1_highlevel/card_mcu.o
 .progmemx.data.__fc.7420
                0x0000120c       0x1d 1_highlevel/card_mcu.o
 .progmemx.data.__c.7418
                0x00001229       0x1d 1_highlevel/card_mcu.o
 .progmemx.data.__fc.7416
                0x00001246       0x18 1_highlevel/card_mcu.o
 .progmemx.data.__c.7414
                0x0000125e       0x18 1_highlevel/card_mcu.o
 .progmemx.data.__fc.7411
                0x00001276       0x25 1_highlevel/card_mcu.o
 .progmemx.data.__c.7409
                0x0000129b       0x25 1_highlevel/card_mcu.o
 .progmemx.data.__fc.7407
                0x000012c0       0x2b 1_highlevel/card_mcu.o
 .progmemx.data.__c.7405
                0x000012eb       0x2b 1_highlevel/card_mcu.o
 .progmemx.data.__fc.7403
                0x00001316       0x2f 1_highlevel/card_mcu.o
 .progmemx.data.__c.7401
                0x00001345       0x2f 1_highlevel/card_mcu.o
 .progmemx.data.__fc.7399
                0x00001374       0x1e 1_highlevel/card_mcu.o
 .progmemx.data.__c.7397
                0x00001392       0x1e 1_highlevel/card_mcu.o
 .progmemx.data.__fc.7291
                0x000013b0       0x26 1_highlevel/card_mcu.o
 .progmemx.data.__c.7289
                0x000013d6       0x26 1_highlevel/card_mcu.o
 .progmemx.data.__fc.7286
                0x000013fc       0x23 1_highlevel/card_mcu.o
 .progmemx.data.__c.7284
                0x0000141f       0x23 1_highlevel/card_mcu.o
 .progmemx.data.__fc.7282
                0x00001442       0x2b 1_highlevel/card_mcu.o
 .progmemx.data.__c.7280
                0x0000146d       0x2b 1_highlevel/card_mcu.o
 .progmemx.data.__fc.7278
                0x00001498       0x39 1_highlevel/card_mcu.o
 .progmemx.data.__c.7276
                0x000014d1       0x39 1_highlevel/card_mcu.o
 .progmemx.data.__fc.7274
                0x0000150a       0x2d 1_highlevel/card_mcu.o
 .progmemx.data.__c.7272
                0x00001537       0x2d 1_highlevel/card_mcu.o
 .progmemx.data.__fc.7338
                0x00001564       0x42 1_highlevel/card_mcu.o
 .progmemx.data.__c.7336
                0x000015a6       0x42 1_highlevel/card_mcu.o
 .progmemx.data.__fc.7334
                0x000015e8       0x26 1_highlevel/card_mcu.o
 .progmemx.data.__c.7332
                0x0000160e       0x26 1_highlevel/card_mcu.o
 .progmemx.data.__fc.7330
                0x00001634       0x2d 1_highlevel/card_mcu.o
 .progmemx.data.__c.7328
                0x00001661       0x2d 1_highlevel/card_mcu.o
 .progmemx.data.__fc.7326
                0x0000168e       0x23 1_highlevel/card_mcu.o
 .progmemx.data.__c.7324
                0x000016b1       0x23 1_highlevel/card_mcu.o
 .progmemx.data.__fc.7322
                0x000016d4       0x1a 1_highlevel/card_mcu.o
 .progmemx.data.__c.7320
                0x000016ee       0x1a 1_highlevel/card_mcu.o
 .progmemx.data.__fc.7318
                0x00001708       0x45 1_highlevel/card_mcu.o
 .progmemx.data.__c.7316
                0x0000174d       0x45 1_highlevel/card_mcu.o
 .progmemx.data.__fc.7314
                0x00001792       0x42 1_highlevel/card_mcu.o
 .progmemx.data.__c.7312
                0x000017d4       0x42 1_highlevel/card_mcu.o
 .progmemx.data.__fc.7310
                0x00001816       0x31 1_highlevel/card_mcu.o
 .progmemx.data.__c.7308
                0x00001847       0x31 1_highlevel/card_mcu.o
 .progmemx.data.__fc.7306
                0x00001878       0x21 1_highlevel/card_mcu.o
 .progmemx.data.__c.7304
                0x00001899       0x21 1_highlevel/card_mcu.o
 .progmemx.data.__fc.7362
                0x000018ba       0x34 1_highlevel/card_mcu.o
 .progmemx.data.__c.7360
                0x000018ee       0x34 1_highlevel/card_mcu.o
 .progmemx.data.__fc.7357
                0x00001922       0x32 1_highlevel/card_mcu.o
 .progmemx.data.__c.7355
                0x00001954       0x32 1_highlevel/card_mcu.o
 .progmemx.data.__fc.7353
                0x00001986       0x2b 1_highlevel/card_mcu.o
 .progmemx.data.__c.7351
                0x000019b1       0x2b 1_highlevel/card_mcu.o
 .progmemx.data.__fc.7349
                0x000019dc       0x49 1_highlevel/card_mcu.o
 .progmemx.data.__c.7347
                0x00001a25       0x49 1_highlevel/card_mcu.o
 .progmemx.data.__fc.7345
                0x00001a6e       0x3b 1_highlevel/card_mcu.o
 .progmemx.data.__c.7343
                0x00001aa9       0x3b 1_highlevel/card_mcu.o
 .progmemx.data.__fc.7588
                0x00001ae4       0x33 1_highlevel/card_mcu.o
 .progmemx.data.__c.7586
                0x00001b17       0x33 1_highlevel/card_mcu.o
 .progmemx.data.__c.7584
                0x00001b4a       0x15 1_highlevel/card_mcu.o
 .progmemx.data.__c.7582
                0x00001b5f       0x23 1_highlevel/card_mcu.o
 .progmemx.data.__c.7580
                0x00001b82       0x11 1_highlevel/card_mcu.o
 .progmemx.data.__fc.7578
                0x00001b93       0x2d 1_highlevel/card_mcu.o
 .progmemx.data.__c.7576
                0x00001bc0       0x2d 1_highlevel/card_mcu.o
 .progmemx.data.__fc.7574
                0x00001bed       0x23 1_highlevel/card_mcu.o
 .progmemx.data.__c.7572
                0x00001c10       0x23 1_highlevel/card_mcu.o
 .progmemx.data.__fc.7570
                0x00001c33       0x1c 1_highlevel/card_mcu.o
 .progmemx.data.__c.7568
                0x00001c4f       0x1c 1_highlevel/card_mcu.o
 .progmemx.data.__c.7566
                0x00001c6b       0x1d 1_highlevel/card_mcu.o
 .progmemx.data.__fc.7553
                0x00001c88       0x65 1_highlevel/card_mcu.o
 .progmemx.data.__fc.7551
                0x00001ced       0x24 1_highlevel/card_mcu.o
 .progmemx.data.__fc.7549
                0x00001d11       0x19 1_highlevel/card_mcu.o
 .progmemx.data.__fc.7524
                0x00001d2a       0x2b 1_highlevel/card_mcu.o
 .progmemx.data.__fc.7522
                0x00001d55       0x1d 1_highlevel/card_mcu.o
 .progmemx.data.__fc.7510
                0x00001d72       0x33 1_highlevel/card_mcu.o
 .progmemx.data.__fc.7508
                0x00001da5       0x1e 1_highlevel/card_mcu.o
 .progmemx.data.__fc.7489
                0x00001dc3       0x22 1_highlevel/card_mcu.o
 .progmemx.data.__fc.7483
                0x00001de5       0x28 1_highlevel/card_mcu.o
 .progmemx.data.__compound_literal.1
                0x00001e0d       0x29 1_highlevel/card_mcu.o
 .progmemx.data.__compound_literal.0
                0x00001e36        0x4 1_highlevel/card_mcu.o
 .progmemx.data.__fc.7130
                0x00001e3a        0xa 1_highlevel/card_pmux.o
 .progmemx.data.__fc.7128
                0x00001e44       0x10 1_highlevel/card_pmux.o
 .progmemx.data.__fc.7222
                0x00001e54       0x68 1_highlevel/card_pmux.o
 .progmemx.data.__fc.7220
                0x00001ebc       0x68 1_highlevel/card_pmux.o
 .progmemx.data.__fc.7218
                0x00001f24       0x42 1_highlevel/card_pmux.o
 .progmemx.data.__fc.7216
                0x00001f66       0x33 1_highlevel/card_pmux.o
 .progmemx.data.__fc.7214
                0x00001f99       0x2f 1_highlevel/card_pmux.o
 .progmemx.data.__fc.7212
                0x00001fc8        0xb 1_highlevel/card_pmux.o
 .progmemx.data.__fc.7210
                0x00001fd3       0x26 1_highlevel/card_pmux.o
 .progmemx.data.__fc.7208
                0x00001ff9       0x22 1_highlevel/card_pmux.o
 .progmemx.data.__c.7206
                0x0000201b        0x7 1_highlevel/card_pmux.o
 .progmemx.data.__fc.7204
                0x00002022       0x42 1_highlevel/card_pmux.o
 .progmemx.data.__c.7202
                0x00002064        0x4 1_highlevel/card_pmux.o
 .progmemx.data.__fc.7200
                0x00002068       0x42 1_highlevel/card_pmux.o
 .progmemx.data.__c.7198
                0x000020aa        0x3 1_highlevel/card_pmux.o
 .progmemx.data.__fc.7196
                0x000020ad       0x42 1_highlevel/card_pmux.o
 .progmemx.data.__fc.7194
                0x000020ef       0x18 1_highlevel/card_pmux.o
 .progmemx.data.__fc.7192
                0x00002107       0x41 1_highlevel/card_pmux.o
 .progmemx.data.__fc.7190
                0x00002148       0x18 1_highlevel/card_pmux.o
 .progmemx.data.__c.7188
                0x00002160        0x4 1_highlevel/card_pmux.o
 .progmemx.data.__fc.7186
                0x00002164       0x42 1_highlevel/card_pmux.o
 .progmemx.data.__fc.7184
                0x000021a6       0x18 1_highlevel/card_pmux.o
 .progmemx.data.__fc.7182
                0x000021be       0x41 1_highlevel/card_pmux.o
 .progmemx.data.__fc.7180
                0x000021ff       0x18 1_highlevel/card_pmux.o
 .progmemx.data.__c.7178
                0x00002217        0x4 1_highlevel/card_pmux.o
 .progmemx.data.__fc.7176
                0x0000221b       0x41 1_highlevel/card_pmux.o
 .progmemx.data.__fc.7174
                0x0000225c       0x1e 1_highlevel/card_pmux.o
 .progmemx.data.__fc.7172
                0x0000227a       0x2c 1_highlevel/card_pmux.o
 .progmemx.data.__fc.7170
                0x000022a6       0x22 1_highlevel/card_pmux.o
 .progmemx.data.__fc.7168
                0x000022c8       0x14 1_highlevel/card_pmux.o
 .progmemx.data.__fc.7166
                0x000022dc       0x22 1_highlevel/card_pmux.o
 .progmemx.data.__c.7164
                0x000022fe        0x5 1_highlevel/card_pmux.o
 .progmemx.data.__fc.7162
                0x00002303      0x1ca 1_highlevel/card_pmux.o
 .progmemx.data.__c.7160
                0x000024cd        0x2 1_highlevel/card_pmux.o
 .progmemx.data.__c.7158
                0x000024cf        0x5 1_highlevel/card_pmux.o
 .progmemx.data.__fc.7290
                0x000024d4       0x2c 1_highlevel/card_pmux.o
 .progmemx.data.__c.7288
                0x00002500       0x2c 1_highlevel/card_pmux.o
 .progmemx.data.__fc.7286
                0x0000252c       0x32 1_highlevel/card_pmux.o
 .progmemx.data.__c.7284
                0x0000255e       0x32 1_highlevel/card_pmux.o
 .progmemx.data.__fc.7281
                0x00002590       0x29 1_highlevel/card_pmux.o
 .progmemx.data.__c.7279
                0x000025b9       0x29 1_highlevel/card_pmux.o
 .progmemx.data.__fc.7277
                0x000025e2       0x2b 1_highlevel/card_pmux.o
 .progmemx.data.__c.7275
                0x0000260d       0x2b 1_highlevel/card_pmux.o
 .progmemx.data.__fc.7273
                0x00002638       0x24 1_highlevel/card_pmux.o
 .progmemx.data.__c.7271
                0x0000265c       0x24 1_highlevel/card_pmux.o
 .progmemx.data.__fc.7269
                0x00002680       0x2c 1_highlevel/card_pmux.o
 .progmemx.data.__c.7267
                0x000026ac       0x2c 1_highlevel/card_pmux.o
 .progmemx.data.__fc.7265
                0x000026d8       0x1f 1_highlevel/card_pmux.o
 .progmemx.data.__c.7263
                0x000026f7       0x1f 1_highlevel/card_pmux.o
 .progmemx.data.__fc.7260
                0x00002716       0x29 1_highlevel/card_pmux.o
 .progmemx.data.__c.7258
                0x0000273f       0x29 1_highlevel/card_pmux.o
 .progmemx.data.__fc.7256
                0x00002768       0x2b 1_highlevel/card_pmux.o
 .progmemx.data.__c.7254
                0x00002793       0x2b 1_highlevel/card_pmux.o
 .progmemx.data.__fc.7252
                0x000027be       0x34 1_highlevel/card_pmux.o
 .progmemx.data.__c.7250
                0x000027f2       0x34 1_highlevel/card_pmux.o
 .progmemx.data.__fc.7248
                0x00002826       0x25 1_highlevel/card_pmux.o
 .progmemx.data.__c.7246
                0x0000284b       0x25 1_highlevel/card_pmux.o
 .progmemx.data.__fc.7244
                0x00002870       0x16 1_highlevel/card_pmux.o
 .progmemx.data.__c.7242
                0x00002886       0x16 1_highlevel/card_pmux.o
 .progmemx.data.__fc.7240
                0x0000289c       0x26 1_highlevel/card_pmux.o
 .progmemx.data.__c.7238
                0x000028c2       0x26 1_highlevel/card_pmux.o
 .progmemx.data.__c.7236
                0x000028e8        0x3 1_highlevel/card_pmux.o
 .progmemx.data.a16_adcFSRtable
                0x000028eb        0xc 1_highlevel/card_pmux.o
 .progmemx.data.__compound_literal.1
                0x000028f7       0x27 1_highlevel/card_pmux.o
 .progmemx.data.__compound_literal.0
                0x0000291e        0x5 1_highlevel/card_pmux.o
 .progmemx.data.u_pcalcTable
                0x00002923       0x18 1_highlevel/card_pmux.o
 .progmemx.data.__fc.7254
                0x0000293b       0x32 1_highlevel/card_psu.o
 .progmemx.data.__c.7252
                0x0000296d       0x32 1_highlevel/card_psu.o
 .progmemx.data.__fc.7249
                0x0000299f       0x24 1_highlevel/card_psu.o
 .progmemx.data.__c.7247
                0x000029c3       0x24 1_highlevel/card_psu.o
 .progmemx.data.__fc.7245
                0x000029e7       0x2b 1_highlevel/card_psu.o
 .progmemx.data.__c.7243
                0x00002a12       0x2b 1_highlevel/card_psu.o
 .progmemx.data.__fc.7241
                0x00002a3d       0x25 1_highlevel/card_psu.o
 .progmemx.data.__c.7239
                0x00002a62       0x25 1_highlevel/card_psu.o
 .progmemx.data.__fc.7237
                0x00002a87       0x2c 1_highlevel/card_psu.o
 .progmemx.data.__c.7235
                0x00002ab3       0x2c 1_highlevel/card_psu.o
 .progmemx.data.__fc.7230
                0x00002adf       0x30 1_highlevel/card_psu.o
 .progmemx.data.__c.7228
                0x00002b0f       0x30 1_highlevel/card_psu.o
 .progmemx.data.__fc.7226
                0x00002b3f       0x1e 1_highlevel/card_psu.o
 .progmemx.data.__c.7224
                0x00002b5d       0x1e 1_highlevel/card_psu.o
 .progmemx.data.__fc.7222
                0x00002b7b       0x21 1_highlevel/card_psu.o
 .progmemx.data.__c.7220
                0x00002b9c       0x21 1_highlevel/card_psu.o
 .progmemx.data.__fc.7218
                0x00002bbd       0x2c 1_highlevel/card_psu.o
 .progmemx.data.__c.7216
                0x00002be9       0x2c 1_highlevel/card_psu.o
 .progmemx.data.__fc.7213
                0x00002c15       0x28 1_highlevel/card_psu.o
 .progmemx.data.__c.7211
                0x00002c3d       0x28 1_highlevel/card_psu.o
 .progmemx.data.__fc.7209
                0x00002c65       0x2b 1_highlevel/card_psu.o
 .progmemx.data.__c.7207
                0x00002c90       0x2b 1_highlevel/card_psu.o
 .progmemx.data.__fc.7205
                0x00002cbb       0x2d 1_highlevel/card_psu.o
 .progmemx.data.__c.7203
                0x00002ce8       0x2d 1_highlevel/card_psu.o
 .progmemx.data.__fc.7201
                0x00002d15       0x2b 1_highlevel/card_psu.o
 .progmemx.data.__c.7199
                0x00002d40       0x2b 1_highlevel/card_psu.o
 .progmemx.data.__fc.7197
                0x00002d6b       0x14 1_highlevel/card_psu.o
 .progmemx.data.__c.7195
                0x00002d7f       0x14 1_highlevel/card_psu.o
 .progmemx.data.__fc.7193
                0x00002d93       0x2b 1_highlevel/card_psu.o
 .progmemx.data.__c.7191
                0x00002dbe       0x2b 1_highlevel/card_psu.o
 .progmemx.data.__fc.7189
                0x00002de9       0x2c 1_highlevel/card_psu.o
 .progmemx.data.__c.7187
                0x00002e15       0x2c 1_highlevel/card_psu.o
 .progmemx.data.__fc.7184
                0x00002e41       0x28 1_highlevel/card_psu.o
 .progmemx.data.__c.7182
                0x00002e69       0x28 1_highlevel/card_psu.o
 .progmemx.data.__fc.7180
                0x00002e91       0x2b 1_highlevel/card_psu.o
 .progmemx.data.__c.7178
                0x00002ebc       0x2b 1_highlevel/card_psu.o
 .progmemx.data.__fc.7176
                0x00002ee7       0x2d 1_highlevel/card_psu.o
 .progmemx.data.__c.7174
                0x00002f14       0x2d 1_highlevel/card_psu.o
 .progmemx.data.__fc.7172
                0x00002f41       0x2b 1_highlevel/card_psu.o
 .progmemx.data.__c.7170
                0x00002f6c       0x2b 1_highlevel/card_psu.o
 .progmemx.data.__fc.7162
                0x00002f97       0x1f 1_highlevel/card_psu.o
 .progmemx.data.__c.7160
                0x00002fb6       0x1f 1_highlevel/card_psu.o
 .progmemx.data.__fc.7157
                0x00002fd5       0x28 1_highlevel/card_psu.o
 .progmemx.data.__c.7155
                0x00002ffd       0x28 1_highlevel/card_psu.o
 .progmemx.data.__fc.7153
                0x00003025       0x2b 1_highlevel/card_psu.o
 .progmemx.data.__c.7151
                0x00003050       0x2b 1_highlevel/card_psu.o
 .progmemx.data.__fc.7149
                0x0000307b       0x30 1_highlevel/card_psu.o
 .progmemx.data.__c.7147
                0x000030ab       0x30 1_highlevel/card_psu.o
 .progmemx.data.__fc.7145
                0x000030db       0x25 1_highlevel/card_psu.o
 .progmemx.data.__c.7143
                0x00003100       0x25 1_highlevel/card_psu.o
 .progmemx.data.__fc.7371
                0x00003125       0x37 1_highlevel/card_psu.o
 .progmemx.data.__fc.7369
                0x0000315c       0x16 1_highlevel/card_psu.o
 .progmemx.data.__c.7367
                0x00003172        0x4 1_highlevel/card_psu.o
 .progmemx.data.__fc.7365
                0x00003176       0x15 1_highlevel/card_psu.o
 .progmemx.data.__c.7363
                0x0000318b        0x3 1_highlevel/card_psu.o
 .progmemx.data.__fc.7361
                0x0000318e       0x29 1_highlevel/card_psu.o
 .progmemx.data.__fc.7359
                0x000031b7       0x36 1_highlevel/card_psu.o
 .progmemx.data.__c.7357
                0x000031ed        0x7 1_highlevel/card_psu.o
 .progmemx.data.__c.7355
                0x000031f4        0x6 1_highlevel/card_psu.o
 .progmemx.data.__fc.7353
                0x000031fa       0x29 1_highlevel/card_psu.o
 .progmemx.data.__fc.7351
                0x00003223       0x1a 1_highlevel/card_psu.o
 .progmemx.data.__c.7349
                0x0000323d        0x7 1_highlevel/card_psu.o
 .progmemx.data.__c.7347
                0x00003244        0x6 1_highlevel/card_psu.o
 .progmemx.data.__fc.7345
                0x0000324a       0x16 1_highlevel/card_psu.o
 .progmemx.data.__c.7343
                0x00003260        0x4 1_highlevel/card_psu.o
 .progmemx.data.__fc.7341
                0x00003264       0x15 1_highlevel/card_psu.o
 .progmemx.data.__c.7339
                0x00003279        0x3 1_highlevel/card_psu.o
 .progmemx.data.__fc.7337
                0x0000327c       0x29 1_highlevel/card_psu.o
 .progmemx.data.__fc.7335
                0x000032a5       0x26 1_highlevel/card_psu.o
 .progmemx.data.__c.7333
                0x000032cb        0x7 1_highlevel/card_psu.o
 .progmemx.data.__c.7331
                0x000032d2        0x6 1_highlevel/card_psu.o
 .progmemx.data.__fc.7329
                0x000032d8        0x5 1_highlevel/card_psu.o
 .progmemx.data.__fc.7327
                0x000032dd       0x28 1_highlevel/card_psu.o
 .progmemx.data.__fc.7325
                0x00003305       0x28 1_highlevel/card_psu.o
 .progmemx.data.__c.7323
                0x0000332d        0x6 1_highlevel/card_psu.o
 .progmemx.data.__fc.7321
                0x00003333        0x5 1_highlevel/card_psu.o
 .progmemx.data.__fc.7319
                0x00003338       0x28 1_highlevel/card_psu.o
 .progmemx.data.__fc.7317
                0x00003360       0x28 1_highlevel/card_psu.o
 .progmemx.data.__c.7315
                0x00003388        0x6 1_highlevel/card_psu.o
 .progmemx.data.__fc.7313
                0x0000338e       0x3d 1_highlevel/card_psu.o
 .progmemx.data.__fc.7311
                0x000033cb       0x26 1_highlevel/card_psu.o
 .progmemx.data.__c.7309
                0x000033f1        0x6 1_highlevel/card_psu.o
 .progmemx.data.__fc.7307
                0x000033f7       0x3c 1_highlevel/card_psu.o
 .progmemx.data.__fc.7305
                0x00003433       0x26 1_highlevel/card_psu.o
 .progmemx.data.__c.7303
                0x00003459        0x6 1_highlevel/card_psu.o
 .progmemx.data.__fc.7301
                0x0000345f       0x2b 1_highlevel/card_psu.o
 .progmemx.data.__c.7299
                0x0000348a        0x5 1_highlevel/card_psu.o
 .progmemx.data.__fc.7297
                0x0000348f       0x1b 1_highlevel/card_psu.o
 .progmemx.data.__fc.7295
                0x000034aa       0x28 1_highlevel/card_psu.o
 .progmemx.data.__c.7293
                0x000034d2        0x6 1_highlevel/card_psu.o
 .progmemx.data.__fc.7291
                0x000034d8       0x1a 1_highlevel/card_psu.o
 .progmemx.data.__fc.7289
                0x000034f2       0x28 1_highlevel/card_psu.o
 .progmemx.data.__c.7287
                0x0000351a        0x4 1_highlevel/card_psu.o
 .progmemx.data.__fc.7285
                0x0000351e       0x16 1_highlevel/card_psu.o
 .progmemx.data.__fc.7283
                0x00003534       0x4b 1_highlevel/card_psu.o
 .progmemx.data.__fc.7281
                0x0000357f       0x3e 1_highlevel/card_psu.o
 .progmemx.data.__fc.7279
                0x000035bd       0x40 1_highlevel/card_psu.o
 .progmemx.data.__c.7277
                0x000035fd        0x7 1_highlevel/card_psu.o
 .progmemx.data.__fc.7275
                0x00003604       0x2a 1_highlevel/card_psu.o
 .progmemx.data.__c.7273
                0x0000362e        0x4 1_highlevel/card_psu.o
 .progmemx.data.__c.7271
                0x00003632        0x3 1_highlevel/card_psu.o
 .progmemx.data.__fc.7269
                0x00003635      0x524 1_highlevel/card_psu.o
 .progmemx.data.__c.7267
                0x00003b59        0x2 1_highlevel/card_psu.o
 .progmemx.data.__c.7265
                0x00003b5b        0x5 1_highlevel/card_psu.o
 .progmemx.data.__fc.7392
                0x00003b60       0x38 1_highlevel/card_psu.o
 .progmemx.data.__c.7390
                0x00003b98       0x38 1_highlevel/card_psu.o
 .progmemx.data.__fc.7388
                0x00003bd0       0x16 1_highlevel/card_psu.o
 .progmemx.data.__c.7386
                0x00003be6       0x16 1_highlevel/card_psu.o
 .progmemx.data.__fc.7384
                0x00003bfc       0x32 1_highlevel/card_psu.o
 .progmemx.data.__c.7382
                0x00003c2e       0x32 1_highlevel/card_psu.o
 .progmemx.data.__c.7380
                0x00003c60        0x3 1_highlevel/card_psu.o
 .progmemx.data.__compound_literal.1
                0x00003c63       0x29 1_highlevel/card_psu.o
 .progmemx.data.__compound_literal.0
                0x00003c8c        0x4 1_highlevel/card_psu.o
 .progmemx.data.__fc.7562
                0x00003c90       0x22 1_highlevel/shell_cmd.o
 .progmemx.data.__fc.7589
                0x00003cb2       0x77 1_highlevel/shell_cmd.o
 .progmemx.data.__fc.7587
                0x00003d29       0x13 1_highlevel/shell_cmd.o
 .progmemx.data.__fc.7585
                0x00003d3c       0x3d 1_highlevel/shell_cmd.o
 .progmemx.data.__fc.7580
                0x00003d79       0x28 1_highlevel/shell_cmd.o
 .progmemx.data.__fc.7575
                0x00003da1       0x22 1_highlevel/shell_cmd.o
 .progmemx.data.__fc.7605
                0x00003dc3       0x65 1_highlevel/shell_cmd.o
 .progmemx.data.__fc.7603
                0x00003e28       0x24 1_highlevel/shell_cmd.o
 .progmemx.data.__fc.7601
                0x00003e4c       0x19 1_highlevel/shell_cmd.o
 .progmemx.data.__c.7633
                0x00003e65        0x5 1_highlevel/shell_cmd.o
 .progmemx.data.__fc.7631
                0x00003e6a        0xa 1_highlevel/shell_cmd.o
 .progmemx.data.__fc.7626
                0x00003e74       0x10 1_highlevel/shell_cmd.o
 .progmemx.data.__c.7624
                0x00003e84        0x6 1_highlevel/shell_cmd.o
 .progmemx.data.__c.7622
                0x00003e8a        0x5 1_highlevel/shell_cmd.o
 .progmemx.data.__fc.7620
                0x00003e8f       0x25 1_highlevel/shell_cmd.o
 .progmemx.data.__c.7618
                0x00003eb4        0x6 1_highlevel/shell_cmd.o
 .progmemx.data.__fc.7642
                0x00003eba       0x1e 1_highlevel/shell_cmd.o
 .progmemx.data.__fc.7556
                0x00003ed8       0xa0 1_highlevel/shell_cmd.o
 .progmemx.data.__fc.7554
                0x00003f78        0x3 1_highlevel/shell_cmd.o
 .progmemx.data.__c.7552
                0x00003f7b        0x4 1_highlevel/shell_cmd.o
 .progmemx.data.__c.7550
                0x00003f7f        0x4 1_highlevel/shell_cmd.o
 .progmemx.data.__fc.7380
                0x00003f83        0x7 1_highlevel/shell_cmd.o
 .progmemx.data.__fc.7375
                0x00003f8a        0x4 1_highlevel/shell_cmd.o
 .progmemx.data.__fc.7370
                0x00003f8e        0x6 1_highlevel/shell_cmd.o
 .progmemx.data.__fc.7368
                0x00003f94        0x6 1_highlevel/shell_cmd.o
 .progmemx.data.__fc.7540
                0x00003f9a       0x38 1_highlevel/shell_cmd.o
 .progmemx.data.__fc.7537
                0x00003fd2      0x5db 1_highlevel/shell_cmd.o
 .progmemx.data.__fc.7532
                0x000045ad       0x22 1_highlevel/shell_cmd.o
 .progmemx.data.__fc.7526
                0x000045cf       0x25 1_highlevel/shell_cmd.o
 .progmemx.data.__fc.7522
                0x000045f4        0xd 1_highlevel/shell_cmd.o
 .progmemx.data.__fc.7520
                0x00004601       0x10 1_highlevel/shell_cmd.o
 .progmemx.data.__fc.7518
                0x00004611        0xf 1_highlevel/shell_cmd.o
 .progmemx.data.__fc.7511
                0x00004620       0x31 1_highlevel/shell_cmd.o
 .progmemx.data.__fc.7509
                0x00004651       0x12 1_highlevel/shell_cmd.o
 .progmemx.data.__fc.7506
                0x00004663       0x2e 1_highlevel/shell_cmd.o
 .progmemx.data.__fc.7504
                0x00004691       0x12 1_highlevel/shell_cmd.o
 .progmemx.data.__fc.7493
                0x000046a3       0x13 1_highlevel/shell_cmd.o
 .progmemx.data.__fc.7491
                0x000046b6       0x16 1_highlevel/shell_cmd.o
 .progmemx.data.__fc.7486
                0x000046cc       0x10 1_highlevel/shell_cmd.o
 .progmemx.data.__fc.7484
                0x000046dc       0x27 1_highlevel/shell_cmd.o
 .progmemx.data.__fc.7481
                0x00004703       0x2d 1_highlevel/shell_cmd.o
 .progmemx.data.__fc.7477
                0x00004730       0x30 1_highlevel/shell_cmd.o
 .progmemx.data.__fc.7475
                0x00004760       0x24 1_highlevel/shell_cmd.o
 .progmemx.data.__fc.7473
                0x00004784        0x4 1_highlevel/shell_cmd.o
 .progmemx.data.__fc.7471
                0x00004788       0x1a 1_highlevel/shell_cmd.o
 .progmemx.data.__fc.7469
                0x000047a2       0x12 1_highlevel/shell_cmd.o
 .progmemx.data.__fc.7467
                0x000047b4       0x14 1_highlevel/shell_cmd.o
 .progmemx.data.__fc.7465
                0x000047c8       0x50 1_highlevel/shell_cmd.o
 .progmemx.data.__fc.7463
                0x00004818       0x48 1_highlevel/shell_cmd.o
 .progmemx.data.__fc.7461
                0x00004860       0x44 1_highlevel/shell_cmd.o
 .progmemx.data.__fc.7459
                0x000048a4        0xc 1_highlevel/shell_cmd.o
 .progmemx.data.__fc.7452
                0x000048b0        0x8 1_highlevel/shell_cmd.o
 .progmemx.data.__fc.7449
                0x000048b8        0x8 1_highlevel/shell_cmd.o
 .progmemx.data.__fc.7435
                0x000048c0        0x8 1_highlevel/shell_cmd.o
 .progmemx.data.__fc.7432
                0x000048c8       0x1b 1_highlevel/shell_cmd.o
 .progmemx.data.__fc.7430
                0x000048e3       0x1a 1_highlevel/shell_cmd.o
 .progmemx.data.__fc.7423
                0x000048fd        0xe 1_highlevel/shell_cmd.o
 .progmemx.data.__fc.7421
                0x0000490b        0x8 1_highlevel/shell_cmd.o
 .progmemx.data.__fc.7417
                0x00004913       0x26 1_highlevel/shell_cmd.o
 .progmemx.data.__fc.7330
                0x00004939       0x42 1_highlevel/shell_cmd.o
 .progmemx.data.__fc.7328
                0x0000497b       0x23 1_highlevel/shell_cmd.o
 .progmemx.data.__fc.7326
                0x0000499e       0x25 1_highlevel/shell_cmd.o
 .progmemx.data.__compound_literal.40
                0x000049c3       0x1d 1_highlevel/shell_cmd.o
 .progmemx.data.__compound_literal.39
                0x000049e0        0x6 1_highlevel/shell_cmd.o
 .progmemx.data.__compound_literal.38
                0x000049e6       0x34 1_highlevel/shell_cmd.o
 .progmemx.data.__compound_literal.37
                0x00004a1a        0x8 1_highlevel/shell_cmd.o
 .progmemx.data.__compound_literal.36
                0x00004a22       0x20 1_highlevel/shell_cmd.o
 .progmemx.data.__compound_literal.35
                0x00004a42        0x4 1_highlevel/shell_cmd.o
 .progmemx.data.__compound_literal.34
                0x00004a46       0x23 1_highlevel/shell_cmd.o
 .progmemx.data.__compound_literal.33
                0x00004a69        0x3 1_highlevel/shell_cmd.o
 .progmemx.data.__compound_literal.32
                0x00004a6c       0x15 1_highlevel/shell_cmd.o
 .progmemx.data.__compound_literal.31
                0x00004a81        0x4 1_highlevel/shell_cmd.o
 .progmemx.data.__compound_literal.30
                0x00004a85       0x13 1_highlevel/shell_cmd.o
 .progmemx.data.__compound_literal.29
                0x00004a98        0x4 1_highlevel/shell_cmd.o
 .progmemx.data.__compound_literal.28
                0x00004a9c       0x1a 1_highlevel/shell_cmd.o
 .progmemx.data.__compound_literal.27
                0x00004ab6        0x6 1_highlevel/shell_cmd.o
 .progmemx.data.__compound_literal.26
                0x00004abc       0x1e 1_highlevel/shell_cmd.o
 .progmemx.data.__compound_literal.25
                0x00004ada        0x5 1_highlevel/shell_cmd.o
 .progmemx.data.fatfs_type
                0x00004adf        0xf 1_highlevel/shell_cmd.o
 .progmemx.data.__compound_literal.24
                0x00004aee        0x6 1_highlevel/shell_cmd.o
 .progmemx.data.__compound_literal.23
                0x00004af4        0x6 1_highlevel/shell_cmd.o
 .progmemx.data.__compound_literal.22
                0x00004afa        0x6 1_highlevel/shell_cmd.o
 .progmemx.data.__compound_literal.21
                0x00004b00        0x6 1_highlevel/shell_cmd.o
 .progmemx.data.__compound_literal.20
                0x00004b06        0x1 1_highlevel/shell_cmd.o
 .progmemx.data.fatfs_rc_str
                0x00004b07       0x3c 1_highlevel/shell_cmd.o
 .progmemx.data.__compound_literal.19
                0x00004b43       0x12 1_highlevel/shell_cmd.o
 .progmemx.data.__compound_literal.18
                0x00004b55       0x14 1_highlevel/shell_cmd.o
 .progmemx.data.__compound_literal.17
                0x00004b69       0x10 1_highlevel/shell_cmd.o
 .progmemx.data.__compound_literal.16
                0x00004b79        0x7 1_highlevel/shell_cmd.o
 .progmemx.data.__compound_literal.15
                0x00004b80        0x8 1_highlevel/shell_cmd.o
 .progmemx.data.__compound_literal.14
                0x00004b88        0xd 1_highlevel/shell_cmd.o
 .progmemx.data.__compound_literal.13
                0x00004b95        0xe 1_highlevel/shell_cmd.o
 .progmemx.data.__compound_literal.12
                0x00004ba3        0xc 1_highlevel/shell_cmd.o
 .progmemx.data.__compound_literal.11
                0x00004baf        0xe 1_highlevel/shell_cmd.o
 .progmemx.data.__compound_literal.10
                0x00004bbd       0x10 1_highlevel/shell_cmd.o
 .progmemx.data.__compound_literal.9
                0x00004bcd        0xf 1_highlevel/shell_cmd.o
 .progmemx.data.__compound_literal.8
                0x00004bdc        0x6 1_highlevel/shell_cmd.o
 .progmemx.data.__compound_literal.7
                0x00004be2        0x7 1_highlevel/shell_cmd.o
 .progmemx.data.__compound_literal.6
                0x00004be9        0xd 1_highlevel/shell_cmd.o
 .progmemx.data.__compound_literal.5
                0x00004bf6        0x8 1_highlevel/shell_cmd.o
 .progmemx.data.__compound_literal.4
                0x00004bfe        0x8 1_highlevel/shell_cmd.o
 .progmemx.data.__compound_literal.3
                0x00004c06        0xa 1_highlevel/shell_cmd.o
 .progmemx.data.__compound_literal.2
                0x00004c10        0x8 1_highlevel/shell_cmd.o
 .progmemx.data.__compound_literal.1
                0x00004c18        0x9 1_highlevel/shell_cmd.o
 .progmemx.data.__compound_literal.0
                0x00004c21        0x3 1_highlevel/shell_cmd.o
 .progmemx.data.bc_colors
                0x00004c24        0xc 2_midlevel/bootcmd.o
 .progmemx.data.console_levels
                0x00004c30       0x12 2_midlevel/bootcmd.o
 .progmemx.data.__compound_literal.5
                0x00004c42        0x7 2_midlevel/bootcmd.o
 .progmemx.data.__compound_literal.4
                0x00004c49        0x7 2_midlevel/bootcmd.o
 .progmemx.data.__compound_literal.3
                0x00004c50        0x7 2_midlevel/bootcmd.o
 .progmemx.data.__compound_literal.2
                0x00004c57        0x7 2_midlevel/bootcmd.o
 .progmemx.data.__compound_literal.1
                0x00004c5e        0x7 2_midlevel/bootcmd.o
 .progmemx.data.__compound_literal.0
                0x00004c65        0x7 2_midlevel/bootcmd.o
 .progmemx.data.__fc.4100
                0x00004c6c        0x3 2_midlevel/gshell/gshell.o
 .progmemx.data.__fc.4098
                0x00004c6f       0x13 2_midlevel/gshell/gshell.o
 .progmemx.data.__fc.4096
                0x00004c82        0x9 2_midlevel/gshell/gshell.o
 .progmemx.data.__fc.4061
                0x00004c8b        0x8 2_midlevel/gshell/gshell.o
 .progmemx.data.__fc.4059
                0x00004c93        0x6 2_midlevel/gshell/gshell.o
 .progmemx.data.__fc.4053
                0x00004c99        0x3 2_midlevel/gshell/gshell.o
 .progmemx.data.__fc.4051
                0x00004c9c        0xd 2_midlevel/gshell/gshell.o
 .progmemx.data.__fc.4049
                0x00004ca9        0x6 2_midlevel/gshell/gshell.o
 .progmemx.data.__fc.4044
                0x00004caf        0x8 2_midlevel/gshell/gshell.o
 .progmemx.data.__fc.4042
                0x00004cb7        0x6 2_midlevel/gshell/gshell.o
 .progmemx.data.__fc.4036
                0x00004cbd        0x3 2_midlevel/gshell/gshell.o
 .progmemx.data.__fc.4034
                0x00004cc0        0xd 2_midlevel/gshell/gshell.o
 .progmemx.data.__fc.4032
                0x00004ccd        0x6 2_midlevel/gshell/gshell.o
 .progmemx.data.__fc.4012
                0x00004cd3       0x13 2_midlevel/gshell/gshell.o
 .progmemx.data.__fc.4001
                0x00004ce6        0x4 2_midlevel/gshell/gshell.o
 .progmemx.data.__fc.3993
                0x00004cea       0x13 2_midlevel/gshell/gshell.o
 .progmemx.data.__fc.3991
                0x00004cfd       0x2f 2_midlevel/gshell/gshell.o
 .progmemx.data.__fc.3989
                0x00004d2c       0x2f 2_midlevel/gshell/gshell.o
 .progmemx.data.__fc.3987
                0x00004d5b       0x12 2_midlevel/gshell/gshell.o
 .progmemx.data.console_levels
                0x00004d6d       0x12 2_midlevel/gshell/gshell.o
 .progmemx.data.__compound_literal.7
                0x00004d7f       0x1f 2_midlevel/gshell/gshell.o
 .progmemx.data.__compound_literal.6
                0x00004d9e       0x1b 2_midlevel/gshell/gshell.o
 .progmemx.data.__compound_literal.5
                0x00004db9       0x1b 2_midlevel/gshell/gshell.o
 .progmemx.data.__compound_literal.4
                0x00004dd4       0x1b 2_midlevel/gshell/gshell.o
 .progmemx.data.__compound_literal.3
                0x00004def       0x12 2_midlevel/gshell/gshell.o
 .progmemx.data.__compound_literal.2
                0x00004e01        0xa 2_midlevel/gshell/gshell.o
 .progmemx.data.__compound_literal.1
                0x00004e0b       0x1d 2_midlevel/gshell/gshell.o
 .progmemx.data.__compound_literal.0
                0x00004e28        0x5 2_midlevel/gshell/gshell.o
 .progmemx.data.color_table_16C
                0x00004e2d       0x20 2_midlevel/pifdec/pifdec.o
                0x00004e2d                color_table_16C
 .progmemx.data.__fc.5123
                0x00004e4d       0x20 2_midlevel/RA8876Helper.o
 .progmemx.data.__fc.5118
                0x00004e6d       0x12 2_midlevel/RA8876Helper.o
 .progmemx.data.__fc.5110
                0x00004e7f       0x20 2_midlevel/RA8876Helper.o
 .progmemx.data.__c.5100
                0x00004e9f       0x11 2_midlevel/RA8876Helper.o
 .progmemx.data.__fc.5098
                0x00004eb0       0x30 2_midlevel/RA8876Helper.o
 .progmemx.data.__fc.5096
                0x00004ee0        0xe 2_midlevel/RA8876Helper.o
 .progmemx.data.__fc.5080
                0x00004eee       0x1d 2_midlevel/RA8876Helper.o
 .progmemx.data.__fc.5078
                0x00004f0b       0x24 2_midlevel/RA8876Helper.o
 .progmemx.data.__fc.5076
                0x00004f2f       0x16 2_midlevel/RA8876Helper.o
 .progmemx.data.__fc.5074
                0x00004f45       0x26 2_midlevel/RA8876Helper.o
 .progmemx.data.__fc.5072
                0x00004f6b        0xd 2_midlevel/RA8876Helper.o
 .progmemx.data.RA8876_gImage_pen_il
                0x00004f78      0x100 4_icdriver/RA8876/RA8876_cursors.o
                0x00004f78                RA8876_gImage_pen_il
 .progmemx.data.RA8876_gImage_arrow_il
                0x00005078      0x100 4_icdriver/RA8876/RA8876_cursors.o
                0x00005078                RA8876_gImage_arrow_il
 .progmemx.data.RA8876_gImage_no_im
                0x00005178      0x100 4_icdriver/RA8876/RA8876_cursors.o
                0x00005178                RA8876_gImage_no_im
 .progmemx.data.RA8876_gImage_busy_im
                0x00005278      0x100 4_icdriver/RA8876/RA8876_cursors.o
                0x00005278                RA8876_gImage_busy_im
 .progmemx.data.GTP_CFG_DATA
                0x00005378       0xbc 4_icdriver/RA8876/touch.o
                0x00005378                GTP_CFG_DATA
 .progmemx.data._font_24x40
                0x00005434     0x7800 5_ugui/ugui.o
                0x00005434                _font_24x40
 .progmemx.data._font_16x26
                0x0000cc34     0x3400 5_ugui/ugui.o
                0x0000cc34                _font_16x26
 .progmemx.data._font_12x20
                0x00010034     0x2800 5_ugui/ugui.o
                0x00010034                _font_12x20
 .progmemx.data._font_12x16
                0x00012834     0x2000 5_ugui/ugui.o
                0x00012834                _font_12x16
 .progmemx.data.__fc.7763
                0x00014834       0x1a gui.o
 .progmemx.data.__fc.7761
                0x0001484e       0x2c gui.o
 .progmemx.data.__fc.7758
                0x0001487a       0x28 gui.o
 .progmemx.data.__fc.7755
                0x000148a2       0x2a gui.o
 .progmemx.data.__fc.7752
                0x000148cc       0x29 gui.o
 .progmemx.data.__fc.7749
                0x000148f5       0x27 gui.o
 .progmemx.data.__fc.7746
                0x0001491c       0x27 gui.o
 .progmemx.data.__fc.7743
                0x00014943       0x26 gui.o
 .progmemx.data.__fc.7739
                0x00014969       0x26 gui.o
 .progmemx.data.__fc.8065
                0x0001498f       0x3f main.o
 .progmemx.data.__fc.8063
                0x000149ce       0x2d main.o
 .progmemx.data.__fc.8059
                0x000149fb       0x32 main.o
 .progmemx.data.__fc.8056
                0x00014a2d       0x32 main.o
 .progmemx.data.__fc.8053
                0x00014a5f       0x32 main.o
 .progmemx.data.__fc.7944
                0x00014a91       0x2b main.o
 .progmemx.data.__fc.7933
                0x00014abc       0x32 main.o
 .progmemx.data.__fc.8035
                0x00014aee       0x3f main.o
 .progmemx.data.__fc.8033
                0x00014b2d       0x2e main.o
 .progmemx.data.__c.8027
                0x00014b5b       0x20 main.o
 .progmemx.data.__c.8029
                0x00014b7b       0x4c main.o
 .progmemx.data.__fc.8020
                0x00014bc7       0x48 main.o
 .progmemx.data.__fc.8018
                0x00014c0f       0x4e main.o
 .progmemx.data.__fc.8016
                0x00014c5d       0x48 main.o
 .progmemx.data.__c.8010
                0x00014ca5       0x1f main.o
 .progmemx.data.__c.8012
                0x00014cc4       0x4b main.o
 .progmemx.data.__fc.8003
                0x00014d0f       0x28 main.o
 .progmemx.data.__fc.8001
                0x00014d37       0x24 main.o
 .progmemx.data.__fc.7999
                0x00014d5b       0x3d main.o
 .progmemx.data.__c.7993
                0x00014d98       0x1f main.o
 .progmemx.data.__c.7995
                0x00014db7       0x4b main.o
 .progmemx.data.__fc.7986
                0x00014e02       0x4a main.o
 .progmemx.data.__fc.7984
                0x00014e4c       0x4a main.o
 .progmemx.data.__fc.7981
                0x00014e96       0x22 main.o
 .progmemx.data.__fc.7904
                0x00014eb8       0x2f main.o
 .progmemx.data.__fc.7902
                0x00014ee7       0x2e main.o
 .progmemx.data.__fc.7900
                0x00014f15       0x3f main.o
 .progmemx.data.__fc.7898
                0x00014f54       0x28 main.o
 .progmemx.data.__fc.7895
                0x00014f7c       0x38 main.o
 .progmemx.data.__fc.7893
                0x00014fb4       0x49 main.o
 .progmemx.data.__fc.7891
                0x00014ffd       0x3c main.o
 .progmemx.data.__fc.7889
                0x00015039       0x3e main.o
 .progmemx.data.__fc.7887
                0x00015077       0x26 main.o
 .progmemx.data.__fc.7884
                0x0001509d       0x33 main.o
 .progmemx.data.__fc.7882
                0x000150d0       0x44 main.o
 .progmemx.data.__fc.7880
                0x00015114       0x2b main.o
 .progmemx.data.__fc.7877
                0x0001513f       0x33 main.o
 .progmemx.data.__fc.7875
                0x00015172       0x38 main.o
 .progmemx.data.__fc.7873
                0x000151aa       0x2b main.o
 .progmemx.data.__fc.7870
                0x000151d5       0x33 main.o
 .progmemx.data.__fc.7868
                0x00015208       0x2c main.o
 .progmemx.data.__fc.7866
                0x00015234       0x2b main.o
 .progmemx.data.__fc.7862
                0x0001525f       0x31 main.o
 .progmemx.data.__fc.7860
                0x00015290       0x39 main.o
 .progmemx.data.__fc.7844
                0x000152c9       0x3f main.o
 .progmemx.data.__fc.7842
                0x00015308       0x32 main.o
 .progmemx.data.__fc.7839
                0x0001533a       0x3e main.o
 .progmemx.data.__fc.7836
                0x00015378       0x41 main.o
 .progmemx.data.__c.7832
                0x000153b9       0x1f main.o
 .progmemx.data.__c.7834
                0x000153d8       0x5f main.o
 .progmemx.data.__fc.7828
                0x00015437       0x3b main.o
 .progmemx.data.__fc.7822
                0x00015472       0x3e main.o
 .progmemx.data.__fc.7820
                0x000154b0       0x38 main.o
 .progmemx.data.__c.7814
                0x000154e8       0x13 main.o
 .progmemx.data.__c.7816
                0x000154fb       0xd5 main.o
 .progmemx.data.__c.7809
                0x000155d0       0x13 main.o
 .progmemx.data.__c.7811
                0x000155e3       0xae main.o
 .progmemx.data.__c.7804
                0x00015691       0x13 main.o
 .progmemx.data.__c.7806
                0x000156a4       0xe2 main.o
 .progmemx.data.__c.7799
                0x00015786       0x13 main.o
 .progmemx.data.__c.7801
                0x00015799       0xe3 main.o
 .progmemx.data.__c.7794
                0x0001587c       0x13 main.o
 .progmemx.data.__c.7796
                0x0001588f       0xe5 main.o
 .progmemx.data.__c.7789
                0x00015974       0x13 main.o
 .progmemx.data.__c.7791
                0x00015987       0xe5 main.o
 .progmemx.data.__c.7783
                0x00015a6c       0x13 main.o
 .progmemx.data.__c.7785
                0x00015a7f       0xe9 main.o
 .progmemx.data.__fc.7780
                0x00015b68       0x3e main.o
 .progmemx.data
                0x00015ba6       0x3b c:/program files (x86)/atmel/studio/7.0/toolchain/avr8/avr8-gnu-toolchain/bin/../lib/gcc/avr/5.4.0/../../../../avr/lib/avrxmega6\libc.a(asctime_r.o)
                0x00015ba6                ascdays
                0x00015bbc                ascmonths
                0x00015be2                . = ALIGN (0x2)
 *fill*         0x00015be1        0x1 
 *(.jumptables)
 *(.jumptables*)
 *(.lowtext)
 *(.lowtext*)
                0x00015be2                __ctors_start = .
 *(.ctors)
                0x00015be2                __ctors_end = .
                0x00015be2                __dtors_start = .
 *(.dtors)
                0x00015be2                __dtors_end = .
 SORT(*)(.ctors)
 SORT(*)(.dtors)
 *(.init0)
 .init0         0x00015be2        0x0 C:/Program Files (x86)/Atmel/Studio/7.0/Packs/Atmel/XMEGAC_DFP/1.2.112/gcc/dev/atxmega384c3/avrxmega6/crtatxmega384c3.o
                0x00015be2                __init
 *(.init0)
 *(.init1)
 *(.init1)
 *(.init2)
 .init2         0x00015be2       0x10 C:/Program Files (x86)/Atmel/Studio/7.0/Packs/Atmel/XMEGAC_DFP/1.2.112/gcc/dev/atxmega384c3/avrxmega6/crtatxmega384c3.o
 *(.init2)
 *(.init3)
 .init3         0x00015bf2       0x10 2_midlevel/mem-check.o
 *(.init3)
 *(.init4)
 .init4         0x00015c02       0x1a c:/program files (x86)/atmel/studio/7.0/toolchain/avr8/avr8-gnu-toolchain/bin/../lib/gcc/avr/5.4.0/avrxmega6\libgcc.a(_copy_data.o)
                0x00015c02                __do_copy_data
 .init4         0x00015c1c       0x10 c:/program files (x86)/atmel/studio/7.0/toolchain/avr8/avr8-gnu-toolchain/bin/../lib/gcc/avr/5.4.0/avrxmega6\libgcc.a(_clear_bss.o)
                0x00015c1c                __do_clear_bss
 *(.init4)
 *(.init5)
 *(.init5)
 *(.init6)
 *(.init6)
 *(.init7)
 *(.init7)
 *(.init8)
 *(.init8)
 *(.init9)
 .init9         0x00015c2c        0x8 C:/Program Files (x86)/Atmel/Studio/7.0/Packs/Atmel/XMEGAC_DFP/1.2.112/gcc/dev/atxmega384c3/avrxmega6/crtatxmega384c3.o
 *(.init9)
 *(.text)
 .text          0x00015c34        0x4 C:/Program Files (x86)/Atmel/Studio/7.0/Packs/Atmel/XMEGAC_DFP/1.2.112/gcc/dev/atxmega384c3/avrxmega6/crtatxmega384c3.o
                0x00015c34                __vector_38
                0x00015c34                __vector_104
                0x00015c34                __vector_22
                0x00015c34                __vector_63
                0x00015c34                __vector_28
                0x00015c34                __vector_67
                0x00015c34                __vector_1
                0x00015c34                __vector_119
                0x00015c34                __vector_32
                0x00015c34                __vector_75
                0x00015c34                __vector_71
                0x00015c34                __vector_91
                0x00015c34                __vector_34
                0x00015c34                __vector_62
                0x00015c34                __vector_77
                0x00015c34                __vector_102
                0x00015c34                __vector_24
                0x00015c34                __vector_12
                0x00015c34                __vector_55
                0x00015c34                __vector_69
                0x00015c34                __vector_81
                0x00015c34                __vector_90
                0x00015c34                __bad_interrupt
                0x00015c34                __vector_122
                0x00015c34                __vector_72
                0x00015c34                __vector_114
                0x00015c34                __vector_6
                0x00015c34                __vector_110
                0x00015c34                __vector_31
                0x00015c34                __vector_92
                0x00015c34                __vector_35
                0x00015c34                __vector_78
                0x00015c34                __vector_74
                0x00015c34                __vector_117
                0x00015c34                __vector_39
                0x00015c34                __vector_107
                0x00015c34                __vector_3
                0x00015c34                __vector_105
                0x00015c34                __vector_98
                0x00015c34                __vector_23
                0x00015c34                __vector_68
                0x00015c34                __vector_30
                0x00015c34                __vector_73
                0x00015c34                __vector_45
                0x00015c34                __vector_25
                0x00015c34                __vector_93
                0x00015c34                __vector_61
                0x00015c34                __vector_11
                0x00015c34                __vector_54
                0x00015c34                __vector_99
                0x00015c34                __vector_13
                0x00015c34                __vector_17
                0x00015c34                __vector_19
                0x00015c34                __vector_56
                0x00015c34                __vector_7
                0x00015c34                __vector_125
                0x00015c34                __vector_49
                0x00015c34                __vector_123
                0x00015c34                __vector_41
                0x00015c34                __vector_86
                0x00015c34                __vector_100
                0x00015c34                __vector_101
                0x00015c34                __vector_64
                0x00015c34                __vector_88
                0x00015c34                __vector_109
                0x00015c34                __vector_27
                0x00015c34                __vector_5
                0x00015c34                __vector_113
                0x00015c34                __vector_33
                0x00015c34                __vector_76
                0x00015c34                __vector_115
                0x00015c34                __vector_52
                0x00015c34                __vector_37
                0x00015c34                __vector_95
                0x00015c34                __vector_103
                0x00015c34                __vector_96
                0x00015c34                __vector_89
                0x00015c34                __vector_108
                0x00015c34                __vector_4
                0x00015c34                __vector_44
                0x00015c34                __vector_82
                0x00015c34                __vector_106
                0x00015c34                __vector_118
                0x00015c34                __vector_51
                0x00015c34                __vector_9
                0x00015c34                __vector_2
                0x00015c34                __vector_21
                0x00015c34                __vector_15
                0x00015c34                __vector_66
                0x00015c34                __vector_36
                0x00015c34                __vector_79
                0x00015c34                __vector_70
                0x00015c34                __vector_83
                0x00015c34                __vector_29
                0x00015c34                __vector_60
                0x00015c34                __vector_121
                0x00015c34                __vector_40
                0x00015c34                __vector_85
                0x00015c34                __vector_94
                0x00015c34                __vector_126
                0x00015c34                __vector_8
                0x00015c34                __vector_26
                0x00015c34                __vector_48
                0x00015c34                __vector_124
                0x00015c34                __vector_116
                0x00015c34                __vector_112
                0x00015c34                __vector_111
                0x00015c34                __vector_80
                0x00015c34                __vector_14
                0x00015c34                __vector_84
                0x00015c34                __vector_57
                0x00015c34                __vector_53
                0x00015c34                __vector_10
                0x00015c34                __vector_50
                0x00015c34                __vector_16
                0x00015c34                __vector_18
                0x00015c34                __vector_97
                0x00015c34                __vector_20
                0x00015c34                __vector_42
                0x00015c34                __vector_87
                0x00015c34                __vector_65
                0x00015c34                __vector_120
 .text          0x00015c38       0x16 c:/program files (x86)/atmel/studio/7.0/toolchain/avr8/avr8-gnu-toolchain/bin/../lib/gcc/avr/5.4.0/../../../../avr/lib/avrxmega6\libc.a(strcmp_PF.o)
                0x00015c38                strcmp_PF
 .text          0x00015c4e       0x10 c:/program files (x86)/atmel/studio/7.0/toolchain/avr8/avr8-gnu-toolchain/bin/../lib/gcc/avr/5.4.0/../../../../avr/lib/avrxmega6\libc.a(strcpy_PF.o)
                0x00015c4e                strcpy_PF
 .text          0x00015c5e       0x1e c:/program files (x86)/atmel/studio/7.0/toolchain/avr8/avr8-gnu-toolchain/bin/../lib/gcc/avr/5.4.0/../../../../avr/lib/avrxmega6\libc.a(strncmp_PF.o)
                0x00015c5e                strncmp_PF
 .text          0x00015c7c       0x20 c:/program files (x86)/atmel/studio/7.0/toolchain/avr8/avr8-gnu-toolchain/bin/../lib/gcc/avr/5.4.0/../../../../avr/lib/avrxmega6\libc.a(strncpy_PF.o)
                0x00015c7c                strncpy_PF
 .text          0x00015c9c       0x1a c:/program files (x86)/atmel/studio/7.0/toolchain/avr8/avr8-gnu-toolchain/bin/../lib/gcc/avr/5.4.0/../../../../avr/lib/avrxmega6\libc.a(strnlen_PF.o)
                0x00015c9c                strnlen_PF
 .text          0x00015cb6       0x3c c:/program files (x86)/atmel/studio/7.0/toolchain/avr8/avr8-gnu-toolchain/bin/../lib/gcc/avr/5.4.0/../../../../avr/lib/avrxmega6\libc.a(ctime.o)
                0x00015cb6                ctime
 .text          0x00015cf2        0xe c:/program files (x86)/atmel/studio/7.0/toolchain/avr8/avr8-gnu-toolchain/bin/../lib/gcc/avr/5.4.0/../../../../avr/lib/avrxmega6\libc.a(localtime.o)
                0x00015cf2                localtime
 .text          0x00015d00       0xa0 c:/program files (x86)/atmel/studio/7.0/toolchain/avr8/avr8-gnu-toolchain/bin/../lib/gcc/avr/5.4.0/../../../../avr/lib/avrxmega6\libc.a(localtime_r.o)
                0x00015d00                localtime_r
 .text          0x00015da0       0xce c:/program files (x86)/atmel/studio/7.0/toolchain/avr8/avr8-gnu-toolchain/bin/../lib/gcc/avr/5.4.0/../../../../avr/lib/avrxmega6\libc.a(mktime.o)
                0x00015da0                mktime
 .text          0x00015e6e        0xa c:/program files (x86)/atmel/studio/7.0/toolchain/avr8/avr8-gnu-toolchain/bin/../lib/gcc/avr/5.4.0/../../../../avr/lib/avrxmega6\libc.a(set_dst.o)
                0x00015e6e                set_dst
 .text          0x00015e78       0x18 c:/program files (x86)/atmel/studio/7.0/toolchain/avr8/avr8-gnu-toolchain/bin/../lib/gcc/avr/5.4.0/../../../../avr/lib/avrxmega6\libc.a(set_system_time.o)
                0x00015e78                set_system_time
 .text          0x00015e90       0x12 c:/program files (x86)/atmel/studio/7.0/toolchain/avr8/avr8-gnu-toolchain/bin/../lib/gcc/avr/5.4.0/../../../../avr/lib/avrxmega6\libc.a(set_zone.o)
                0x00015e90                set_zone
 .text          0x00015ea2       0x26 c:/program files (x86)/atmel/studio/7.0/toolchain/avr8/avr8-gnu-toolchain/bin/../lib/gcc/avr/5.4.0/../../../../avr/lib/avrxmega6\libc.a(time.o)
                0x00015ea2                time
 .text          0x00015ec8       0x38 c:/program files (x86)/atmel/studio/7.0/toolchain/avr8/avr8-gnu-toolchain/bin/../lib/gcc/avr/5.4.0/../../../../avr/lib/avrxmega6\libc.a(system_tick.o)
                0x00015ec8                system_tick
 .text          0x00015f00      0x106 c:/program files (x86)/atmel/studio/7.0/toolchain/avr8/avr8-gnu-toolchain/bin/../lib/gcc/avr/5.4.0/../../../../avr/lib/avrxmega6\libc.a(asctime_r.o)
                0x00015f00                asctime_r
 .text          0x00016006      0x1ac c:/program files (x86)/atmel/studio/7.0/toolchain/avr8/avr8-gnu-toolchain/bin/../lib/gcc/avr/5.4.0/../../../../avr/lib/avrxmega6\libc.a(gmtime_r.o)
                0x00016006                gmtime_r
 .text          0x000161b2      0x172 c:/program files (x86)/atmel/studio/7.0/toolchain/avr8/avr8-gnu-toolchain/bin/../lib/gcc/avr/5.4.0/../../../../avr/lib/avrxmega6\libc.a(mk_gmtime.o)
                0x000161b2                mk_gmtime
 .text          0x00016324       0x24 c:/program files (x86)/atmel/studio/7.0/toolchain/avr8/avr8-gnu-toolchain/bin/../lib/gcc/avr/5.4.0/../../../../avr/lib/avrxmega6\libc.a(print_lz.o)
                0x00016324                __print_lz
 .text          0x00016348       0x28 c:/program files (x86)/atmel/studio/7.0/toolchain/avr8/avr8-gnu-toolchain/bin/../lib/gcc/avr/5.4.0/../../../../avr/lib/avrxmega6\libc.a(isLeap.o)
                0x00016348                is_leap_year
                0x00016370                . = ALIGN (0x2)
 *(.text.*)
 .text.bus_enableMasterSignal
                0x00016370       0x14 1_highlevel/bus.o
                0x00016370                bus_enableMasterSignal
 .text.bus_disableMasterSignal
                0x00016384        0x8 1_highlevel/bus.o
                0x00016384                bus_disableMasterSignal
 .text.bus_AddressClear
                0x0001638c        0x8 1_highlevel/bus.o
                0x0001638c                bus_AddressClear
 .text.bus_AddressSet
                0x00016394       0x22 1_highlevel/bus.o
                0x00016394                bus_AddressSet
 .text.bus_clearReset
                0x000163b6        0x8 1_highlevel/bus.o
                0x000163b6                bus_clearReset
 .text.bus_setReset
                0x000163be        0x8 1_highlevel/bus.o
                0x000163be                bus_setReset
 .text._getMiso
                0x000163c6        0xe 1_highlevel/card_anin.o
 .text._voltageFormat
                0x000163d4      0x108 1_highlevel/card_anin.o
 .text.analogBoard_init
                0x000164dc      0x31a 1_highlevel/card_anin.o
                0x000164dc                analogBoard_init
 .text.anin_setDiffMux
                0x000167f6       0x54 1_highlevel/card_anin.o
                0x000167f6                anin_setDiffMux
 .text.anin_setADMux
                0x0001684a       0x6c 1_highlevel/card_anin.o
                0x0001684a                anin_setADMux
 .text.anin_adChangeAutoInit
                0x000168b6        0xa 1_highlevel/card_anin.o
                0x000168b6                anin_adChangeAutoInit
 .text.anin_adSample
                0x000168c0      0x1aa 1_highlevel/card_anin.o
                0x000168c0                anin_adSample
 .text.cli_cmd_anin
                0x00016a6a      0x4da 1_highlevel/card_anin.o
 .text._mcu_init
                0x00016f44       0xc6 1_highlevel/card_mcu.o
 .text._eu_dst  0x0001700a       0xa0 1_highlevel/card_mcu.o
 .text.ImageOpen
                0x000170aa       0x7c 1_highlevel/card_mcu.o
                0x000170aa                ImageOpen
 .text.ImageClose
                0x00017126       0x3c 1_highlevel/card_mcu.o
                0x00017126                ImageClose
 .text.ImageReadB
                0x00017162       0x26 1_highlevel/card_mcu.o
                0x00017162                ImageReadB
 .text.ImageSeek
                0x00017188        0x8 1_highlevel/card_mcu.o
                0x00017188                ImageSeek
 .text.ImagePrepare
                0x00017190      0x1ee 1_highlevel/card_mcu.o
                0x00017190                ImagePrepare
 .text.ImageWrite
                0x0001737e       0x54 1_highlevel/card_mcu.o
                0x0001737e                ImageWrite
 .text.cli_cmd_pif
                0x000173d2       0xd0 1_highlevel/card_mcu.o
 .text.gsh_putc
                0x000174a2       0x16 1_highlevel/card_mcu.o
 .text.fm_sendByte
                0x000174b8       0x16 1_highlevel/card_mcu.o
 .text.fm_flushRx
                0x000174ce       0x26 1_highlevel/card_mcu.o
 .text.fm_recByte
                0x000174f4       0x8c 1_highlevel/card_mcu.o
 .text._dispInit
                0x00017580       0xca 1_highlevel/card_mcu.o
 .text._initInternalPortExpander
                0x0001764a      0x146 1_highlevel/card_mcu.o
 .text._initRTC
                0x00017790      0x2fa 1_highlevel/card_mcu.o
 .text._initTouch
                0x00017a8a      0x10c 1_highlevel/card_mcu.o
 .text._initDispFlash
                0x00017b96       0xe4 1_highlevel/card_mcu.o
 .text._initMemFS
                0x00017c7a      0x3d4 1_highlevel/card_mcu.o
 .text.mcu_processShell
                0x0001804e       0x1e 1_highlevel/card_mcu.o
                0x0001804e                mcu_processShell
 .text.__vector_58
                0x0001806c       0x5c 1_highlevel/card_mcu.o
                0x0001806c                __vector_58
 .text.__vector_59
                0x000180c8       0x5c 1_highlevel/card_mcu.o
                0x000180c8                __vector_59
 .text.__vector_46
                0x00018124       0x5a 1_highlevel/card_mcu.o
                0x00018124                __vector_46
 .text.__vector_43
                0x0001817e       0x56 1_highlevel/card_mcu.o
                0x0001817e                __vector_43
 .text.get_fattime
                0x000181d4      0x11c 1_highlevel/card_mcu.o
                0x000181d4                get_fattime
 .text.initPIF  0x000182f0       0x76 1_highlevel/card_mcu.o
                0x000182f0                initPIF
 .text.mcuboard_init
                0x00018366      0x44a 1_highlevel/card_mcu.o
                0x00018366                mcuboard_init
 .text._getMiso
                0x000187b0        0xe 1_highlevel/card_pmux.o
 .text._pmux_autorange
                0x000187be       0xac 1_highlevel/card_pmux.o
 .text._voltageFormat
                0x0001886a      0x108 1_highlevel/card_pmux.o
 .text._pmux_getVoltages
                0x00018972       0x98 1_highlevel/card_pmux.o
                0x00018972                _pmux_getVoltages
 .text.pmuxBoard_init
                0x00018a0a      0x476 1_highlevel/card_pmux.o
                0x00018a0a                pmuxBoard_init
 .text.pmux_enablePower
                0x00018e80       0x56 1_highlevel/card_pmux.o
                0x00018e80                pmux_enablePower
 .text.pmux_disablePower
                0x00018ed6       0x3a 1_highlevel/card_pmux.o
                0x00018ed6                pmux_disablePower
 .text.pmux_setPowerMux
                0x00018f10       0xba 1_highlevel/card_pmux.o
                0x00018f10                pmux_setPowerMux
 .text.pmux_clearMux
                0x00018fca       0x82 1_highlevel/card_pmux.o
                0x00018fca                pmux_clearMux
 .text.cli_cmd_pmux
                0x0001904c      0x61e 1_highlevel/card_pmux.o
 .text.pmux_curSample
                0x0001966a      0x1b8 1_highlevel/card_pmux.o
                0x0001966a                pmux_curSample
 .text._getPSU_Miso
                0x00019822        0xe 1_highlevel/card_psu.o
 .text._psu_portExInit
                0x00019830      0x13c 1_highlevel/card_psu.o
 .text._psu36VIOinit
                0x0001996c      0x832 1_highlevel/card_psu.o
 .text._psuADCInit
                0x0001a19e      0x11c 1_highlevel/card_psu.o
 .text.psuboard_init
                0x0001a2ba      0x24a 1_highlevel/card_psu.o
                0x0001a2ba                psuboard_init
 .text.psu_getExtIOFault
                0x0001a504       0x68 1_highlevel/card_psu.o
                0x0001a504                psu_getExtIOFault
 .text.psu_check36VSupply
                0x0001a56c       0x4c 1_highlevel/card_psu.o
                0x0001a56c                psu_check36VSupply
 .text.psu_read36VInput
                0x0001a5b8       0x50 1_highlevel/card_psu.o
                0x0001a5b8                psu_read36VInput
 .text.psu_read36VOutput
                0x0001a608       0x46 1_highlevel/card_psu.o
                0x0001a608                psu_read36VOutput
 .text.psu_set36VOutPin
                0x0001a64e       0xe0 1_highlevel/card_psu.o
                0x0001a64e                psu_set36VOutPin
 .text.psu_getFuseInfo
                0x0001a72e      0x1b8 1_highlevel/card_psu.o
                0x0001a72e                psu_getFuseInfo
 .text.psu_controlFuse
                0x0001a8e6       0x7e 1_highlevel/card_psu.o
                0x0001a8e6                psu_controlFuse
 .text.cli_cmd_psu
                0x0001a964      0xe50 1_highlevel/card_psu.o
 .text.runConsole
                0x0001b7b4       0x1e 1_highlevel/setup.o
                0x0001b7b4                runConsole
 .text.cli_cmd_info
                0x0001b7d2       0x20 1_highlevel/shell_cmd.o
                0x0001b7d2                cli_cmd_info
 .text.ret_fatfs_result
                0x0001b7f2       0x26 1_highlevel/shell_cmd.o
 .text.cli_cmd_restart
                0x0001b818       0x16 1_highlevel/shell_cmd.o
                0x0001b818                cli_cmd_restart
 .text.scan_files
                0x0001b82e      0x102 1_highlevel/shell_cmd.o
 .text.dump_line
                0x0001b930       0xb4 1_highlevel/shell_cmd.o
 .text.cli_cmd_fatfs
                0x0001b9e4     0x10c2 1_highlevel/shell_cmd.o
                0x0001b9e4                cli_cmd_fatfs
 .text.cli_cmd_rtc
                0x0001caa6      0x154 1_highlevel/shell_cmd.o
                0x0001caa6                cli_cmd_rtc
 .text.cli_cmd_display
                0x0001cbfa      0x31c 1_highlevel/shell_cmd.o
 .text.cli_cmd_bmp
                0x0001cf16      0x188 1_highlevel/shell_cmd.o
 .text.cli_cmd_rx
                0x0001d09e      0x23a 1_highlevel/shell_cmd.o
 .text.cli_cmd_mem
                0x0001d2d8       0x24 1_highlevel/shell_cmd.o
 .text.bc_handleChar
                0x0001d2fc      0x13a 2_midlevel/bootcmd.o
 .text.bc_printChars
                0x0001d436       0x72 2_midlevel/bootcmd.o
 .text.bc_printChar
                0x0001d4a8       0x1a 2_midlevel/bootcmd.o
 .text.bc_printLevel
                0x0001d4c2       0x78 2_midlevel/bootcmd.o
 .text.bc_init  0x0001d53a       0x4e 2_midlevel/bootcmd.o
                0x0001d53a                bc_init
 .text.bc_setActive
                0x0001d588        0xc 2_midlevel/bootcmd.o
                0x0001d588                bc_setActive
 .text.bc_print_flash
                0x0001d594       0x70 2_midlevel/bootcmd.o
                0x0001d594                bc_print_flash
 .text.bc_log_flash
                0x0001d604       0x82 2_midlevel/bootcmd.o
                0x0001d604                bc_log_flash
 .text.ld_word  0x0001d686       0x14 2_midlevel/ff.o
 .text.ld_dword
                0x0001d69a       0x36 2_midlevel/ff.o
 .text.st_word  0x0001d6d0        0x8 2_midlevel/ff.o
 .text.st_dword
                0x0001d6d8        0xc 2_midlevel/ff.o
 .text.mem_cpy  0x0001d6e4       0x1e 2_midlevel/ff.o
 .text.mem_set  0x0001d702       0x12 2_midlevel/ff.o
 .text.mem_cmp  0x0001d714       0x30 2_midlevel/ff.o
 .text.chk_chr  0x0001d744       0x1a 2_midlevel/ff.o
 .text.dbc_1st  0x0001d75e        0x6 2_midlevel/ff.o
 .text.dbc_2nd  0x0001d764        0x6 2_midlevel/ff.o
 .text.clst2sect
                0x0001d76a       0x5c 2_midlevel/ff.o
 .text.ld_clust
                0x0001d7c6       0x5a 2_midlevel/ff.o
 .text.st_clust
                0x0001d820       0x4a 2_midlevel/ff.o
 .text.get_fileinfo
                0x0001d86a       0xbc 2_midlevel/ff.o
 .text.create_name
                0x0001d926      0x1a6 2_midlevel/ff.o
 .text.get_ldnumber
                0x0001dacc       0x70 2_midlevel/ff.o
 .text.validate
                0x0001db3c       0x6a 2_midlevel/ff.o
 .text.sync_window
                0x0001dba6       0xb4 2_midlevel/ff.o
 .text.move_window
                0x0001dc5a       0x7c 2_midlevel/ff.o
 .text.check_fs
                0x0001dcd6       0xf4 2_midlevel/ff.o
 .text.find_volume
                0x0001ddca      0x102 2_midlevel/ff.o
 .text.mount_volume
                0x0001decc      0x4fa 2_midlevel/ff.o
 .text.put_fat  0x0001e3c6      0x252 2_midlevel/ff.o
 .text.get_fat  0x0001e618      0x1c4 2_midlevel/ff.o
 .text.dir_sdi  0x0001e7dc      0x1cc 2_midlevel/ff.o
 .text.create_chain
                0x0001e9a8      0x2a2 2_midlevel/ff.o
 .text.remove_chain
                0x0001ec4a      0x12a 2_midlevel/ff.o
 .text.dir_remove
                0x0001ed74       0x38 2_midlevel/ff.o
 .text.dir_clear
                0x0001edac       0xb2 2_midlevel/ff.o
 .text.dir_next
                0x0001ee5e      0x1f8 2_midlevel/ff.o
 .text.dir_find
                0x0001f056       0x80 2_midlevel/ff.o
 .text.follow_path
                0x0001f0d6       0xd4 2_midlevel/ff.o
 .text.dir_alloc
                0x0001f1aa       0x80 2_midlevel/ff.o
 .text.dir_register
                0x0001f22a       0x68 2_midlevel/ff.o
 .text.dir_read
                0x0001f292       0x94 2_midlevel/ff.o
 .text.sync_fs  0x0001f326       0xe2 2_midlevel/ff.o
 .text.create_partition
                0x0001f408      0x2b0 2_midlevel/ff.o
 .text.f_mount  0x0001f6b8       0x84 2_midlevel/ff.o
                0x0001f6b8                f_mount
 .text.f_open   0x0001f73c      0x384 2_midlevel/ff.o
                0x0001f73c                f_open
 .text.f_read   0x0001fac0      0x2fe 2_midlevel/ff.o
                0x0001fac0                f_read
 .text.f_write  0x0001fdbe      0x3dc 2_midlevel/ff.o
                0x0001fdbe                f_write
 .text.f_sync   0x0002019a      0x110 2_midlevel/ff.o
                0x0002019a                f_sync
 .text.f_close  0x000202aa       0x3e 2_midlevel/ff.o
                0x000202aa                f_close
 .text.f_lseek  0x000202e8      0x3d2 2_midlevel/ff.o
                0x000202e8                f_lseek
 .text.f_opendir
                0x000206ba       0xc2 2_midlevel/ff.o
                0x000206ba                f_opendir
 .text.f_readdir
                0x0002077c       0x82 2_midlevel/ff.o
                0x0002077c                f_readdir
 .text.f_getfree
                0x000207fe      0x1fc 2_midlevel/ff.o
                0x000207fe                f_getfree
 .text.f_truncate
                0x000209fa      0x174 2_midlevel/ff.o
                0x000209fa                f_truncate
 .text.f_unlink
                0x00020b6e      0x138 2_midlevel/ff.o
                0x00020b6e                f_unlink
 .text.f_mkdir  0x00020ca6      0x1c6 2_midlevel/ff.o
                0x00020ca6                f_mkdir
 .text.f_rename
                0x00020e6c      0x204 2_midlevel/ff.o
                0x00020e6c                f_rename
 .text.f_getlabel
                0x00021070      0x132 2_midlevel/ff.o
                0x00021070                f_getlabel
 .text.f_setlabel
                0x000211a2      0x23a 2_midlevel/ff.o
                0x000211a2                f_setlabel
 .text.f_mkfs   0x000213dc      0xcec 2_midlevel/ff.o
                0x000213dc                f_mkfs
 .text._crc16   0x000220c8       0x60 2_midlevel/file_modem/file_modem.o
 .text._checkPacket
                0x00022128       0x56 2_midlevel/file_modem/file_modem.o
 .text._receivePacket
                0x0002217e      0x1a4 2_midlevel/file_modem/file_modem.o
 .text.file_modem_init
                0x00022322       0x1a 2_midlevel/file_modem/file_modem.o
                0x00022322                file_modem_init
 .text.xmodem_receive
                0x0002233c      0x18c 2_midlevel/file_modem/file_modem.o
                0x0002233c                xmodem_receive
 .text.fc_init  0x000224c8       0x54 2_midlevel/flashcache.o
                0x000224c8                fc_init
 .text.fc_getFlash
                0x0002251c       0x32 2_midlevel/flashcache.o
                0x0002251c                fc_getFlash
 .text.fc_sync  0x0002254e       0x9c 2_midlevel/flashcache.o
                0x0002254e                fc_sync
 .text.fc_read  0x000225ea      0x1d8 2_midlevel/flashcache.o
                0x000225ea                fc_read
 .text.fc_write
                0x000227c2      0x160 2_midlevel/flashcache.o
                0x000227c2                fc_write
 .text.cache_syncBlocks
                0x00022922        0xa 2_midlevel/flashcache.o
                0x00022922                cache_syncBlocks
 .text.cache_writeBlocks
                0x0002292c       0x4e 2_midlevel/flashcache.o
                0x0002292c                cache_writeBlocks
 .text.cache_readBlocks
                0x0002297a       0x4e 2_midlevel/flashcache.o
                0x0002297a                cache_readBlocks
 .text.disk_status
                0x000229c8        0x4 2_midlevel/flashcache.o
                0x000229c8                disk_status
 .text.disk_initialize
                0x000229cc        0x4 2_midlevel/flashcache.o
                0x000229cc                disk_initialize
 .text.disk_read
                0x000229d0       0x18 2_midlevel/flashcache.o
                0x000229d0                disk_read
 .text.disk_write
                0x000229e8       0x18 2_midlevel/flashcache.o
                0x000229e8                disk_write
 .text.disk_ioctl
                0x00022a00       0x7e 2_midlevel/flashcache.o
                0x00022a00                disk_ioctl
 .text._gshellFindCmd
                0x00022a7e       0xb4 2_midlevel/gshell/gshell.o
 .text.gshell_register_cmd
                0x00022b32       0x3a 2_midlevel/gshell/gshell.o
                0x00022b32                gshell_register_cmd
 .text.gshell_putChar
                0x00022b6c       0x14 2_midlevel/gshell/gshell.o
                0x00022b6c                gshell_putChar
 .text._gshell_echo
                0x00022b80       0x34 2_midlevel/gshell/gshell.o
 .text.gshell_putString
                0x00022bb4       0x22 2_midlevel/gshell/gshell.o
                0x00022bb4                gshell_putString
 .text.gshell_putString_flash
                0x00022bd6       0x3e 2_midlevel/gshell/gshell.o
                0x00022bd6                gshell_putString_flash
 .text._gshell_process
                0x00022c14       0xd2 2_midlevel/gshell/gshell.o
                0x00022c14                _gshell_process
 .text.gshell_CharReceived
                0x00022ce6       0x7e 2_midlevel/gshell/gshell.o
                0x00022ce6                gshell_CharReceived
 .text.gshell_init
                0x00022d64       0x38 2_midlevel/gshell/gshell.o
                0x00022d64                gshell_init
 .text.gshell_setPromt
                0x00022d9c       0x2c 2_midlevel/gshell/gshell.o
                0x00022d9c                gshell_setPromt
 .text.gshell_cmd_help
                0x00022dc8      0x256 2_midlevel/gshell/gshell.o
                0x00022dc8                gshell_cmd_help
 .text.gshell_printf_flash
                0x0002301e       0x48 2_midlevel/gshell/gshell.o
                0x0002301e                gshell_printf_flash
 .text.gshell_log_flash
                0x00023066       0xd0 2_midlevel/gshell/gshell.o
                0x00023066                gshell_log_flash
 .text.get_mem_unused
                0x00023136       0x20 2_midlevel/mem-check.o
                0x00023136                get_mem_unused
 .text._read8   0x00023156       0x30 2_midlevel/pifdec/pifdec.o
                0x00023156                _read8
 .text._read16  0x00023186       0x3e 2_midlevel/pifdec/pifdec.o
                0x00023186                _read16
 .text._read24  0x000231c4       0x62 2_midlevel/pifdec/pifdec.o
                0x000231c4                _read24
 .text._read32  0x00023226       0x7a 2_midlevel/pifdec/pifdec.o
                0x00023226                _read32
 .text._processIndexed
                0x000232a0      0x2b4 2_midlevel/pifdec/pifdec.o
                0x000232a0                _processIndexed
 .text.pif_createPainter
                0x00023554       0x3e 2_midlevel/pifdec/pifdec.o
                0x00023554                pif_createPainter
 .text.pif_createIO
                0x00023592       0x3e 2_midlevel/pifdec/pifdec.o
                0x00023592                pif_createIO
 .text.pif_createPIFHandle
                0x000235d0        0xc 2_midlevel/pifdec/pifdec.o
                0x000235d0                pif_createPIFHandle
 .text.pif_open
                0x000235dc      0x28a 2_midlevel/pifdec/pifdec.o
                0x000235dc                pif_open
 .text.pif_display
                0x00023866      0x45c 2_midlevel/pifdec/pifdec.o
                0x00023866                pif_display
 .text.pif_close
                0x00023cc2       0x28 2_midlevel/pifdec/pifdec.o
                0x00023cc2                pif_close
 .text.pif_OpenAndDisplay
                0x00023cea       0x3c 2_midlevel/pifdec/pifdec.o
                0x00023cea                pif_OpenAndDisplay
 .text.encoderInit
                0x00023d26       0x48 2_midlevel/qdec.o
                0x00023d26                encoderInit
 .text.encoderScan
                0x00023d6e       0x7a 2_midlevel/qdec.o
                0x00023d6e                encoderScan
 .text.encoderProcess
                0x00023de8      0x31a 2_midlevel/qdec.o
                0x00023de8                encoderProcess
 .text.encoderHide
                0x00024102       0x96 2_midlevel/qdec.o
                0x00024102                encoderHide
 .text.RAHelper_prepareImgUpload
                0x00024198       0xa0 2_midlevel/RA8876Helper.o
                0x00024198                RAHelper_prepareImgUpload
 .text._ff_read8
                0x00024238       0x2c 2_midlevel/RA8876Helper.o
                0x00024238                _ff_read8
 .text._ff_read16
                0x00024264       0x38 2_midlevel/RA8876Helper.o
                0x00024264                _ff_read16
 .text._ff_read24
                0x0002429c       0x5e 2_midlevel/RA8876Helper.o
                0x0002429c                _ff_read24
 .text._ff_read32
                0x000242fa       0x72 2_midlevel/RA8876Helper.o
                0x000242fa                _ff_read32
 .text.RAHelper_loadBitmapFromFIL
                0x0002436c      0x474 2_midlevel/RA8876Helper.o
                0x0002436c                RAHelper_loadBitmapFromFIL
 .text.RAHelper_loadBitmapFromPath
                0x000247e0       0xe0 2_midlevel/RA8876Helper.o
                0x000247e0                RAHelper_loadBitmapFromPath
 .text.RAHelper_loadBinaryOnFlash
                0x000248c0      0x14c 2_midlevel/RA8876Helper.o
                0x000248c0                RAHelper_loadBinaryOnFlash
 .text.RAHelper_displayBitmapFromFlash
                0x00024a0c       0x7c 2_midlevel/RA8876Helper.o
                0x00024a0c                RAHelper_displayBitmapFromFlash
 .text.__vector_47
                0x00024a88       0x4a 3_lowlevel/gesiFramework.o
                0x00024a88                __vector_47
 .text.gf_millis
                0x00024ad2       0x18 3_lowlevel/gesiFramework.o
                0x00024ad2                gf_millis
 .text.gf_delay_ms
                0x00024aea       0x48 3_lowlevel/gesiFramework.o
                0x00024aea                gf_delay_ms
 .text.gf_init  0x00024b32       0x1e 3_lowlevel/gesiFramework.o
                0x00024b32                gf_init
 .text.gf_TimeCheck
                0x00024b50       0x3c 3_lowlevel/gesiFramework.o
                0x00024b50                gf_TimeCheck
 .text.hwSPI_init
                0x00024b8c        0x8 3_lowlevel/hwSPI.o
                0x00024b8c                hwSPI_init
 .text.hwSPI_setBitOrder
                0x00024b94       0x16 3_lowlevel/hwSPI.o
                0x00024b94                hwSPI_setBitOrder
 .text.hwSPI_setDataMode
                0x00024baa        0xc 3_lowlevel/hwSPI.o
                0x00024baa                hwSPI_setDataMode
 .text.hwSPI_setClockDivider
                0x00024bb6        0xc 3_lowlevel/hwSPI.o
                0x00024bb6                hwSPI_setClockDivider
 .text.hwSPI_transfer
                0x00024bc2        0xe 3_lowlevel/hwSPI.o
                0x00024bc2                hwSPI_transfer
 .text.hwSPI_InterfacePrepare
                0x00024bd0       0x54 3_lowlevel/hwSPI.o
                0x00024bd0                hwSPI_InterfacePrepare
 .text.hwSPI_InterfaceSendBytes
                0x00024c24       0x58 3_lowlevel/hwSPI.o
                0x00024c24                hwSPI_InterfaceSendBytes
 .text.hwSPI_InterfaceTransceiveBytes
                0x00024c7c       0x66 3_lowlevel/hwSPI.o
                0x00024c7c                hwSPI_InterfaceTransceiveBytes
 .text.hwSPI_InterfaceFinish
                0x00024ce2       0x22 3_lowlevel/hwSPI.o
                0x00024ce2                hwSPI_InterfaceFinish
 .text.TWI_MasterInit
                0x00024d04       0x22 3_lowlevel/twi_master_driver.o
                0x00024d04                TWI_MasterInit
 .text.TWI_MasterReady
                0x00024d26        0xa 3_lowlevel/twi_master_driver.o
                0x00024d26                TWI_MasterReady
 .text.TWI_MasterWriteRead
                0x00024d30       0xb2 3_lowlevel/twi_master_driver.o
                0x00024d30                TWI_MasterWriteRead
 .text.TWI_MasterWrite
                0x00024de2        0xc 3_lowlevel/twi_master_driver.o
                0x00024de2                TWI_MasterWrite
 .text.TWI_MasterRead
                0x00024dee       0x12 3_lowlevel/twi_master_driver.o
                0x00024dee                TWI_MasterRead
 .text.TWI_MasterArbitrationLostBusErrorHandler
                0x00024e00       0x30 3_lowlevel/twi_master_driver.o
                0x00024e00                TWI_MasterArbitrationLostBusErrorHandler
 .text.TWI_MasterTransactionFinished
                0x00024e30        0xe 3_lowlevel/twi_master_driver.o
                0x00024e30                TWI_MasterTransactionFinished
 .text.TWI_MasterWriteHandler
                0x00024e3e       0x78 3_lowlevel/twi_master_driver.o
                0x00024e3e                TWI_MasterWriteHandler
 .text.TWI_MasterReadHandler
                0x00024eb6       0x74 3_lowlevel/twi_master_driver.o
                0x00024eb6                TWI_MasterReadHandler
 .text.TWI_MasterInterruptHandler
                0x00024f2a       0x3c 3_lowlevel/twi_master_driver.o
                0x00024f2a                TWI_MasterInterruptHandler
 .text.TWI_InterfacePrepare